Java HotSpot(TM) 64-Bit Server VM (25.191-b12) for windows-amd64 JRE (1.8.0_191-b12), built on Oct  6 2018 09:29:03 by "java_re" with MS VC++ 10.0 (VS2010)
Memory: 4k page, physical 8295652k(2966664k free), swap 11884216k(6057444k free)
CommandLine flags: -XX:InitialHeapSize=536870912 -XX:MaxHeapSize=536870912 -XX:MaxNewSize=178958336 -XX:MaxTenuringThreshold=6 -XX:NewSize=178958336 -XX:OldPLABSize=16 -XX:OldSize=357912576 -XX:+PrintGC -XX:+PrintGCDateStamps -XX:+PrintGCDetails -XX:+PrintGCTimeStamps -XX:+UseCompressedClassPointers -XX:+UseCompressedOops -XX:+UseConcMarkSweepGC -XX:-UseLargePagesIndividualAllocation -XX:+UseParNewGC 
2021-01-20T22:01:26.861+0800: 0.182: [GC (Allocation Failure) 2021-01-20T22:01:26.861+0800: 0.182: [ParNew: 139776K->17470K(157248K), 0.0117647 secs] 139776K->41771K(506816K), 0.0120827 secs] [Times: user=0.05 sys=0.02, real=0.01 secs] 
2021-01-20T22:01:26.900+0800: 0.221: [GC (Allocation Failure) 2021-01-20T22:01:26.900+0800: 0.221: [ParNew: 157246K->17472K(157248K), 0.0164191 secs] 181547K->84066K(506816K), 0.0165160 secs] [Times: user=0.08 sys=0.05, real=0.02 secs] 
2021-01-20T22:01:26.942+0800: 0.264: [GC (Allocation Failure) 2021-01-20T22:01:26.942+0800: 0.264: [ParNew: 157248K->17472K(157248K), 0.0321747 secs] 223842K->130562K(506816K), 0.0322469 secs] [Times: user=0.20 sys=0.00, real=0.03 secs] 
2021-01-20T22:01:26.999+0800: 0.321: [GC (Allocation Failure) 2021-01-20T22:01:26.999+0800: 0.321: [ParNew: 157248K->17471K(157248K), 0.0305349 secs] 270338K->175186K(506816K), 0.0306153 secs] [Times: user=0.22 sys=0.02, real=0.03 secs] 
2021-01-20T22:01:27.054+0800: 0.375: [GC (Allocation Failure) 2021-01-20T22:01:27.054+0800: 0.375: [ParNew: 157247K->17471K(157248K), 0.0290158 secs] 314962K->217804K(506816K), 0.0290923 secs] [Times: user=0.19 sys=0.05, real=0.03 secs] 
2021-01-20T22:01:27.083+0800: 0.404: [GC (CMS Initial Mark) [1 CMS-initial-mark: 200332K(349568K)] 217948K(506816K), 0.0001790 secs] [Times: user=0.00 sys=0.00, real=0.00 secs] 
2021-01-20T22:01:27.083+0800: 0.405: [CMS-concurrent-mark-start]
2021-01-20T22:01:27.086+0800: 0.408: [CMS-concurrent-mark: 0.003/0.003 secs] [Times: user=0.00 sys=0.00, real=0.00 secs] 
2021-01-20T22:01:27.086+0800: 0.408: [CMS-concurrent-preclean-start]
2021-01-20T22:01:27.087+0800: 0.408: [CMS-concurrent-preclean: 0.001/0.001 secs] [Times: user=0.00 sys=0.00, real=0.00 secs] 
2021-01-20T22:01:27.087+0800: 0.408: [CMS-concurrent-abortable-preclean-start]
2021-01-20T22:01:27.107+0800: 0.429: [GC (Allocation Failure) 2021-01-20T22:01:27.107+0800: 0.429: [ParNew: 157247K->17470K(157248K), 0.0287441 secs] 357580K->257694K(506816K), 0.0288524 secs] [Times: user=0.11 sys=0.00, real=0.03 secs] 
2021-01-20T22:01:27.159+0800: 0.480: [GC (Allocation Failure) 2021-01-20T22:01:27.159+0800: 0.480: [ParNew: 157246K->17468K(157248K), 0.0295633 secs] 397470K->300514K(506816K), 0.0296379 secs] [Times: user=0.17 sys=0.05, real=0.03 secs] 
2021-01-20T22:01:27.211+0800: 0.532: [GC (Allocation Failure) 2021-01-20T22:01:27.211+0800: 0.532: [ParNew: 157244K->17471K(157248K), 0.0335683 secs] 440290K->347963K(506816K), 0.0336438 secs] [Times: user=0.20 sys=0.02, real=0.03 secs] 
2021-01-20T22:01:27.245+0800: 0.567: [CMS-concurrent-abortable-preclean: 0.004/0.158 secs] [Times: user=0.59 sys=0.06, real=0.16 secs] 
2021-01-20T22:01:27.245+0800: 0.567: [GC (CMS Final Remark) [YG occupancy: 27882 K (157248 K)]2021-01-20T22:01:27.245+0800: 0.567: [Rescan (parallel) , 0.0003215 secs]2021-01-20T22:01:27.245+0800: 0.567: [weak refs processing, 0.0000142 secs]2021-01-20T22:01:27.245+0800: 0.567: [class unloading, 0.0004220 secs]2021-01-20T22:01:27.246+0800: 0.568: [scrub symbol table, 0.0006382 secs]2021-01-20T22:01:27.247+0800: 0.568: [scrub string table, 0.0001264 secs][1 CMS-remark: 330492K(349568K)] 358374K(506816K), 0.0016264 secs] [Times: user=0.01 sys=0.00, real=0.00 secs] 
2021-01-20T22:01:27.247+0800: 0.569: [CMS-concurrent-sweep-start]
2021-01-20T22:01:27.248+0800: 0.569: [CMS-concurrent-sweep: 0.001/0.001 secs] [Times: user=0.00 sys=0.00, real=0.00 secs] 
2021-01-20T22:01:27.248+0800: 0.570: [CMS-concurrent-reset-start]
2021-01-20T22:01:27.249+0800: 0.570: [CMS-concurrent-reset: 0.001/0.001 secs] [Times: user=0.00 sys=0.00, real=0.00 secs] 
2021-01-20T22:01:27.272+0800: 0.593: [GC (Allocation Failure) 2021-01-20T22:01:27.272+0800: 0.594: [ParNew: 157247K->17468K(157248K), 0.0127142 secs] 449459K->347014K(506816K), 0.0128073 secs] [Times: user=0.13 sys=0.00, real=0.01 secs] 
2021-01-20T22:01:27.285+0800: 0.606: [GC (CMS Initial Mark) [1 CMS-initial-mark: 329545K(349568K)] 347158K(506816K), 0.0001727 secs] [Times: user=0.00 sys=0.00, real=0.00 secs] 
2021-01-20T22:01:27.285+0800: 0.607: [CMS-concurrent-mark-start]
2021-01-20T22:01:27.287+0800: 0.608: [CMS-concurrent-mark: 0.002/0.002 secs] [Times: user=0.00 sys=0.00, real=0.00 secs] 
2021-01-20T22:01:27.287+0800: 0.608: [CMS-concurrent-preclean-start]
2021-01-20T22:01:27.287+0800: 0.609: [CMS-concurrent-preclean: 0.001/0.001 secs] [Times: user=0.00 sys=0.00, real=0.00 secs] 
2021-01-20T22:01:27.287+0800: 0.609: [CMS-concurrent-abortable-preclean-start]
2021-01-20T22:01:27.287+0800: 0.609: [CMS-concurrent-abortable-preclean: 0.000/0.000 secs] [Times: user=0.00 sys=0.00, real=0.00 secs] 
2021-01-20T22:01:27.288+0800: 0.609: [GC (CMS Final Remark) [YG occupancy: 31609 K (157248 K)]2021-01-20T22:01:27.288+0800: 0.609: [Rescan (parallel) , 0.0003760 secs]2021-01-20T22:01:27.288+0800: 0.610: [weak refs processing, 0.0000132 secs]2021-01-20T22:01:27.288+0800: 0.610: [class unloading, 0.0002432 secs]2021-01-20T22:01:27.288+0800: 0.610: [scrub symbol table, 0.0002938 secs]2021-01-20T22:01:27.289+0800: 0.610: [scrub string table, 0.0000929 secs][1 CMS-remark: 329545K(349568K)] 361155K(506816K), 0.0011025 secs] [Times: user=0.00 sys=0.00, real=0.00 secs] 
2021-01-20T22:01:27.289+0800: 0.610: [CMS-concurrent-sweep-start]
2021-01-20T22:01:27.289+0800: 0.611: [CMS-concurrent-sweep: 0.001/0.001 secs] [Times: user=0.00 sys=0.00, real=0.00 secs] 
2021-01-20T22:01:27.289+0800: 0.611: [CMS-concurrent-reset-start]
2021-01-20T22:01:27.290+0800: 0.612: [CMS-concurrent-reset: 0.001/0.001 secs] [Times: user=0.00 sys=0.00, real=0.00 secs] 
2021-01-20T22:01:27.309+0800: 0.631: [GC (Allocation Failure) 2021-01-20T22:01:27.309+0800: 0.631: [ParNew: 157244K->17471K(157248K), 0.0176941 secs] 399427K->301979K(506816K), 0.0178045 secs] [Times: user=0.11 sys=0.00, real=0.02 secs] 
2021-01-20T22:01:27.327+0800: 0.649: [GC (CMS Initial Mark) [1 CMS-initial-mark: 284507K(349568K)] 302181K(506816K), 0.0001292 secs] [Times: user=0.00 sys=0.00, real=0.00 secs] 
2021-01-20T22:01:27.328+0800: 0.649: [CMS-concurrent-mark-start]
2021-01-20T22:01:27.330+0800: 0.651: [CMS-concurrent-mark: 0.002/0.002 secs] [Times: user=0.00 sys=0.00, real=0.00 secs] 
2021-01-20T22:01:27.330+0800: 0.652: [CMS-concurrent-preclean-start]
2021-01-20T22:01:27.331+0800: 0.653: [CMS-concurrent-preclean: 0.001/0.001 secs] [Times: user=0.00 sys=0.00, real=0.00 secs] 
2021-01-20T22:01:27.331+0800: 0.653: [CMS-concurrent-abortable-preclean-start]
2021-01-20T22:01:27.355+0800: 0.676: [GC (Allocation Failure) 2021-01-20T22:01:27.355+0800: 0.676: [ParNew: 157247K->17468K(157248K), 0.0158452 secs] 441755K->346702K(506816K), 0.0159234 secs] [Times: user=0.13 sys=0.00, real=0.02 secs] 
2021-01-20T22:01:27.372+0800: 0.693: [CMS-concurrent-abortable-preclean: 0.002/0.040 secs] [Times: user=0.17 sys=0.00, real=0.04 secs] 
2021-01-20T22:01:27.372+0800: 0.693: [GC (CMS Final Remark) [YG occupancy: 23731 K (157248 K)]2021-01-20T22:01:27.372+0800: 0.693: [Rescan (parallel) , 0.0003231 secs]2021-01-20T22:01:27.372+0800: 0.694: [weak refs processing, 0.0000133 secs]2021-01-20T22:01:27.372+0800: 0.694: [class unloading, 0.0002389 secs]2021-01-20T22:01:27.372+0800: 0.694: [scrub symbol table, 0.0004179 secs]2021-01-20T22:01:27.373+0800: 0.694: [scrub string table, 0.0000970 secs][1 CMS-remark: 329233K(349568K)] 352965K(506816K), 0.0011648 secs] [Times: user=0.00 sys=0.00, real=0.00 secs] 
2021-01-20T22:01:27.373+0800: 0.695: [CMS-concurrent-sweep-start]
2021-01-20T22:01:27.374+0800: 0.695: [CMS-concurrent-sweep: 0.001/0.001 secs] [Times: user=0.00 sys=0.00, real=0.00 secs] 
2021-01-20T22:01:27.374+0800: 0.696: [CMS-concurrent-reset-start]
2021-01-20T22:01:27.375+0800: 0.696: [CMS-concurrent-reset: 0.001/0.001 secs] [Times: user=0.00 sys=0.00, real=0.00 secs] 
2021-01-20T22:01:27.396+0800: 0.717: [GC (Allocation Failure) 2021-01-20T22:01:27.396+0800: 0.717: [ParNew: 157244K->17471K(157248K), 0.0220125 secs] 455479K->362445K(506816K), 0.0221098 secs] [Times: user=0.11 sys=0.00, real=0.02 secs] 
2021-01-20T22:01:27.418+0800: 0.739: [GC (CMS Initial Mark) [1 CMS-initial-mark: 344974K(349568K)] 362537K(506816K), 0.0001522 secs] [Times: user=0.00 sys=0.00, real=0.00 secs] 
2021-01-20T22:01:27.418+0800: 0.740: [CMS-concurrent-mark-start]
2021-01-20T22:01:27.421+0800: 0.742: [CMS-concurrent-mark: 0.002/0.002 secs] [Times: user=0.05 sys=0.00, real=0.00 secs] 
2021-01-20T22:01:27.421+0800: 0.742: [CMS-concurrent-preclean-start]
2021-01-20T22:01:27.421+0800: 0.743: [CMS-concurrent-preclean: 0.001/0.001 secs] [Times: user=0.00 sys=0.00, real=0.00 secs] 
2021-01-20T22:01:27.422+0800: 0.743: [CMS-concurrent-abortable-preclean-start]
2021-01-20T22:01:27.422+0800: 0.743: [CMS-concurrent-abortable-preclean: 0.000/0.000 secs] [Times: user=0.00 sys=0.00, real=0.00 secs] 
2021-01-20T22:01:27.422+0800: 0.743: [GC (CMS Final Remark) [YG occupancy: 34843 K (157248 K)]2021-01-20T22:01:27.422+0800: 0.743: [Rescan (parallel) , 0.0004641 secs]2021-01-20T22:01:27.422+0800: 0.744: [weak refs processing, 0.0000323 secs]2021-01-20T22:01:27.422+0800: 0.744: [class unloading, 0.0005201 secs]2021-01-20T22:01:27.423+0800: 0.744: [scrub symbol table, 0.0003410 secs]2021-01-20T22:01:27.423+0800: 0.745: [scrub string table, 0.0000976 secs][1 CMS-remark: 344974K(349568K)] 379817K(506816K), 0.0015684 secs] [Times: user=0.00 sys=0.00, real=0.00 secs] 
2021-01-20T22:01:27.424+0800: 0.745: [CMS-concurrent-sweep-start]
2021-01-20T22:01:27.424+0800: 0.746: [CMS-concurrent-sweep: 0.001/0.001 secs] [Times: user=0.00 sys=0.00, real=0.00 secs] 
2021-01-20T22:01:27.424+0800: 0.746: [CMS-concurrent-reset-start]
2021-01-20T22:01:27.425+0800: 0.746: [CMS-concurrent-reset: 0.001/0.001 secs] [Times: user=0.00 sys=0.00, real=0.00 secs] 
2021-01-20T22:01:27.442+0800: 0.763: [GC (Allocation Failure) 2021-01-20T22:01:27.442+0800: 0.763: [ParNew: 156929K->17470K(157248K), 0.0142650 secs] 433467K->339969K(506816K), 0.0143415 secs] [Times: user=0.11 sys=0.00, real=0.02 secs] 
2021-01-20T22:01:27.457+0800: 0.778: [GC (CMS Initial Mark) [1 CMS-initial-mark: 322498K(349568K)] 340360K(506816K), 0.0001216 secs] [Times: user=0.00 sys=0.00, real=0.00 secs] 
2021-01-20T22:01:27.457+0800: 0.778: [CMS-concurrent-mark-start]
2021-01-20T22:01:27.458+0800: 0.780: [CMS-concurrent-mark: 0.002/0.002 secs] [Times: user=0.00 sys=0.00, real=0.00 secs] 
2021-01-20T22:01:27.459+0800: 0.780: [CMS-concurrent-preclean-start]
2021-01-20T22:01:27.459+0800: 0.780: [CMS-concurrent-preclean: 0.000/0.000 secs] [Times: user=0.00 sys=0.00, real=0.00 secs] 
2021-01-20T22:01:27.459+0800: 0.780: [CMS-concurrent-abortable-preclean-start]
2021-01-20T22:01:27.459+0800: 0.780: [CMS-concurrent-abortable-preclean: 0.000/0.000 secs] [Times: user=0.00 sys=0.00, real=0.00 secs] 
2021-01-20T22:01:27.459+0800: 0.780: [GC (CMS Final Remark) [YG occupancy: 33508 K (157248 K)]2021-01-20T22:01:27.459+0800: 0.780: [Rescan (parallel) , 0.0003251 secs]2021-01-20T22:01:27.459+0800: 0.781: [weak refs processing, 0.0000122 secs]2021-01-20T22:01:27.459+0800: 0.781: [class unloading, 0.0002495 secs]2021-01-20T22:01:27.460+0800: 0.781: [scrub symbol table, 0.0003093 secs]2021-01-20T22:01:27.460+0800: 0.781: [scrub string table, 0.0000929 secs][1 CMS-remark: 322498K(349568K)] 356006K(506816K), 0.0010612 secs] [Times: user=0.00 sys=0.00, real=0.00 secs] 
2021-01-20T22:01:27.460+0800: 0.781: [CMS-concurrent-sweep-start]
2021-01-20T22:01:27.461+0800: 0.782: [CMS-concurrent-sweep: 0.001/0.001 secs] [Times: user=0.00 sys=0.00, real=0.00 secs] 
2021-01-20T22:01:27.461+0800: 0.782: [CMS-concurrent-reset-start]
2021-01-20T22:01:27.461+0800: 0.783: [CMS-concurrent-reset: 0.000/0.000 secs] [Times: user=0.00 sys=0.00, real=0.00 secs] 
2021-01-20T22:01:27.483+0800: 0.804: [GC (Allocation Failure) 2021-01-20T22:01:27.483+0800: 0.804: [ParNew: 157246K->17471K(157248K), 0.0125370 secs] 442262K->347350K(506816K), 0.0126551 secs] [Times: user=0.00 sys=0.00, real=0.01 secs] 
2021-01-20T22:01:27.496+0800: 0.817: [GC (CMS Initial Mark) [1 CMS-initial-mark: 329879K(349568K)] 347638K(506816K), 0.0001161 secs] [Times: user=0.00 sys=0.00, real=0.00 secs] 
2021-01-20T22:01:27.496+0800: 0.817: [CMS-concurrent-mark-start]
2021-01-20T22:01:27.499+0800: 0.820: [CMS-concurrent-mark: 0.003/0.003 secs] [Times: user=0.05 sys=0.00, real=0.00 secs] 
2021-01-20T22:01:27.499+0800: 0.820: [CMS-concurrent-preclean-start]
2021-01-20T22:01:27.500+0800: 0.821: [CMS-concurrent-preclean: 0.000/0.000 secs] [Times: user=0.00 sys=0.00, real=0.00 secs] 
2021-01-20T22:01:27.500+0800: 0.821: [CMS-concurrent-abortable-preclean-start]
2021-01-20T22:01:27.500+0800: 0.821: [CMS-concurrent-abortable-preclean: 0.000/0.000 secs] [Times: user=0.00 sys=0.00, real=0.00 secs] 
2021-01-20T22:01:27.500+0800: 0.821: [GC (CMS Final Remark) [YG occupancy: 35469 K (157248 K)]2021-01-20T22:01:27.500+0800: 0.821: [Rescan (parallel) , 0.0003232 secs]2021-01-20T22:01:27.500+0800: 0.821: [weak refs processing, 0.0000137 secs]2021-01-20T22:01:27.500+0800: 0.821: [class unloading, 0.0002977 secs]2021-01-20T22:01:27.501+0800: 0.822: [scrub symbol table, 0.0003290 secs]2021-01-20T22:01:27.501+0800: 0.822: [scrub string table, 0.0001082 secs][1 CMS-remark: 329879K(349568K)] 365348K(506816K), 0.0011541 secs] [Times: user=0.00 sys=0.00, real=0.00 secs] 
2021-01-20T22:01:27.501+0800: 0.822: [CMS-concurrent-sweep-start]
2021-01-20T22:01:27.502+0800: 0.823: [CMS-concurrent-sweep: 0.001/0.001 secs] [Times: user=0.00 sys=0.00, real=0.00 secs] 
2021-01-20T22:01:27.502+0800: 0.823: [CMS-concurrent-reset-start]
2021-01-20T22:01:27.503+0800: 0.824: [CMS-concurrent-reset: 0.001/0.001 secs] [Times: user=0.00 sys=0.00, real=0.00 secs] 
2021-01-20T22:01:27.523+0800: 0.845: [GC (Allocation Failure) 2021-01-20T22:01:27.523+0800: 0.845: [ParNew: 157247K->17471K(157248K), 0.0137802 secs] 453368K->354271K(506816K), 0.0138665 secs] [Times: user=0.13 sys=0.00, real=0.01 secs] 
2021-01-20T22:01:27.537+0800: 0.859: [GC (CMS Initial Mark) [1 CMS-initial-mark: 336799K(349568K)] 355030K(506816K), 0.0001227 secs] [Times: user=0.00 sys=0.00, real=0.00 secs] 
2021-01-20T22:01:27.537+0800: 0.859: [CMS-concurrent-mark-start]
2021-01-20T22:01:27.539+0800: 0.861: [CMS-concurrent-mark: 0.002/0.002 secs] [Times: user=0.00 sys=0.00, real=0.00 secs] 
2021-01-20T22:01:27.539+0800: 0.861: [CMS-concurrent-preclean-start]
2021-01-20T22:01:27.540+0800: 0.862: [CMS-concurrent-preclean: 0.000/0.000 secs] [Times: user=0.00 sys=0.00, real=0.00 secs] 
2021-01-20T22:01:27.540+0800: 0.862: [CMS-concurrent-abortable-preclean-start]
2021-01-20T22:01:27.540+0800: 0.862: [CMS-concurrent-abortable-preclean: 0.000/0.000 secs] [Times: user=0.00 sys=0.00, real=0.00 secs] 
2021-01-20T22:01:27.540+0800: 0.862: [GC (CMS Final Remark) [YG occupancy: 34973 K (157248 K)]2021-01-20T22:01:27.540+0800: 0.862: [Rescan (parallel) , 0.0003225 secs]2021-01-20T22:01:27.540+0800: 0.862: [weak refs processing, 0.0000123 secs]2021-01-20T22:01:27.540+0800: 0.862: [class unloading, 0.0002071 secs]2021-01-20T22:01:27.541+0800: 0.862: [scrub symbol table, 0.0003226 secs]2021-01-20T22:01:27.541+0800: 0.863: [scrub string table, 0.0000940 secs][1 CMS-remark: 336799K(349568K)] 371772K(506816K), 0.0010274 secs] [Times: user=0.00 sys=0.00, real=0.00 secs] 
2021-01-20T22:01:27.541+0800: 0.863: [CMS-concurrent-sweep-start]
2021-01-20T22:01:27.542+0800: 0.864: [CMS-concurrent-sweep: 0.001/0.001 secs] [Times: user=0.00 sys=0.00, real=0.00 secs] 
2021-01-20T22:01:27.542+0800: 0.864: [CMS-concurrent-reset-start]
2021-01-20T22:01:27.542+0800: 0.864: [CMS-concurrent-reset: 0.000/0.000 secs] [Times: user=0.00 sys=0.00, real=0.00 secs] 
2021-01-20T22:01:27.566+0800: 0.887: [GC (Allocation Failure) 2021-01-20T22:01:27.566+0800: 0.887: [ParNew: 157247K->17472K(157248K), 0.0148475 secs] 459268K->360400K(506816K), 0.0149636 secs] [Times: user=0.11 sys=0.00, real=0.01 secs] 
2021-01-20T22:01:27.580+0800: 0.902: [GC (CMS Initial Mark) [1 CMS-initial-mark: 342928K(349568K)] 360681K(506816K), 0.0001633 secs] [Times: user=0.00 sys=0.00, real=0.00 secs] 
2021-01-20T22:01:27.581+0800: 0.903: [CMS-concurrent-mark-start]
2021-01-20T22:01:27.582+0800: 0.904: [CMS-concurrent-mark: 0.002/0.002 secs] [Times: user=0.00 sys=0.00, real=0.00 secs] 
2021-01-20T22:01:27.582+0800: 0.904: [CMS-concurrent-preclean-start]
2021-01-20T22:01:27.583+0800: 0.905: [CMS-concurrent-preclean: 0.000/0.000 secs] [Times: user=0.00 sys=0.00, real=0.00 secs] 
2021-01-20T22:01:27.583+0800: 0.905: [CMS-concurrent-abortable-preclean-start]
2021-01-20T22:01:27.583+0800: 0.905: [CMS-concurrent-abortable-preclean: 0.000/0.000 secs] [Times: user=0.00 sys=0.00, real=0.00 secs] 
2021-01-20T22:01:27.583+0800: 0.905: [GC (CMS Final Remark) [YG occupancy: 33349 K (157248 K)]2021-01-20T22:01:27.583+0800: 0.905: [Rescan (parallel) , 0.0003561 secs]2021-01-20T22:01:27.584+0800: 0.905: [weak refs processing, 0.0000133 secs]2021-01-20T22:01:27.584+0800: 0.905: [class unloading, 0.0002519 secs]2021-01-20T22:01:27.584+0800: 0.906: [scrub symbol table, 0.0002979 secs]2021-01-20T22:01:27.584+0800: 0.906: [scrub string table, 0.0000937 secs][1 CMS-remark: 342928K(349568K)] 376277K(506816K), 0.0010900 secs] [Times: user=0.00 sys=0.00, real=0.00 secs] 
2021-01-20T22:01:27.584+0800: 0.906: [CMS-concurrent-sweep-start]
2021-01-20T22:01:27.586+0800: 0.908: [CMS-concurrent-sweep: 0.002/0.002 secs] [Times: user=0.00 sys=0.00, real=0.00 secs] 
2021-01-20T22:01:27.586+0800: 0.908: [CMS-concurrent-reset-start]
2021-01-20T22:01:27.587+0800: 0.909: [CMS-concurrent-reset: 0.000/0.000 secs] [Times: user=0.00 sys=0.00, real=0.00 secs] 
2021-01-20T22:01:27.606+0800: 0.927: [GC (Allocation Failure) 2021-01-20T22:01:27.606+0800: 0.927: [ParNew: 157248K->17470K(157248K), 0.0159710 secs] 460149K->359808K(506816K), 0.0160869 secs] [Times: user=0.11 sys=0.00, real=0.02 secs] 
2021-01-20T22:01:27.622+0800: 0.944: [GC (CMS Initial Mark) [1 CMS-initial-mark: 342337K(349568K)] 359901K(506816K), 0.0001301 secs] [Times: user=0.00 sys=0.00, real=0.00 secs] 
2021-01-20T22:01:27.622+0800: 0.944: [CMS-concurrent-mark-start]
2021-01-20T22:01:27.625+0800: 0.946: [CMS-concurrent-mark: 0.002/0.002 secs] [Times: user=0.00 sys=0.00, real=0.00 secs] 
2021-01-20T22:01:27.625+0800: 0.946: [CMS-concurrent-preclean-start]
2021-01-20T22:01:27.625+0800: 0.947: [CMS-concurrent-preclean: 0.001/0.001 secs] [Times: user=0.00 sys=0.00, real=0.00 secs] 
2021-01-20T22:01:27.626+0800: 0.947: [CMS-concurrent-abortable-preclean-start]
2021-01-20T22:01:27.626+0800: 0.947: [CMS-concurrent-abortable-preclean: 0.000/0.000 secs] [Times: user=0.00 sys=0.00, real=0.00 secs] 
2021-01-20T22:01:27.626+0800: 0.947: [GC (CMS Final Remark) [YG occupancy: 33637 K (157248 K)]2021-01-20T22:01:27.626+0800: 0.947: [Rescan (parallel) , 0.0003975 secs]2021-01-20T22:01:27.626+0800: 0.948: [weak refs processing, 0.0000225 secs]2021-01-20T22:01:27.626+0800: 0.948: [class unloading, 0.0003140 secs]2021-01-20T22:01:27.627+0800: 0.948: [scrub symbol table, 0.0004714 secs]2021-01-20T22:01:27.627+0800: 0.949: [scrub string table, 0.0000962 secs][1 CMS-remark: 342337K(349568K)] 375975K(506816K), 0.0013921 secs] [Times: user=0.00 sys=0.00, real=0.00 secs] 
2021-01-20T22:01:27.627+0800: 0.949: [CMS-concurrent-sweep-start]
2021-01-20T22:01:27.628+0800: 0.950: [CMS-concurrent-sweep: 0.001/0.001 secs] [Times: user=0.00 sys=0.00, real=0.00 secs] 
2021-01-20T22:01:27.628+0800: 0.950: [CMS-concurrent-reset-start]
2021-01-20T22:01:27.629+0800: 0.951: [CMS-concurrent-reset: 0.001/0.001 secs] [Times: user=0.00 sys=0.00, real=0.00 secs] 
2021-01-20T22:01:27.650+0800: 0.971: [GC (Allocation Failure) 2021-01-20T22:01:27.650+0800: 0.971: [ParNew: 157246K->157246K(157248K), 0.0000208 secs]2021-01-20T22:01:27.650+0800: 0.971: [CMS: 309538K->336221K(349568K), 0.0814605 secs] 466785K->336221K(506816K), [Metaspace: 2621K->2621K(1056768K)], 0.0815799 secs] [Times: user=0.09 sys=0.00, real=0.08 secs] 
2021-01-20T22:01:27.732+0800: 1.053: [GC (CMS Initial Mark) [1 CMS-initial-mark: 336221K(349568K)] 339370K(506816K), 0.0006024 secs] [Times: user=0.00 sys=0.00, real=0.00 secs] 
2021-01-20T22:01:27.732+0800: 1.054: [CMS-concurrent-mark-start]
2021-01-20T22:01:27.734+0800: 1.056: [CMS-concurrent-mark: 0.002/0.002 secs] [Times: user=0.00 sys=0.00, real=0.00 secs] 
2021-01-20T22:01:27.734+0800: 1.056: [CMS-concurrent-preclean-start]
2021-01-20T22:01:27.735+0800: 1.056: [CMS-concurrent-preclean: 0.001/0.001 secs] [Times: user=0.00 sys=0.00, real=0.00 secs] 
2021-01-20T22:01:27.735+0800: 1.056: [CMS-concurrent-abortable-preclean-start]
2021-01-20T22:01:27.735+0800: 1.056: [CMS-concurrent-abortable-preclean: 0.000/0.000 secs] [Times: user=0.00 sys=0.00, real=0.00 secs] 
2021-01-20T22:01:27.735+0800: 1.057: [GC (CMS Final Remark) [YG occupancy: 17173 K (157248 K)]2021-01-20T22:01:27.735+0800: 1.057: [Rescan (parallel) , 0.0006539 secs]2021-01-20T22:01:27.736+0800: 1.057: [weak refs processing, 0.0000311 secs]2021-01-20T22:01:27.736+0800: 1.057: [class unloading, 0.0004925 secs]2021-01-20T22:01:27.736+0800: 1.058: [scrub symbol table, 0.0003007 secs]2021-01-20T22:01:27.737+0800: 1.058: [scrub string table, 0.0000933 secs][1 CMS-remark: 336221K(349568K)] 353395K(506816K), 0.0017566 secs] [Times: user=0.00 sys=0.00, real=0.00 secs] 
2021-01-20T22:01:27.737+0800: 1.059: [CMS-concurrent-sweep-start]
2021-01-20T22:01:27.737+0800: 1.059: [CMS-concurrent-sweep: 0.001/0.001 secs] [Times: user=0.00 sys=0.00, real=0.00 secs] 
2021-01-20T22:01:27.737+0800: 1.059: [CMS-concurrent-reset-start]
2021-01-20T22:01:27.738+0800: 1.060: [CMS-concurrent-reset: 0.001/0.001 secs] [Times: user=0.00 sys=0.00, real=0.00 secs] 
2021-01-20T22:01:27.758+0800: 1.079: [GC (Allocation Failure) 2021-01-20T22:01:27.758+0800: 1.079: [ParNew: 139776K->139776K(157248K), 0.0000218 secs]2021-01-20T22:01:27.758+0800: 1.079: [CMS: 336221K->334319K(349568K), 0.0798029 secs] 475997K->334319K(506816K), [Metaspace: 2621K->2621K(1056768K)], 0.0799174 secs] [Times: user=0.08 sys=0.00, real=0.08 secs] 
2021-01-20T22:01:27.838+0800: 1.160: [GC (CMS Initial Mark) [1 CMS-initial-mark: 334319K(349568K)] 337782K(506816K), 0.0007444 secs] [Times: user=0.00 sys=0.00, real=0.00 secs] 
2021-01-20T22:01:27.839+0800: 1.160: [CMS-concurrent-mark-start]
Heap
 par new generation   total 157248K, used 6259K [0x00000000e0000000, 0x00000000eaaa0000, 0x00000000eaaa0000)
  eden space 139776K,   4% used [0x00000000e0000000, 0x00000000e061cc00, 0x00000000e8880000)
  from space 17472K,   0% used [0x00000000e9990000, 0x00000000e9990000, 0x00000000eaaa0000)
  to   space 17472K,   0% used [0x00000000e8880000, 0x00000000e8880000, 0x00000000e9990000)
 concurrent mark-sweep generation total 349568K, used 334319K [0x00000000eaaa0000, 0x0000000100000000, 0x0000000100000000)
 Metaspace       used 2627K, capacity 4486K, committed 4864K, reserved 1056768K
  class space    used 290K, capacity 386K, committed 512K, reserved 1048576K
