Java HotSpot(TM) 64-Bit Server VM (25.191-b12) for windows-amd64 JRE (1.8.0_191-b12), built on Oct  6 2018 09:29:03 by "java_re" with MS VC++ 10.0 (VS2010)
Memory: 4k page, physical 8295652k(2953648k free), swap 11884216k(6050400k free)
CommandLine flags: -XX:InitialHeapSize=536870912 -XX:MaxHeapSize=536870912 -XX:+PrintGC -XX:+PrintGCDateStamps -XX:+PrintGCDetails -XX:+PrintGCTimeStamps -XX:+UseCompressedClassPointers -XX:+UseCompressedOops -XX:+UseG1GC -XX:-UseLargePagesIndividualAllocation 
2021-01-20T22:02:14.496+0800: 0.125: [GC pause (G1 Evacuation Pause) (young), 0.0032810 secs]
   [Parallel Time: 2.3 ms, GC Workers: 8]
      [GC Worker Start (ms): Min: 125.3, Avg: 125.4, Max: 125.4, Diff: 0.1]
      [Ext Root Scanning (ms): Min: 0.1, Avg: 0.2, Max: 0.3, Diff: 0.1, Sum: 1.2]
      [Update RS (ms): Min: 0.0, Avg: 0.0, Max: 0.0, Diff: 0.0, Sum: 0.0]
         [Processed Buffers: Min: 0, Avg: 0.0, Max: 0, Diff: 0, Sum: 0]
      [Scan RS (ms): Min: 0.0, Avg: 0.0, Max: 0.0, Diff: 0.0, Sum: 0.0]
      [Code Root Scanning (ms): Min: 0.0, Avg: 0.0, Max: 0.0, Diff: 0.0, Sum: 0.0]
      [Object Copy (ms): Min: 1.6, Avg: 1.8, Max: 2.0, Diff: 0.4, Sum: 14.2]
      [Termination (ms): Min: 0.0, Avg: 0.2, Max: 0.3, Diff: 0.3, Sum: 1.6]
         [Termination Attempts: Min: 1, Avg: 1.5, Max: 5, Diff: 4, Sum: 12]
      [GC Worker Other (ms): Min: 0.0, Avg: 0.0, Max: 0.0, Diff: 0.0, Sum: 0.2]
      [GC Worker Total (ms): Min: 2.1, Avg: 2.2, Max: 2.3, Diff: 0.1, Sum: 17.4]
      [GC Worker End (ms): Min: 127.6, Avg: 127.6, Max: 127.6, Diff: 0.0]
   [Code Root Fixup: 0.0 ms]
   [Code Root Purge: 0.0 ms]
   [Clear CT: 0.3 ms]
   [Other: 0.7 ms]
      [Choose CSet: 0.0 ms]
      [Ref Proc: 0.4 ms]
      [Ref Enq: 0.0 ms]
      [Redirty Cards: 0.1 ms]
      [Humongous Register: 0.0 ms]
      [Humongous Reclaim: 0.0 ms]
      [Free CSet: 0.0 ms]
   [Eden: 25.0M(25.0M)->0.0B(23.0M) Survivors: 0.0B->4096.0K Heap: 32.4M(512.0M)->12.3M(512.0M)]
 [Times: user=0.05 sys=0.08, real=0.00 secs] 
2021-01-20T22:02:14.506+0800: 0.136: [GC pause (G1 Evacuation Pause) (young), 0.0043218 secs]
   [Parallel Time: 2.8 ms, GC Workers: 8]
      [GC Worker Start (ms): Min: 135.6, Avg: 135.8, Max: 136.0, Diff: 0.4]
      [Ext Root Scanning (ms): Min: 0.0, Avg: 0.1, Max: 0.2, Diff: 0.2, Sum: 0.9]
      [Update RS (ms): Min: 0.0, Avg: 0.1, Max: 0.4, Diff: 0.4, Sum: 0.4]
         [Processed Buffers: Min: 0, Avg: 0.3, Max: 1, Diff: 1, Sum: 2]
      [Scan RS (ms): Min: 0.0, Avg: 0.0, Max: 0.0, Diff: 0.0, Sum: 0.1]
      [Code Root Scanning (ms): Min: 0.0, Avg: 0.0, Max: 0.0, Diff: 0.0, Sum: 0.0]
      [Object Copy (ms): Min: 1.7, Avg: 2.0, Max: 2.2, Diff: 0.5, Sum: 15.8]
      [Termination (ms): Min: 0.0, Avg: 0.2, Max: 0.4, Diff: 0.4, Sum: 1.6]
         [Termination Attempts: Min: 1, Avg: 1.0, Max: 1, Diff: 0, Sum: 8]
      [GC Worker Other (ms): Min: 0.0, Avg: 0.0, Max: 0.0, Diff: 0.0, Sum: 0.1]
      [GC Worker Total (ms): Min: 2.1, Avg: 2.4, Max: 2.5, Diff: 0.4, Sum: 18.9]
      [GC Worker End (ms): Min: 138.1, Avg: 138.1, Max: 138.1, Diff: 0.0]
   [Code Root Fixup: 0.0 ms]
   [Code Root Purge: 0.0 ms]
   [Clear CT: 0.9 ms]
   [Other: 0.6 ms]
      [Choose CSet: 0.0 ms]
      [Ref Proc: 0.2 ms]
      [Ref Enq: 0.0 ms]
      [Redirty Cards: 0.3 ms]
      [Humongous Register: 0.0 ms]
      [Humongous Reclaim: 0.0 ms]
      [Free CSet: 0.0 ms]
   [Eden: 23.0M(23.0M)->0.0B(35.0M) Survivors: 4096.0K->4096.0K Heap: 40.5M(512.0M)->20.3M(512.0M)]
 [Times: user=0.00 sys=0.00, real=0.00 secs] 
2021-01-20T22:02:14.532+0800: 0.162: [GC pause (G1 Evacuation Pause) (young), 0.0062740 secs]
   [Parallel Time: 4.4 ms, GC Workers: 8]
      [GC Worker Start (ms): Min: 161.8, Avg: 161.9, Max: 162.1, Diff: 0.3]
      [Ext Root Scanning (ms): Min: 0.0, Avg: 0.2, Max: 0.3, Diff: 0.3, Sum: 1.6]
      [Update RS (ms): Min: 0.2, Avg: 0.2, Max: 0.4, Diff: 0.3, Sum: 1.9]
         [Processed Buffers: Min: 1, Avg: 1.6, Max: 3, Diff: 2, Sum: 13]
      [Scan RS (ms): Min: 0.0, Avg: 0.0, Max: 0.0, Diff: 0.0, Sum: 0.0]
      [Code Root Scanning (ms): Min: 0.0, Avg: 0.0, Max: 0.0, Diff: 0.0, Sum: 0.0]
      [Object Copy (ms): Min: 3.2, Avg: 3.5, Max: 3.6, Diff: 0.4, Sum: 27.6]
      [Termination (ms): Min: 0.0, Avg: 0.1, Max: 0.1, Diff: 0.1, Sum: 0.7]
         [Termination Attempts: Min: 1, Avg: 1.0, Max: 1, Diff: 0, Sum: 8]
      [GC Worker Other (ms): Min: 0.0, Avg: 0.0, Max: 0.1, Diff: 0.0, Sum: 0.4]
      [GC Worker Total (ms): Min: 3.9, Avg: 4.0, Max: 4.2, Diff: 0.3, Sum: 32.2]
      [GC Worker End (ms): Min: 166.0, Avg: 166.0, Max: 166.0, Diff: 0.0]
   [Code Root Fixup: 0.0 ms]
   [Code Root Purge: 0.0 ms]
   [Clear CT: 0.7 ms]
   [Other: 1.2 ms]
      [Choose CSet: 0.0 ms]
      [Ref Proc: 0.5 ms]
      [Ref Enq: 0.0 ms]
      [Redirty Cards: 0.6 ms]
      [Humongous Register: 0.0 ms]
      [Humongous Reclaim: 0.0 ms]
      [Free CSet: 0.0 ms]
   [Eden: 35.0M(35.0M)->0.0B(60.0M) Survivors: 4096.0K->5120.0K Heap: 69.2M(512.0M)->39.5M(512.0M)]
 [Times: user=0.00 sys=0.00, real=0.01 secs] 
2021-01-20T22:02:14.566+0800: 0.195: [GC pause (G1 Evacuation Pause) (young), 0.0074688 secs]
   [Parallel Time: 5.7 ms, GC Workers: 8]
      [GC Worker Start (ms): Min: 195.5, Avg: 195.5, Max: 195.6, Diff: 0.1]
      [Ext Root Scanning (ms): Min: 0.1, Avg: 0.1, Max: 0.2, Diff: 0.1, Sum: 0.9]
      [Update RS (ms): Min: 0.5, Avg: 0.5, Max: 0.6, Diff: 0.2, Sum: 4.1]
         [Processed Buffers: Min: 7, Avg: 7.0, Max: 7, Diff: 0, Sum: 56]
      [Scan RS (ms): Min: 0.0, Avg: 0.0, Max: 0.0, Diff: 0.0, Sum: 0.0]
      [Code Root Scanning (ms): Min: 0.0, Avg: 0.0, Max: 0.0, Diff: 0.0, Sum: 0.0]
      [Object Copy (ms): Min: 4.5, Avg: 4.6, Max: 4.8, Diff: 0.3, Sum: 37.0]
      [Termination (ms): Min: 0.0, Avg: 0.2, Max: 0.3, Diff: 0.3, Sum: 1.2]
         [Termination Attempts: Min: 1, Avg: 1.0, Max: 1, Diff: 0, Sum: 8]
      [GC Worker Other (ms): Min: 0.0, Avg: 0.0, Max: 0.0, Diff: 0.0, Sum: 0.1]
      [GC Worker Total (ms): Min: 5.4, Avg: 5.4, Max: 5.5, Diff: 0.1, Sum: 43.4]
      [GC Worker End (ms): Min: 200.9, Avg: 200.9, Max: 201.0, Diff: 0.0]
   [Code Root Fixup: 0.0 ms]
   [Code Root Purge: 0.0 ms]
   [Clear CT: 0.7 ms]
   [Other: 1.0 ms]
      [Choose CSet: 0.0 ms]
      [Ref Proc: 0.3 ms]
      [Ref Enq: 0.0 ms]
      [Redirty Cards: 0.6 ms]
      [Humongous Register: 0.0 ms]
      [Humongous Reclaim: 0.0 ms]
      [Free CSet: 0.0 ms]
   [Eden: 60.0M(60.0M)->0.0B(190.0M) Survivors: 5120.0K->9216.0K Heap: 114.1M(512.0M)->66.8M(512.0M)]
 [Times: user=0.00 sys=0.00, real=0.01 secs] 
2021-01-20T22:02:14.673+0800: 0.303: [GC pause (G1 Evacuation Pause) (young), 0.0169033 secs]
   [Parallel Time: 14.8 ms, GC Workers: 8]
      [GC Worker Start (ms): Min: 303.1, Avg: 303.2, Max: 303.3, Diff: 0.2]
      [Ext Root Scanning (ms): Min: 0.0, Avg: 0.1, Max: 0.2, Diff: 0.2, Sum: 0.6]
      [Update RS (ms): Min: 0.1, Avg: 0.2, Max: 0.2, Diff: 0.1, Sum: 1.2]
         [Processed Buffers: Min: 1, Avg: 2.0, Max: 3, Diff: 2, Sum: 16]
      [Scan RS (ms): Min: 0.0, Avg: 0.0, Max: 0.0, Diff: 0.0, Sum: 0.2]
      [Code Root Scanning (ms): Min: 0.0, Avg: 0.0, Max: 0.0, Diff: 0.0, Sum: 0.0]
      [Object Copy (ms): Min: 13.7, Avg: 13.7, Max: 13.8, Diff: 0.1, Sum: 109.8]
      [Termination (ms): Min: 0.0, Avg: 0.1, Max: 0.1, Diff: 0.1, Sum: 0.6]
         [Termination Attempts: Min: 1, Avg: 1.8, Max: 3, Diff: 2, Sum: 14]
      [GC Worker Other (ms): Min: 0.0, Avg: 0.0, Max: 0.0, Diff: 0.0, Sum: 0.1]
      [GC Worker Total (ms): Min: 14.0, Avg: 14.1, Max: 14.2, Diff: 0.2, Sum: 112.6]
      [GC Worker End (ms): Min: 317.3, Avg: 317.3, Max: 317.3, Diff: 0.0]
   [Code Root Fixup: 0.0 ms]
   [Code Root Purge: 0.0 ms]
   [Clear CT: 0.7 ms]
   [Other: 1.4 ms]
      [Choose CSet: 0.0 ms]
      [Ref Proc: 0.5 ms]
      [Ref Enq: 0.0 ms]
      [Redirty Cards: 0.6 ms]
      [Humongous Register: 0.0 ms]
      [Humongous Reclaim: 0.1 ms]
      [Free CSet: 0.1 ms]
   [Eden: 184.0M(184.0M)->0.0B(78.0M) Survivors: 9216.0K->25.0M Heap: 304.2M(512.0M)->144.3M(512.0M)]
 [Times: user=0.00 sys=0.11, real=0.02 secs] 
2021-01-20T22:02:14.711+0800: 0.340: [GC pause (G1 Evacuation Pause) (young), 0.0101542 secs]
   [Parallel Time: 9.1 ms, GC Workers: 8]
      [GC Worker Start (ms): Min: 340.5, Avg: 340.6, Max: 340.6, Diff: 0.1]
      [Ext Root Scanning (ms): Min: 0.1, Avg: 0.1, Max: 0.2, Diff: 0.1, Sum: 1.1]
      [Update RS (ms): Min: 0.1, Avg: 0.1, Max: 0.4, Diff: 0.3, Sum: 1.2]
         [Processed Buffers: Min: 0, Avg: 1.6, Max: 2, Diff: 2, Sum: 13]
      [Scan RS (ms): Min: 0.0, Avg: 0.0, Max: 0.0, Diff: 0.0, Sum: 0.1]
      [Code Root Scanning (ms): Min: 0.0, Avg: 0.0, Max: 0.0, Diff: 0.0, Sum: 0.0]
      [Object Copy (ms): Min: 8.2, Avg: 8.6, Max: 8.7, Diff: 0.5, Sum: 68.5]
      [Termination (ms): Min: 0.0, Avg: 0.1, Max: 0.2, Diff: 0.2, Sum: 1.0]
         [Termination Attempts: Min: 1, Avg: 1.0, Max: 1, Diff: 0, Sum: 8]
      [GC Worker Other (ms): Min: 0.0, Avg: 0.0, Max: 0.0, Diff: 0.0, Sum: 0.1]
      [GC Worker Total (ms): Min: 9.0, Avg: 9.0, Max: 9.0, Diff: 0.1, Sum: 71.9]
      [GC Worker End (ms): Min: 349.5, Avg: 349.6, Max: 349.6, Diff: 0.0]
   [Code Root Fixup: 0.0 ms]
   [Code Root Purge: 0.0 ms]
   [Clear CT: 0.1 ms]
   [Other: 0.9 ms]
      [Choose CSet: 0.0 ms]
      [Ref Proc: 0.1 ms]
      [Ref Enq: 0.0 ms]
      [Redirty Cards: 0.1 ms]
      [Humongous Register: 0.2 ms]
      [Humongous Reclaim: 0.1 ms]
      [Free CSet: 0.1 ms]
   [Eden: 78.0M(78.0M)->0.0B(165.0M) Survivors: 25.0M->13.0M Heap: 249.4M(512.0M)->175.5M(512.0M)]
 [Times: user=0.05 sys=0.06, real=0.01 secs] 
2021-01-20T22:02:14.755+0800: 0.384: [GC pause (G1 Humongous Allocation) (young) (initial-mark), 0.0106342 secs]
   [Parallel Time: 9.2 ms, GC Workers: 8]
      [GC Worker Start (ms): Min: 384.7, Avg: 384.8, Max: 384.9, Diff: 0.2]
      [Ext Root Scanning (ms): Min: 0.0, Avg: 0.1, Max: 0.2, Diff: 0.2, Sum: 0.8]
      [Update RS (ms): Min: 0.1, Avg: 0.2, Max: 0.2, Diff: 0.1, Sum: 1.3]
         [Processed Buffers: Min: 0, Avg: 2.4, Max: 3, Diff: 3, Sum: 19]
      [Scan RS (ms): Min: 0.0, Avg: 0.0, Max: 0.0, Diff: 0.0, Sum: 0.1]
      [Code Root Scanning (ms): Min: 0.0, Avg: 0.0, Max: 0.0, Diff: 0.0, Sum: 0.0]
      [Object Copy (ms): Min: 8.2, Avg: 8.3, Max: 8.5, Diff: 0.4, Sum: 66.7]
      [Termination (ms): Min: 0.0, Avg: 0.2, Max: 0.4, Diff: 0.4, Sum: 1.8]
         [Termination Attempts: Min: 1, Avg: 1.0, Max: 1, Diff: 0, Sum: 8]
      [GC Worker Other (ms): Min: 0.0, Avg: 0.0, Max: 0.0, Diff: 0.0, Sum: 0.1]
      [GC Worker Total (ms): Min: 8.8, Avg: 8.9, Max: 9.0, Diff: 0.2, Sum: 70.8]
      [GC Worker End (ms): Min: 393.7, Avg: 393.7, Max: 393.7, Diff: 0.0]
   [Code Root Fixup: 0.0 ms]
   [Code Root Purge: 0.0 ms]
   [Clear CT: 0.1 ms]
   [Other: 1.3 ms]
      [Choose CSet: 0.0 ms]
      [Ref Proc: 0.2 ms]
      [Ref Enq: 0.0 ms]
      [Redirty Cards: 0.9 ms]
      [Humongous Register: 0.0 ms]
      [Humongous Reclaim: 0.0 ms]
      [Free CSet: 0.1 ms]
   [Eden: 112.0M(165.0M)->0.0B(159.0M) Survivors: 13.0M->23.0M Heap: 311.7M(512.0M)->214.3M(512.0M)]
 [Times: user=0.06 sys=0.06, real=0.01 secs] 
2021-01-20T22:02:14.766+0800: 0.395: [GC concurrent-root-region-scan-start]
2021-01-20T22:02:14.766+0800: 0.395: [GC concurrent-root-region-scan-end, 0.0001629 secs]
2021-01-20T22:02:14.766+0800: 0.395: [GC concurrent-mark-start]
2021-01-20T22:02:14.768+0800: 0.398: [GC concurrent-mark-end, 0.0020841 secs]
2021-01-20T22:02:14.768+0800: 0.398: [GC remark 2021-01-20T22:02:14.768+0800: 0.398: [Finalize Marking, 0.0002198 secs] 2021-01-20T22:02:14.769+0800: 0.398: [GC ref-proc, 0.0002444 secs] 2021-01-20T22:02:14.769+0800: 0.398: [Unloading, 0.0010693 secs], 0.0021245 secs]
 [Times: user=0.00 sys=0.00, real=0.00 secs] 
2021-01-20T22:02:14.771+0800: 0.400: [GC cleanup 220M->220M(512M), 0.0008422 secs]
 [Times: user=0.00 sys=0.00, real=0.00 secs] 
2021-01-20T22:02:14.822+0800: 0.452: [GC pause (G1 Evacuation Pause) (young) (to-space exhausted), 0.0079508 secs]
   [Parallel Time: 6.1 ms, GC Workers: 8]
      [GC Worker Start (ms): Min: 451.8, Avg: 451.9, Max: 452.0, Diff: 0.1]
      [Ext Root Scanning (ms): Min: 0.0, Avg: 0.1, Max: 0.2, Diff: 0.1, Sum: 0.8]
      [Update RS (ms): Min: 0.1, Avg: 0.2, Max: 0.8, Diff: 0.7, Sum: 1.7]
         [Processed Buffers: Min: 0, Avg: 1.9, Max: 3, Diff: 3, Sum: 15]
      [Scan RS (ms): Min: 0.0, Avg: 0.0, Max: 0.0, Diff: 0.0, Sum: 0.1]
      [Code Root Scanning (ms): Min: 0.0, Avg: 0.0, Max: 0.0, Diff: 0.0, Sum: 0.0]
      [Object Copy (ms): Min: 5.0, Avg: 5.5, Max: 5.7, Diff: 0.7, Sum: 44.2]
      [Termination (ms): Min: 0.0, Avg: 0.0, Max: 0.0, Diff: 0.0, Sum: 0.1]
         [Termination Attempts: Min: 1, Avg: 1.9, Max: 3, Diff: 2, Sum: 15]
      [GC Worker Other (ms): Min: 0.0, Avg: 0.0, Max: 0.0, Diff: 0.0, Sum: 0.1]
      [GC Worker Total (ms): Min: 5.8, Avg: 5.9, Max: 6.0, Diff: 0.1, Sum: 47.1]
      [GC Worker End (ms): Min: 457.8, Avg: 457.8, Max: 457.8, Diff: 0.0]
   [Code Root Fixup: 0.0 ms]
   [Code Root Purge: 0.0 ms]
   [Clear CT: 0.3 ms]
   [Other: 1.6 ms]
      [Evacuation Failure: 0.4 ms]
      [Choose CSet: 0.0 ms]
      [Ref Proc: 0.1 ms]
      [Ref Enq: 0.0 ms]
      [Redirty Cards: 0.7 ms]
      [Humongous Register: 0.1 ms]
      [Humongous Reclaim: 0.1 ms]
      [Free CSet: 0.1 ms]
   [Eden: 159.0M(159.0M)->0.0B(4096.0K) Survivors: 23.0M->23.0M Heap: 421.1M(512.0M)->353.1M(512.0M)]
 [Times: user=0.11 sys=0.02, real=0.01 secs] 
2021-01-20T22:02:14.831+0800: 0.461: [GC pause (G1 Evacuation Pause) (mixed), 0.0074767 secs]
   [Parallel Time: 5.9 ms, GC Workers: 8]
      [GC Worker Start (ms): Min: 460.8, Avg: 460.9, Max: 460.9, Diff: 0.1]
      [Ext Root Scanning (ms): Min: 0.0, Avg: 0.1, Max: 0.2, Diff: 0.1, Sum: 0.7]
      [Update RS (ms): Min: 0.1, Avg: 0.2, Max: 0.2, Diff: 0.1, Sum: 1.5]
         [Processed Buffers: Min: 1, Avg: 2.6, Max: 3, Diff: 2, Sum: 21]
      [Scan RS (ms): Min: 0.0, Avg: 0.0, Max: 0.0, Diff: 0.0, Sum: 0.1]
      [Code Root Scanning (ms): Min: 0.0, Avg: 0.0, Max: 0.0, Diff: 0.0, Sum: 0.0]
      [Object Copy (ms): Min: 5.1, Avg: 5.3, Max: 5.4, Diff: 0.3, Sum: 42.2]
      [Termination (ms): Min: 0.0, Avg: 0.1, Max: 0.3, Diff: 0.3, Sum: 0.9]
         [Termination Attempts: Min: 1, Avg: 1.0, Max: 1, Diff: 0, Sum: 8]
      [GC Worker Other (ms): Min: 0.0, Avg: 0.0, Max: 0.0, Diff: 0.0, Sum: 0.1]
      [GC Worker Total (ms): Min: 5.6, Avg: 5.7, Max: 5.8, Diff: 0.1, Sum: 45.5]
      [GC Worker End (ms): Min: 466.6, Avg: 466.6, Max: 466.6, Diff: 0.0]
   [Code Root Fixup: 0.0 ms]
   [Code Root Purge: 0.0 ms]
   [Clear CT: 0.6 ms]
   [Other: 1.0 ms]
      [Choose CSet: 0.0 ms]
      [Ref Proc: 0.1 ms]
      [Ref Enq: 0.0 ms]
      [Redirty Cards: 0.8 ms]
      [Humongous Register: 0.0 ms]
      [Humongous Reclaim: 0.0 ms]
      [Free CSet: 0.0 ms]
   [Eden: 4096.0K(4096.0K)->0.0B(58.0M) Survivors: 23.0M->2048.0K Heap: 359.6M(512.0M)->344.9M(512.0M)]
 [Times: user=0.00 sys=0.00, real=0.01 secs] 
2021-01-20T22:02:14.839+0800: 0.468: [GC pause (G1 Humongous Allocation) (young) (initial-mark), 0.0022965 secs]
   [Parallel Time: 0.9 ms, GC Workers: 8]
      [GC Worker Start (ms): Min: 468.6, Avg: 468.7, Max: 468.7, Diff: 0.2]
      [Ext Root Scanning (ms): Min: 0.0, Avg: 0.1, Max: 0.2, Diff: 0.2, Sum: 0.8]
      [Update RS (ms): Min: 0.0, Avg: 0.1, Max: 0.2, Diff: 0.2, Sum: 0.6]
         [Processed Buffers: Min: 1, Avg: 1.1, Max: 2, Diff: 1, Sum: 9]
      [Scan RS (ms): Min: 0.0, Avg: 0.0, Max: 0.0, Diff: 0.0, Sum: 0.0]
      [Code Root Scanning (ms): Min: 0.0, Avg: 0.0, Max: 0.0, Diff: 0.0, Sum: 0.0]
      [Object Copy (ms): Min: 0.1, Avg: 0.2, Max: 0.3, Diff: 0.2, Sum: 1.7]
      [Termination (ms): Min: 0.0, Avg: 0.1, Max: 0.2, Diff: 0.2, Sum: 0.6]
         [Termination Attempts: Min: 1, Avg: 1.1, Max: 2, Diff: 1, Sum: 9]
      [GC Worker Other (ms): Min: 0.0, Avg: 0.0, Max: 0.0, Diff: 0.0, Sum: 0.0]
      [GC Worker Total (ms): Min: 0.4, Avg: 0.5, Max: 0.6, Diff: 0.2, Sum: 3.7]
      [GC Worker End (ms): Min: 469.1, Avg: 469.1, Max: 469.1, Diff: 0.0]
   [Code Root Fixup: 0.0 ms]
   [Code Root Purge: 0.0 ms]
   [Clear CT: 0.5 ms]
   [Other: 0.9 ms]
      [Choose CSet: 0.0 ms]
      [Ref Proc: 0.6 ms]
      [Ref Enq: 0.0 ms]
      [Redirty Cards: 0.2 ms]
      [Humongous Register: 0.0 ms]
      [Humongous Reclaim: 0.0 ms]
      [Free CSet: 0.0 ms]
   [Eden: 1024.0K(58.0M)->0.0B(57.0M) Survivors: 2048.0K->3072.0K Heap: 345.7M(512.0M)->345.3M(512.0M)]
 [Times: user=0.00 sys=0.00, real=0.00 secs] 
2021-01-20T22:02:14.842+0800: 0.471: [GC concurrent-root-region-scan-start]
2021-01-20T22:02:14.842+0800: 0.471: [GC concurrent-root-region-scan-end, 0.0000888 secs]
2021-01-20T22:02:14.842+0800: 0.471: [GC concurrent-mark-start]
2021-01-20T22:02:14.843+0800: 0.473: [GC concurrent-mark-end, 0.0017734 secs]
2021-01-20T22:02:14.844+0800: 0.473: [GC remark 2021-01-20T22:02:14.844+0800: 0.473: [Finalize Marking, 0.0002227 secs] 2021-01-20T22:02:14.844+0800: 0.473: [GC ref-proc, 0.0003728 secs] 2021-01-20T22:02:14.844+0800: 0.474: [Unloading, 0.0006939 secs], 0.0020363 secs]
 [Times: user=0.00 sys=0.00, real=0.00 secs] 
2021-01-20T22:02:14.845+0800: 0.475: [GC cleanup 358M->357M(512M), 0.0015717 secs]
 [Times: user=0.00 sys=0.00, real=0.00 secs] 
2021-01-20T22:02:14.847+0800: 0.477: [GC concurrent-cleanup-start]
2021-01-20T22:02:14.847+0800: 0.477: [GC concurrent-cleanup-end, 0.0000107 secs]
2021-01-20T22:02:14.858+0800: 0.488: [GC pause (G1 Evacuation Pause) (young), 0.0061505 secs]
   [Parallel Time: 4.1 ms, GC Workers: 8]
      [GC Worker Start (ms): Min: 488.0, Avg: 488.1, Max: 488.2, Diff: 0.2]
      [Ext Root Scanning (ms): Min: 0.0, Avg: 0.1, Max: 0.2, Diff: 0.2, Sum: 0.5]
      [Update RS (ms): Min: 0.2, Avg: 0.3, Max: 0.3, Diff: 0.0, Sum: 2.1]
         [Processed Buffers: Min: 2, Avg: 4.0, Max: 5, Diff: 3, Sum: 32]
      [Scan RS (ms): Min: 0.0, Avg: 0.0, Max: 0.0, Diff: 0.0, Sum: 0.0]
      [Code Root Scanning (ms): Min: 0.0, Avg: 0.0, Max: 0.0, Diff: 0.0, Sum: 0.0]
      [Object Copy (ms): Min: 3.2, Avg: 3.3, Max: 3.4, Diff: 0.2, Sum: 26.6]
      [Termination (ms): Min: 0.0, Avg: 0.1, Max: 0.2, Diff: 0.2, Sum: 0.7]
         [Termination Attempts: Min: 1, Avg: 1.0, Max: 1, Diff: 0, Sum: 8]
      [GC Worker Other (ms): Min: 0.0, Avg: 0.0, Max: 0.0, Diff: 0.0, Sum: 0.1]
      [GC Worker Total (ms): Min: 3.7, Avg: 3.7, Max: 3.9, Diff: 0.2, Sum: 29.9]
      [GC Worker End (ms): Min: 491.9, Avg: 491.9, Max: 491.9, Diff: 0.0]
   [Code Root Fixup: 0.0 ms]
   [Code Root Purge: 0.0 ms]
   [Clear CT: 0.9 ms]
   [Other: 1.1 ms]
      [Choose CSet: 0.0 ms]
      [Ref Proc: 0.4 ms]
      [Ref Enq: 0.0 ms]
      [Redirty Cards: 0.4 ms]
      [Humongous Register: 0.1 ms]
      [Humongous Reclaim: 0.1 ms]
      [Free CSet: 0.1 ms]
   [Eden: 57.0M(57.0M)->0.0B(17.0M) Survivors: 3072.0K->8192.0K Heap: 415.7M(512.0M)->360.4M(512.0M)]
 [Times: user=0.00 sys=0.00, real=0.01 secs] 
2021-01-20T22:02:14.870+0800: 0.499: [GC pause (G1 Evacuation Pause) (mixed), 0.0055183 secs]
   [Parallel Time: 4.0 ms, GC Workers: 8]
      [GC Worker Start (ms): Min: 499.4, Avg: 499.5, Max: 499.6, Diff: 0.2]
      [Ext Root Scanning (ms): Min: 0.0, Avg: 0.1, Max: 0.2, Diff: 0.2, Sum: 1.0]
      [Update RS (ms): Min: 0.1, Avg: 0.2, Max: 0.3, Diff: 0.1, Sum: 1.4]
         [Processed Buffers: Min: 0, Avg: 2.3, Max: 3, Diff: 3, Sum: 18]
      [Scan RS (ms): Min: 0.0, Avg: 0.0, Max: 0.0, Diff: 0.0, Sum: 0.1]
      [Code Root Scanning (ms): Min: 0.0, Avg: 0.0, Max: 0.0, Diff: 0.0, Sum: 0.0]
      [Object Copy (ms): Min: 3.1, Avg: 3.2, Max: 3.3, Diff: 0.2, Sum: 25.5]
      [Termination (ms): Min: 0.0, Avg: 0.1, Max: 0.2, Diff: 0.2, Sum: 0.6]
         [Termination Attempts: Min: 1, Avg: 1.0, Max: 1, Diff: 0, Sum: 8]
      [GC Worker Other (ms): Min: 0.0, Avg: 0.0, Max: 0.0, Diff: 0.0, Sum: 0.1]
      [GC Worker Total (ms): Min: 3.4, Avg: 3.6, Max: 3.7, Diff: 0.2, Sum: 28.7]
      [GC Worker End (ms): Min: 503.1, Avg: 503.1, Max: 503.1, Diff: 0.0]
   [Code Root Fixup: 0.0 ms]
   [Code Root Purge: 0.0 ms]
   [Clear CT: 0.6 ms]
   [Other: 0.9 ms]
      [Choose CSet: 0.0 ms]
      [Ref Proc: 0.2 ms]
      [Ref Enq: 0.0 ms]
      [Redirty Cards: 0.5 ms]
      [Humongous Register: 0.1 ms]
      [Humongous Reclaim: 0.0 ms]
      [Free CSet: 0.0 ms]
   [Eden: 17.0M(17.0M)->0.0B(21.0M) Survivors: 8192.0K->4096.0K Heap: 381.0M(512.0M)->316.2M(512.0M)]
 [Times: user=0.11 sys=0.01, real=0.01 secs] 
2021-01-20T22:02:14.881+0800: 0.510: [GC pause (G1 Evacuation Pause) (mixed), 0.0078143 secs]
   [Parallel Time: 5.7 ms, GC Workers: 8]
      [GC Worker Start (ms): Min: 510.4, Avg: 510.5, Max: 510.5, Diff: 0.1]
      [Ext Root Scanning (ms): Min: 0.1, Avg: 0.1, Max: 0.2, Diff: 0.1, Sum: 0.8]
      [Update RS (ms): Min: 0.2, Avg: 0.2, Max: 0.2, Diff: 0.1, Sum: 1.7]
         [Processed Buffers: Min: 1, Avg: 2.9, Max: 4, Diff: 3, Sum: 23]
      [Scan RS (ms): Min: 0.0, Avg: 0.0, Max: 0.1, Diff: 0.1, Sum: 0.2]
      [Code Root Scanning (ms): Min: 0.0, Avg: 0.0, Max: 0.0, Diff: 0.0, Sum: 0.0]
      [Object Copy (ms): Min: 4.9, Avg: 5.0, Max: 5.1, Diff: 0.2, Sum: 39.6]
      [Termination (ms): Min: 0.0, Avg: 0.1, Max: 0.1, Diff: 0.1, Sum: 0.4]
         [Termination Attempts: Min: 1, Avg: 1.0, Max: 1, Diff: 0, Sum: 8]
      [GC Worker Other (ms): Min: 0.0, Avg: 0.0, Max: 0.0, Diff: 0.0, Sum: 0.1]
      [GC Worker Total (ms): Min: 5.3, Avg: 5.4, Max: 5.4, Diff: 0.1, Sum: 42.9]
      [GC Worker End (ms): Min: 515.8, Avg: 515.8, Max: 515.8, Diff: 0.0]
   [Code Root Fixup: 0.0 ms]
   [Code Root Purge: 0.0 ms]
   [Clear CT: 0.8 ms]
   [Other: 1.3 ms]
      [Choose CSet: 0.0 ms]
      [Ref Proc: 0.4 ms]
      [Ref Enq: 0.0 ms]
      [Redirty Cards: 0.7 ms]
      [Humongous Register: 0.1 ms]
      [Humongous Reclaim: 0.0 ms]
      [Free CSet: 0.1 ms]
   [Eden: 21.0M(21.0M)->0.0B(21.0M) Survivors: 4096.0K->4096.0K Heap: 342.3M(512.0M)->287.5M(512.0M)]
 [Times: user=0.00 sys=0.00, real=0.01 secs] 
2021-01-20T22:02:14.893+0800: 0.523: [GC pause (G1 Evacuation Pause) (mixed), 0.0064558 secs]
   [Parallel Time: 5.5 ms, GC Workers: 8]
      [GC Worker Start (ms): Min: 522.8, Avg: 522.9, Max: 523.0, Diff: 0.2]
      [Ext Root Scanning (ms): Min: 0.1, Avg: 0.2, Max: 0.2, Diff: 0.1, Sum: 1.5]
      [Update RS (ms): Min: 0.3, Avg: 0.4, Max: 1.0, Diff: 0.7, Sum: 3.6]
         [Processed Buffers: Min: 0, Avg: 3.3, Max: 5, Diff: 5, Sum: 26]
      [Scan RS (ms): Min: 0.0, Avg: 0.0, Max: 0.1, Diff: 0.1, Sum: 0.4]
      [Code Root Scanning (ms): Min: 0.0, Avg: 0.0, Max: 0.0, Diff: 0.0, Sum: 0.0]
      [Object Copy (ms): Min: 4.1, Avg: 4.6, Max: 4.8, Diff: 0.7, Sum: 36.5]
      [Termination (ms): Min: 0.0, Avg: 0.1, Max: 0.2, Diff: 0.2, Sum: 0.9]
         [Termination Attempts: Min: 1, Avg: 1.0, Max: 1, Diff: 0, Sum: 8]
      [GC Worker Other (ms): Min: 0.0, Avg: 0.0, Max: 0.0, Diff: 0.0, Sum: 0.2]
      [GC Worker Total (ms): Min: 5.3, Avg: 5.4, Max: 5.5, Diff: 0.1, Sum: 43.0]
      [GC Worker End (ms): Min: 528.2, Avg: 528.3, Max: 528.3, Diff: 0.1]
   [Code Root Fixup: 0.0 ms]
   [Code Root Purge: 0.0 ms]
   [Clear CT: 0.1 ms]
   [Other: 0.8 ms]
      [Choose CSet: 0.0 ms]
      [Ref Proc: 0.2 ms]
      [Ref Enq: 0.0 ms]
      [Redirty Cards: 0.1 ms]
      [Humongous Register: 0.2 ms]
      [Humongous Reclaim: 0.1 ms]
      [Free CSet: 0.1 ms]
   [Eden: 21.0M(21.0M)->0.0B(117.0M) Survivors: 4096.0K->4096.0K Heap: 313.3M(512.0M)->270.6M(512.0M)]
 [Times: user=0.00 sys=0.00, real=0.01 secs] 
2021-01-20T22:02:14.900+0800: 0.530: [GC pause (G1 Humongous Allocation) (young) (initial-mark), 0.0024450 secs]
   [Parallel Time: 1.3 ms, GC Workers: 8]
      [GC Worker Start (ms): Min: 530.0, Avg: 530.1, Max: 530.2, Diff: 0.2]
      [Ext Root Scanning (ms): Min: 0.0, Avg: 0.2, Max: 0.3, Diff: 0.3, Sum: 1.5]
      [Update RS (ms): Min: 0.0, Avg: 0.1, Max: 0.4, Diff: 0.4, Sum: 0.9]
         [Processed Buffers: Min: 0, Avg: 1.1, Max: 3, Diff: 3, Sum: 9]
      [Scan RS (ms): Min: 0.0, Avg: 0.0, Max: 0.0, Diff: 0.0, Sum: 0.0]
      [Code Root Scanning (ms): Min: 0.0, Avg: 0.0, Max: 0.0, Diff: 0.0, Sum: 0.0]
      [Object Copy (ms): Min: 0.4, Avg: 0.6, Max: 0.7, Diff: 0.3, Sum: 4.7]
      [Termination (ms): Min: 0.0, Avg: 0.1, Max: 0.2, Diff: 0.2, Sum: 0.6]
         [Termination Attempts: Min: 1, Avg: 1.0, Max: 1, Diff: 0, Sum: 8]
      [GC Worker Other (ms): Min: 0.0, Avg: 0.0, Max: 0.0, Diff: 0.0, Sum: 0.1]
      [GC Worker Total (ms): Min: 0.8, Avg: 1.0, Max: 1.1, Diff: 0.2, Sum: 7.8]
      [GC Worker End (ms): Min: 531.1, Avg: 531.1, Max: 531.1, Diff: 0.0]
   [Code Root Fixup: 0.0 ms]
   [Code Root Purge: 0.0 ms]
   [Clear CT: 0.4 ms]
   [Other: 0.7 ms]
      [Choose CSet: 0.0 ms]
      [Ref Proc: 0.2 ms]
      [Ref Enq: 0.0 ms]
      [Redirty Cards: 0.3 ms]
      [Humongous Register: 0.1 ms]
      [Humongous Reclaim: 0.0 ms]
      [Free CSet: 0.0 ms]
   [Eden: 2048.0K(117.0M)->0.0B(123.0M) Survivors: 4096.0K->4096.0K Heap: 272.1M(512.0M)->270.2M(512.0M)]
 [Times: user=0.02 sys=0.00, real=0.00 secs] 
2021-01-20T22:02:14.903+0800: 0.532: [GC concurrent-root-region-scan-start]
2021-01-20T22:02:14.903+0800: 0.533: [GC concurrent-root-region-scan-end, 0.0002290 secs]
2021-01-20T22:02:14.903+0800: 0.533: [GC concurrent-mark-start]
2021-01-20T22:02:14.905+0800: 0.534: [GC concurrent-mark-end, 0.0017703 secs]
2021-01-20T22:02:14.906+0800: 0.535: [GC remark 2021-01-20T22:02:14.906+0800: 0.535: [Finalize Marking, 0.0003651 secs] 2021-01-20T22:02:14.906+0800: 0.535: [GC ref-proc, 0.0002399 secs] 2021-01-20T22:02:14.906+0800: 0.535: [Unloading, 0.0008153 secs], 0.0021620 secs]
 [Times: user=0.00 sys=0.00, real=0.00 secs] 
2021-01-20T22:02:14.907+0800: 0.537: [GC cleanup 283M->281M(512M), 0.0012617 secs]
 [Times: user=0.00 sys=0.00, real=0.00 secs] 
2021-01-20T22:02:14.909+0800: 0.538: [GC concurrent-cleanup-start]
2021-01-20T22:02:14.909+0800: 0.538: [GC concurrent-cleanup-end, 0.0000089 secs]
2021-01-20T22:02:14.937+0800: 0.567: [GC pause (G1 Evacuation Pause) (young) (to-space exhausted), 0.0074678 secs]
   [Parallel Time: 6.2 ms, GC Workers: 8]
      [GC Worker Start (ms): Min: 566.8, Avg: 566.9, Max: 566.9, Diff: 0.1]
      [Ext Root Scanning (ms): Min: 0.0, Avg: 0.1, Max: 0.2, Diff: 0.1, Sum: 0.7]
      [Update RS (ms): Min: 0.1, Avg: 0.2, Max: 0.4, Diff: 0.3, Sum: 1.7]
         [Processed Buffers: Min: 0, Avg: 2.6, Max: 3, Diff: 3, Sum: 21]
      [Scan RS (ms): Min: 0.0, Avg: 0.0, Max: 0.0, Diff: 0.0, Sum: 0.1]
      [Code Root Scanning (ms): Min: 0.0, Avg: 0.0, Max: 0.0, Diff: 0.0, Sum: 0.0]
      [Object Copy (ms): Min: 5.3, Avg: 5.5, Max: 5.5, Diff: 0.2, Sum: 43.8]
      [Termination (ms): Min: 0.0, Avg: 0.1, Max: 0.1, Diff: 0.1, Sum: 0.5]
         [Termination Attempts: Min: 1, Avg: 1.8, Max: 3, Diff: 2, Sum: 14]
      [GC Worker Other (ms): Min: 0.0, Avg: 0.0, Max: 0.0, Diff: 0.0, Sum: 0.1]
      [GC Worker Total (ms): Min: 5.8, Avg: 5.9, Max: 6.0, Diff: 0.2, Sum: 46.9]
      [GC Worker End (ms): Min: 572.7, Avg: 572.7, Max: 572.8, Diff: 0.0]
   [Code Root Fixup: 0.0 ms]
   [Code Root Purge: 0.0 ms]
   [Clear CT: 0.1 ms]
   [Other: 1.1 ms]
      [Evacuation Failure: 0.2 ms]
      [Choose CSet: 0.0 ms]
      [Ref Proc: 0.2 ms]
      [Ref Enq: 0.0 ms]
      [Redirty Cards: 0.5 ms]
      [Humongous Register: 0.1 ms]
      [Humongous Reclaim: 0.1 ms]
      [Free CSet: 0.0 ms]
   [Eden: 123.0M(123.0M)->0.0B(9216.0K) Survivors: 4096.0K->16.0M Heap: 423.6M(512.0M)->344.9M(512.0M)]
 [Times: user=0.00 sys=0.00, real=0.01 secs] 
2021-01-20T22:02:14.948+0800: 0.577: [GC pause (G1 Evacuation Pause) (mixed), 0.0075870 secs]
   [Parallel Time: 6.5 ms, GC Workers: 8]
      [GC Worker Start (ms): Min: 577.5, Avg: 577.6, Max: 577.7, Diff: 0.2]
      [Ext Root Scanning (ms): Min: 0.0, Avg: 0.1, Max: 0.2, Diff: 0.2, Sum: 0.9]
      [Update RS (ms): Min: 0.3, Avg: 0.3, Max: 0.4, Diff: 0.0, Sum: 2.6]
         [Processed Buffers: Min: 0, Avg: 4.3, Max: 6, Diff: 6, Sum: 34]
      [Scan RS (ms): Min: 0.0, Avg: 0.0, Max: 0.0, Diff: 0.0, Sum: 0.2]
      [Code Root Scanning (ms): Min: 0.0, Avg: 0.0, Max: 0.0, Diff: 0.0, Sum: 0.0]
      [Object Copy (ms): Min: 5.6, Avg: 5.7, Max: 5.7, Diff: 0.1, Sum: 45.4]
      [Termination (ms): Min: 0.0, Avg: 0.1, Max: 0.1, Diff: 0.1, Sum: 0.6]
         [Termination Attempts: Min: 1, Avg: 1.0, Max: 1, Diff: 0, Sum: 8]
      [GC Worker Other (ms): Min: 0.0, Avg: 0.0, Max: 0.0, Diff: 0.0, Sum: 0.1]
      [GC Worker Total (ms): Min: 6.1, Avg: 6.2, Max: 6.3, Diff: 0.2, Sum: 49.8]
      [GC Worker End (ms): Min: 583.8, Avg: 583.8, Max: 583.8, Diff: 0.0]
   [Code Root Fixup: 0.0 ms]
   [Code Root Purge: 0.0 ms]
   [Clear CT: 0.3 ms]
   [Other: 0.8 ms]
      [Choose CSet: 0.0 ms]
      [Ref Proc: 0.3 ms]
      [Ref Enq: 0.0 ms]
      [Redirty Cards: 0.3 ms]
      [Humongous Register: 0.1 ms]
      [Humongous Reclaim: 0.0 ms]
      [Free CSet: 0.0 ms]
   [Eden: 9216.0K(9216.0K)->0.0B(71.0M) Survivors: 16.0M->3072.0K Heap: 359.1M(512.0M)->327.2M(512.0M)]
 [Times: user=0.09 sys=0.02, real=0.01 secs] 
2021-01-20T22:02:14.956+0800: 0.586: [GC pause (G1 Humongous Allocation) (young) (initial-mark), 0.0016760 secs]
   [Parallel Time: 0.9 ms, GC Workers: 8]
      [GC Worker Start (ms): Min: 585.9, Avg: 586.0, Max: 586.0, Diff: 0.1]
      [Ext Root Scanning (ms): Min: 0.1, Avg: 0.1, Max: 0.2, Diff: 0.1, Sum: 0.8]
      [Update RS (ms): Min: 0.0, Avg: 0.1, Max: 0.3, Diff: 0.2, Sum: 0.7]
         [Processed Buffers: Min: 1, Avg: 1.1, Max: 2, Diff: 1, Sum: 9]
      [Scan RS (ms): Min: 0.0, Avg: 0.0, Max: 0.0, Diff: 0.0, Sum: 0.0]
      [Code Root Scanning (ms): Min: 0.0, Avg: 0.0, Max: 0.0, Diff: 0.0, Sum: 0.0]
      [Object Copy (ms): Min: 0.2, Avg: 0.4, Max: 0.5, Diff: 0.3, Sum: 3.3]
      [Termination (ms): Min: 0.0, Avg: 0.0, Max: 0.1, Diff: 0.1, Sum: 0.4]
         [Termination Attempts: Min: 1, Avg: 1.0, Max: 1, Diff: 0, Sum: 8]
      [GC Worker Other (ms): Min: 0.0, Avg: 0.0, Max: 0.0, Diff: 0.0, Sum: 0.2]
      [GC Worker Total (ms): Min: 0.6, Avg: 0.7, Max: 0.7, Diff: 0.1, Sum: 5.3]
      [GC Worker End (ms): Min: 586.6, Avg: 586.6, Max: 586.7, Diff: 0.0]
   [Code Root Fixup: 0.0 ms]
   [Code Root Purge: 0.0 ms]
   [Clear CT: 0.3 ms]
   [Other: 0.6 ms]
      [Choose CSet: 0.0 ms]
      [Ref Proc: 0.2 ms]
      [Ref Enq: 0.0 ms]
      [Redirty Cards: 0.2 ms]
      [Humongous Register: 0.1 ms]
      [Humongous Reclaim: 0.0 ms]
      [Free CSet: 0.0 ms]
   [Eden: 3072.0K(71.0M)->0.0B(72.0M) Survivors: 3072.0K->3072.0K Heap: 330.2M(512.0M)->327.4M(512.0M)]
 [Times: user=0.00 sys=0.00, real=0.00 secs] 
2021-01-20T22:02:14.958+0800: 0.588: [GC concurrent-root-region-scan-start]
2021-01-20T22:02:14.958+0800: 0.588: [GC concurrent-root-region-scan-end, 0.0000863 secs]
2021-01-20T22:02:14.958+0800: 0.588: [GC concurrent-mark-start]
2021-01-20T22:02:14.960+0800: 0.589: [GC concurrent-mark-end, 0.0017328 secs]
2021-01-20T22:02:14.960+0800: 0.590: [GC remark 2021-01-20T22:02:14.960+0800: 0.590: [Finalize Marking, 0.0002412 secs] 2021-01-20T22:02:14.960+0800: 0.590: [GC ref-proc, 0.0003070 secs] 2021-01-20T22:02:14.960+0800: 0.590: [Unloading, 0.0005725 secs], 0.0019594 secs]
 [Times: user=0.00 sys=0.00, real=0.00 secs] 
2021-01-20T22:02:14.962+0800: 0.592: [GC cleanup 338M->338M(512M), 0.0007334 secs]
 [Times: user=0.00 sys=0.00, real=0.00 secs] 
2021-01-20T22:02:14.980+0800: 0.609: [GC pause (G1 Evacuation Pause) (young), 0.0061003 secs]
   [Parallel Time: 5.4 ms, GC Workers: 8]
      [GC Worker Start (ms): Min: 609.2, Avg: 609.2, Max: 609.2, Diff: 0.1]
      [Ext Root Scanning (ms): Min: 0.1, Avg: 0.1, Max: 0.2, Diff: 0.1, Sum: 0.9]
      [Update RS (ms): Min: 0.2, Avg: 0.2, Max: 0.2, Diff: 0.0, Sum: 1.7]
         [Processed Buffers: Min: 0, Avg: 3.0, Max: 4, Diff: 4, Sum: 24]
      [Scan RS (ms): Min: 0.0, Avg: 0.0, Max: 0.0, Diff: 0.0, Sum: 0.0]
      [Code Root Scanning (ms): Min: 0.0, Avg: 0.0, Max: 0.0, Diff: 0.0, Sum: 0.0]
      [Object Copy (ms): Min: 4.7, Avg: 4.9, Max: 5.0, Diff: 0.3, Sum: 39.0]
      [Termination (ms): Min: 0.0, Avg: 0.1, Max: 0.3, Diff: 0.3, Sum: 1.0]
         [Termination Attempts: Min: 1, Avg: 1.0, Max: 1, Diff: 0, Sum: 8]
      [GC Worker Other (ms): Min: 0.0, Avg: 0.0, Max: 0.0, Diff: 0.0, Sum: 0.1]
      [GC Worker Total (ms): Min: 5.3, Avg: 5.3, Max: 5.4, Diff: 0.1, Sum: 42.7]
      [GC Worker End (ms): Min: 614.5, Avg: 614.5, Max: 614.5, Diff: 0.0]
   [Code Root Fixup: 0.0 ms]
   [Code Root Purge: 0.0 ms]
   [Clear CT: 0.1 ms]
   [Other: 0.6 ms]
      [Choose CSet: 0.0 ms]
      [Ref Proc: 0.2 ms]
      [Ref Enq: 0.0 ms]
      [Redirty Cards: 0.2 ms]
      [Humongous Register: 0.1 ms]
      [Humongous Reclaim: 0.0 ms]
      [Free CSet: 0.0 ms]
   [Eden: 72.0M(72.0M)->0.0B(15.0M) Survivors: 3072.0K->10.0M Heap: 416.9M(512.0M)->361.1M(512.0M)]
 [Times: user=0.13 sys=0.00, real=0.01 secs] 
2021-01-20T22:02:14.989+0800: 0.619: [GC pause (G1 Evacuation Pause) (mixed), 0.0053263 secs]
   [Parallel Time: 4.7 ms, GC Workers: 8]
      [GC Worker Start (ms): Min: 618.7, Avg: 618.8, Max: 618.8, Diff: 0.1]
      [Ext Root Scanning (ms): Min: 0.1, Avg: 0.1, Max: 0.2, Diff: 0.1, Sum: 1.0]
      [Update RS (ms): Min: 0.3, Avg: 0.3, Max: 0.3, Diff: 0.0, Sum: 2.2]
         [Processed Buffers: Min: 1, Avg: 3.9, Max: 5, Diff: 4, Sum: 31]
      [Scan RS (ms): Min: 0.0, Avg: 0.0, Max: 0.0, Diff: 0.0, Sum: 0.1]
      [Code Root Scanning (ms): Min: 0.0, Avg: 0.0, Max: 0.0, Diff: 0.0, Sum: 0.0]
      [Object Copy (ms): Min: 3.9, Avg: 4.1, Max: 4.2, Diff: 0.3, Sum: 32.6]
      [Termination (ms): Min: 0.0, Avg: 0.1, Max: 0.3, Diff: 0.3, Sum: 0.9]
         [Termination Attempts: Min: 1, Avg: 1.0, Max: 1, Diff: 0, Sum: 8]
      [GC Worker Other (ms): Min: 0.0, Avg: 0.0, Max: 0.0, Diff: 0.0, Sum: 0.1]
      [GC Worker Total (ms): Min: 4.6, Avg: 4.6, Max: 4.7, Diff: 0.1, Sum: 37.0]
      [GC Worker End (ms): Min: 623.4, Avg: 623.4, Max: 623.4, Diff: 0.0]
   [Code Root Fixup: 0.0 ms]
   [Code Root Purge: 0.0 ms]
   [Clear CT: 0.1 ms]
   [Other: 0.5 ms]
      [Choose CSet: 0.0 ms]
      [Ref Proc: 0.1 ms]
      [Ref Enq: 0.0 ms]
      [Redirty Cards: 0.1 ms]
      [Humongous Register: 0.1 ms]
      [Humongous Reclaim: 0.1 ms]
      [Free CSet: 0.1 ms]
   [Eden: 15.0M(15.0M)->0.0B(21.0M) Survivors: 10.0M->4096.0K Heap: 381.5M(512.0M)->322.5M(512.0M)]
 [Times: user=0.00 sys=0.00, real=0.01 secs] 
2021-01-20T22:02:15.000+0800: 0.629: [GC pause (G1 Evacuation Pause) (mixed), 0.0068950 secs]
   [Parallel Time: 6.0 ms, GC Workers: 8]
      [GC Worker Start (ms): Min: 629.4, Avg: 629.4, Max: 629.5, Diff: 0.1]
      [Ext Root Scanning (ms): Min: 0.1, Avg: 0.1, Max: 0.2, Diff: 0.1, Sum: 0.9]
      [Update RS (ms): Min: 0.3, Avg: 0.3, Max: 0.3, Diff: 0.0, Sum: 2.7]
         [Processed Buffers: Min: 1, Avg: 4.8, Max: 6, Diff: 5, Sum: 38]
      [Scan RS (ms): Min: 0.0, Avg: 0.0, Max: 0.1, Diff: 0.0, Sum: 0.3]
      [Code Root Scanning (ms): Min: 0.0, Avg: 0.0, Max: 0.0, Diff: 0.0, Sum: 0.0]
      [Object Copy (ms): Min: 5.2, Avg: 5.3, Max: 5.3, Diff: 0.1, Sum: 42.1]
      [Termination (ms): Min: 0.0, Avg: 0.1, Max: 0.1, Diff: 0.1, Sum: 0.6]
         [Termination Attempts: Min: 1, Avg: 1.0, Max: 1, Diff: 0, Sum: 8]
      [GC Worker Other (ms): Min: 0.0, Avg: 0.0, Max: 0.0, Diff: 0.0, Sum: 0.1]
      [GC Worker Total (ms): Min: 5.8, Avg: 5.8, Max: 5.9, Diff: 0.1, Sum: 46.6]
      [GC Worker End (ms): Min: 635.3, Avg: 635.3, Max: 635.3, Diff: 0.0]
   [Code Root Fixup: 0.0 ms]
   [Code Root Purge: 0.0 ms]
   [Clear CT: 0.2 ms]
   [Other: 0.7 ms]
      [Choose CSet: 0.0 ms]
      [Ref Proc: 0.3 ms]
      [Ref Enq: 0.0 ms]
      [Redirty Cards: 0.2 ms]
      [Humongous Register: 0.1 ms]
      [Humongous Reclaim: 0.0 ms]
      [Free CSet: 0.0 ms]
   [Eden: 21.0M(21.0M)->0.0B(80.0M) Survivors: 4096.0K->4096.0K Heap: 349.1M(512.0M)->308.5M(512.0M)]
 [Times: user=0.00 sys=0.00, real=0.01 secs] 
2021-01-20T22:02:15.006+0800: 0.636: [GC pause (G1 Humongous Allocation) (young) (initial-mark), 0.0017127 secs]
   [Parallel Time: 1.0 ms, GC Workers: 8]
      [GC Worker Start (ms): Min: 636.6, Avg: 636.6, Max: 636.7, Diff: 0.1]
      [Ext Root Scanning (ms): Min: 0.1, Avg: 0.1, Max: 0.2, Diff: 0.1, Sum: 0.8]
      [Update RS (ms): Min: 0.0, Avg: 0.1, Max: 0.3, Diff: 0.2, Sum: 0.8]
         [Processed Buffers: Min: 1, Avg: 1.1, Max: 2, Diff: 1, Sum: 9]
      [Scan RS (ms): Min: 0.0, Avg: 0.0, Max: 0.0, Diff: 0.0, Sum: 0.0]
      [Code Root Scanning (ms): Min: 0.0, Avg: 0.0, Max: 0.0, Diff: 0.0, Sum: 0.0]
      [Object Copy (ms): Min: 0.5, Avg: 0.7, Max: 0.7, Diff: 0.2, Sum: 5.2]
      [Termination (ms): Min: 0.0, Avg: 0.0, Max: 0.1, Diff: 0.1, Sum: 0.3]
         [Termination Attempts: Min: 1, Avg: 1.0, Max: 1, Diff: 0, Sum: 8]
      [GC Worker Other (ms): Min: 0.0, Avg: 0.0, Max: 0.0, Diff: 0.0, Sum: 0.1]
      [GC Worker Total (ms): Min: 0.9, Avg: 0.9, Max: 0.9, Diff: 0.1, Sum: 7.2]
      [GC Worker End (ms): Min: 637.5, Avg: 637.5, Max: 637.5, Diff: 0.0]
   [Code Root Fixup: 0.0 ms]
   [Code Root Purge: 0.0 ms]
   [Clear CT: 0.1 ms]
   [Other: 0.5 ms]
      [Choose CSet: 0.0 ms]
      [Ref Proc: 0.2 ms]
      [Ref Enq: 0.0 ms]
      [Redirty Cards: 0.2 ms]
      [Humongous Register: 0.1 ms]
      [Humongous Reclaim: 0.0 ms]
      [Free CSet: 0.0 ms]
   [Eden: 1024.0K(80.0M)->0.0B(83.0M) Survivors: 4096.0K->5120.0K Heap: 309.3M(512.0M)->308.6M(512.0M)]
 [Times: user=0.00 sys=0.00, real=0.00 secs] 
2021-01-20T22:02:15.008+0800: 0.638: [GC concurrent-root-region-scan-start]
2021-01-20T22:02:15.008+0800: 0.639: [GC concurrent-root-region-scan-end, 0.0001576 secs]
2021-01-20T22:02:15.008+0800: 0.639: [GC concurrent-mark-start]
2021-01-20T22:02:15.011+0800: 0.641: [GC concurrent-mark-end, 0.0022354 secs]
2021-01-20T22:02:15.011+0800: 0.641: [GC remark 2021-01-20T22:02:15.011+0800: 0.641: [Finalize Marking, 0.0002073 secs] 2021-01-20T22:02:15.011+0800: 0.641: [GC ref-proc, 0.0002837 secs] 2021-01-20T22:02:15.011+0800: 0.642: [Unloading, 0.0007168 secs], 0.0020731 secs]
 [Times: user=0.02 sys=0.00, real=0.00 secs] 
2021-01-20T22:02:15.013+0800: 0.643: [GC cleanup 318M->318M(512M), 0.0008800 secs]
 [Times: user=0.00 sys=0.00, real=0.00 secs] 
2021-01-20T22:02:15.035+0800: 0.666: [GC pause (G1 Evacuation Pause) (young), 0.0066818 secs]
   [Parallel Time: 6.1 ms, GC Workers: 8]
      [GC Worker Start (ms): Min: 665.7, Avg: 665.8, Max: 665.8, Diff: 0.1]
      [Ext Root Scanning (ms): Min: 0.1, Avg: 0.1, Max: 0.1, Diff: 0.1, Sum: 0.9]
      [Update RS (ms): Min: 0.3, Avg: 0.3, Max: 0.3, Diff: 0.0, Sum: 2.2]
         [Processed Buffers: Min: 0, Avg: 3.8, Max: 5, Diff: 5, Sum: 30]
      [Scan RS (ms): Min: 0.0, Avg: 0.0, Max: 0.0, Diff: 0.0, Sum: 0.1]
      [Code Root Scanning (ms): Min: 0.0, Avg: 0.0, Max: 0.0, Diff: 0.0, Sum: 0.0]
      [Object Copy (ms): Min: 5.3, Avg: 5.4, Max: 5.5, Diff: 0.2, Sum: 43.3]
      [Termination (ms): Min: 0.0, Avg: 0.1, Max: 0.2, Diff: 0.2, Sum: 0.7]
         [Termination Attempts: Min: 1, Avg: 1.0, Max: 1, Diff: 0, Sum: 8]
      [GC Worker Other (ms): Min: 0.0, Avg: 0.0, Max: 0.0, Diff: 0.0, Sum: 0.1]
      [GC Worker Total (ms): Min: 5.9, Avg: 5.9, Max: 5.9, Diff: 0.1, Sum: 47.2]
      [GC Worker End (ms): Min: 671.7, Avg: 671.7, Max: 671.7, Diff: 0.0]
   [Code Root Fixup: 0.0 ms]
   [Code Root Purge: 0.0 ms]
   [Clear CT: 0.1 ms]
   [Other: 0.5 ms]
      [Choose CSet: 0.0 ms]
      [Ref Proc: 0.1 ms]
      [Ref Enq: 0.0 ms]
      [Redirty Cards: 0.1 ms]
      [Humongous Register: 0.1 ms]
      [Humongous Reclaim: 0.1 ms]
      [Free CSet: 0.0 ms]
   [Eden: 83.0M(83.0M)->0.0B(14.0M) Survivors: 5120.0K->11.0M Heap: 415.1M(512.0M)->337.3M(512.0M)]
 [Times: user=0.00 sys=0.00, real=0.01 secs] 
2021-01-20T22:02:15.047+0800: 0.677: [GC pause (G1 Evacuation Pause) (mixed), 0.0097320 secs]
   [Parallel Time: 9.0 ms, GC Workers: 8]
      [GC Worker Start (ms): Min: 676.9, Avg: 676.9, Max: 677.0, Diff: 0.1]
      [Ext Root Scanning (ms): Min: 0.1, Avg: 0.1, Max: 0.2, Diff: 0.1, Sum: 1.0]
      [Update RS (ms): Min: 0.1, Avg: 0.2, Max: 0.2, Diff: 0.0, Sum: 1.2]
         [Processed Buffers: Min: 2, Avg: 2.4, Max: 4, Diff: 2, Sum: 19]
      [Scan RS (ms): Min: 0.0, Avg: 0.0, Max: 0.1, Diff: 0.0, Sum: 0.4]
      [Code Root Scanning (ms): Min: 0.0, Avg: 0.0, Max: 0.0, Diff: 0.0, Sum: 0.0]
      [Object Copy (ms): Min: 8.2, Avg: 8.3, Max: 8.4, Diff: 0.2, Sum: 66.5]
      [Termination (ms): Min: 0.0, Avg: 0.1, Max: 0.2, Diff: 0.2, Sum: 1.0]
         [Termination Attempts: Min: 1, Avg: 1.0, Max: 1, Diff: 0, Sum: 8]
      [GC Worker Other (ms): Min: 0.0, Avg: 0.0, Max: 0.0, Diff: 0.0, Sum: 0.1]
      [GC Worker Total (ms): Min: 8.7, Avg: 8.8, Max: 8.8, Diff: 0.1, Sum: 70.3]
      [GC Worker End (ms): Min: 685.7, Avg: 685.7, Max: 685.7, Diff: 0.0]
   [Code Root Fixup: 0.0 ms]
   [Code Root Purge: 0.0 ms]
   [Clear CT: 0.1 ms]
   [Other: 0.6 ms]
      [Choose CSet: 0.0 ms]
      [Ref Proc: 0.2 ms]
      [Ref Enq: 0.0 ms]
      [Redirty Cards: 0.1 ms]
      [Humongous Register: 0.1 ms]
      [Humongous Reclaim: 0.0 ms]
      [Free CSet: 0.1 ms]
   [Eden: 14.0M(14.0M)->0.0B(71.0M) Survivors: 11.0M->4096.0K Heap: 352.6M(512.0M)->318.4M(512.0M)]
 [Times: user=0.00 sys=0.00, real=0.01 secs] 
2021-01-20T22:02:15.057+0800: 0.687: [GC pause (G1 Humongous Allocation) (young) (initial-mark), 0.0016486 secs]
   [Parallel Time: 1.1 ms, GC Workers: 8]
      [GC Worker Start (ms): Min: 687.5, Avg: 687.5, Max: 687.5, Diff: 0.1]
      [Ext Root Scanning (ms): Min: 0.1, Avg: 0.1, Max: 0.2, Diff: 0.1, Sum: 1.0]
      [Update RS (ms): Min: 0.1, Avg: 0.1, Max: 0.1, Diff: 0.0, Sum: 0.6]
         [Processed Buffers: Min: 1, Avg: 1.1, Max: 2, Diff: 1, Sum: 9]
      [Scan RS (ms): Min: 0.0, Avg: 0.0, Max: 0.0, Diff: 0.0, Sum: 0.0]
      [Code Root Scanning (ms): Min: 0.0, Avg: 0.0, Max: 0.0, Diff: 0.0, Sum: 0.0]
      [Object Copy (ms): Min: 0.7, Avg: 0.7, Max: 0.8, Diff: 0.1, Sum: 5.9]
      [Termination (ms): Min: 0.0, Avg: 0.1, Max: 0.1, Diff: 0.1, Sum: 0.5]
         [Termination Attempts: Min: 1, Avg: 1.0, Max: 1, Diff: 0, Sum: 8]
      [GC Worker Other (ms): Min: 0.0, Avg: 0.0, Max: 0.0, Diff: 0.0, Sum: 0.1]
      [GC Worker Total (ms): Min: 1.0, Avg: 1.0, Max: 1.0, Diff: 0.1, Sum: 8.1]
      [GC Worker End (ms): Min: 688.5, Avg: 688.5, Max: 688.5, Diff: 0.0]
   [Code Root Fixup: 0.0 ms]
   [Code Root Purge: 0.0 ms]
   [Clear CT: 0.1 ms]
   [Other: 0.4 ms]
      [Choose CSet: 0.0 ms]
      [Ref Proc: 0.1 ms]
      [Ref Enq: 0.0 ms]
      [Redirty Cards: 0.1 ms]
      [Humongous Register: 0.1 ms]
      [Humongous Reclaim: 0.0 ms]
      [Free CSet: 0.1 ms]
   [Eden: 3072.0K(71.0M)->0.0B(70.0M) Survivors: 4096.0K->5120.0K Heap: 321.1M(512.0M)->319.0M(512.0M)]
 [Times: user=0.01 sys=0.00, real=0.00 secs] 
2021-01-20T22:02:15.059+0800: 0.689: [GC concurrent-root-region-scan-start]
2021-01-20T22:02:15.059+0800: 0.689: [GC concurrent-root-region-scan-end, 0.0001393 secs]
2021-01-20T22:02:15.059+0800: 0.689: [GC concurrent-mark-start]
2021-01-20T22:02:15.062+0800: 0.692: [GC concurrent-mark-end, 0.0028647 secs]
2021-01-20T22:02:15.062+0800: 0.692: [GC remark 2021-01-20T22:02:15.062+0800: 0.692: [Finalize Marking, 0.0001851 secs] 2021-01-20T22:02:15.062+0800: 0.693: [GC ref-proc, 0.0002776 secs] 2021-01-20T22:02:15.063+0800: 0.693: [Unloading, 0.0007027 secs], 0.0021378 secs]
 [Times: user=0.00 sys=0.00, real=0.00 secs] 
2021-01-20T22:02:15.066+0800: 0.695: [GC cleanup 332M->332M(512M), 0.0008195 secs]
 [Times: user=0.00 sys=0.00, real=0.00 secs] 
2021-01-20T22:02:15.083+0800: 0.712: [GC pause (G1 Evacuation Pause) (young), 0.0070375 secs]
   [Parallel Time: 6.3 ms, GC Workers: 8]
      [GC Worker Start (ms): Min: 712.2, Avg: 712.4, Max: 713.3, Diff: 1.0]
      [Ext Root Scanning (ms): Min: 0.0, Avg: 0.1, Max: 0.2, Diff: 0.1, Sum: 0.9]
      [Update RS (ms): Min: 0.0, Avg: 0.5, Max: 0.9, Diff: 0.9, Sum: 3.8]
         [Processed Buffers: Min: 0, Avg: 5.3, Max: 8, Diff: 8, Sum: 42]
      [Scan RS (ms): Min: 0.0, Avg: 0.0, Max: 0.0, Diff: 0.0, Sum: 0.1]
      [Code Root Scanning (ms): Min: 0.0, Avg: 0.0, Max: 0.0, Diff: 0.0, Sum: 0.0]
      [Object Copy (ms): Min: 5.0, Avg: 5.3, Max: 5.4, Diff: 0.4, Sum: 42.2]
      [Termination (ms): Min: 0.0, Avg: 0.1, Max: 0.1, Diff: 0.1, Sum: 0.5]
         [Termination Attempts: Min: 1, Avg: 1.0, Max: 1, Diff: 0, Sum: 8]
      [GC Worker Other (ms): Min: 0.0, Avg: 0.0, Max: 0.0, Diff: 0.0, Sum: 0.2]
      [GC Worker Total (ms): Min: 5.1, Avg: 6.0, Max: 6.1, Diff: 1.1, Sum: 47.7]
      [GC Worker End (ms): Min: 718.3, Avg: 718.3, Max: 718.4, Diff: 0.0]
   [Code Root Fixup: 0.0 ms]
   [Code Root Purge: 0.0 ms]
   [Clear CT: 0.1 ms]
   [Other: 0.7 ms]
      [Choose CSet: 0.0 ms]
      [Ref Proc: 0.2 ms]
      [Ref Enq: 0.0 ms]
      [Redirty Cards: 0.1 ms]
      [Humongous Register: 0.1 ms]
      [Humongous Reclaim: 0.1 ms]
      [Free CSet: 0.0 ms]
   [Eden: 70.0M(70.0M)->0.0B(15.0M) Survivors: 5120.0K->10.0M Heap: 412.5M(512.0M)->347.2M(512.0M)]
 [Times: user=0.00 sys=0.00, real=0.01 secs] 
2021-01-20T22:02:15.093+0800: 0.722: [GC pause (G1 Evacuation Pause) (mixed), 0.0085016 secs]
   [Parallel Time: 7.7 ms, GC Workers: 8]
      [GC Worker Start (ms): Min: 722.5, Avg: 722.5, Max: 722.6, Diff: 0.1]
      [Ext Root Scanning (ms): Min: 0.1, Avg: 0.1, Max: 0.2, Diff: 0.1, Sum: 1.0]
      [Update RS (ms): Min: 0.3, Avg: 0.4, Max: 0.4, Diff: 0.1, Sum: 3.3]
         [Processed Buffers: Min: 5, Avg: 5.9, Max: 7, Diff: 2, Sum: 47]
      [Scan RS (ms): Min: 0.0, Avg: 0.1, Max: 0.1, Diff: 0.0, Sum: 0.4]
      [Code Root Scanning (ms): Min: 0.0, Avg: 0.0, Max: 0.0, Diff: 0.0, Sum: 0.0]
      [Object Copy (ms): Min: 6.6, Avg: 6.7, Max: 6.9, Diff: 0.3, Sum: 53.6]
      [Termination (ms): Min: 0.0, Avg: 0.2, Max: 0.4, Diff: 0.4, Sum: 1.7]
         [Termination Attempts: Min: 1, Avg: 1.0, Max: 1, Diff: 0, Sum: 8]
      [GC Worker Other (ms): Min: 0.0, Avg: 0.0, Max: 0.0, Diff: 0.0, Sum: 0.3]
      [GC Worker Total (ms): Min: 7.5, Avg: 7.5, Max: 7.6, Diff: 0.1, Sum: 60.2]
      [GC Worker End (ms): Min: 730.0, Avg: 730.1, Max: 730.1, Diff: 0.0]
   [Code Root Fixup: 0.0 ms]
   [Code Root Purge: 0.0 ms]
   [Clear CT: 0.1 ms]
   [Other: 0.7 ms]
      [Choose CSet: 0.0 ms]
      [Ref Proc: 0.2 ms]
      [Ref Enq: 0.0 ms]
      [Redirty Cards: 0.1 ms]
      [Humongous Register: 0.1 ms]
      [Humongous Reclaim: 0.1 ms]
      [Free CSet: 0.2 ms]
   [Eden: 15.0M(15.0M)->0.0B(58.0M) Survivors: 10.0M->4096.0K Heap: 366.9M(512.0M)->329.5M(512.0M)]
 [Times: user=0.00 sys=0.00, real=0.01 secs] 
2021-01-20T22:02:15.103+0800: 0.732: [GC pause (G1 Humongous Allocation) (young) (initial-mark), 0.0018181 secs]
   [Parallel Time: 1.2 ms, GC Workers: 8]
      [GC Worker Start (ms): Min: 732.0, Avg: 732.0, Max: 732.2, Diff: 0.2]
      [Ext Root Scanning (ms): Min: 0.0, Avg: 0.2, Max: 0.2, Diff: 0.2, Sum: 1.4]
      [Update RS (ms): Min: 0.0, Avg: 0.1, Max: 0.3, Diff: 0.3, Sum: 1.1]
         [Processed Buffers: Min: 1, Avg: 1.1, Max: 2, Diff: 1, Sum: 9]
      [Scan RS (ms): Min: 0.0, Avg: 0.0, Max: 0.0, Diff: 0.0, Sum: 0.0]
      [Code Root Scanning (ms): Min: 0.0, Avg: 0.0, Max: 0.0, Diff: 0.0, Sum: 0.0]
      [Object Copy (ms): Min: 0.5, Avg: 0.7, Max: 0.8, Diff: 0.3, Sum: 5.4]
      [Termination (ms): Min: 0.0, Avg: 0.1, Max: 0.1, Diff: 0.1, Sum: 0.5]
         [Termination Attempts: Min: 1, Avg: 1.0, Max: 1, Diff: 0, Sum: 8]
      [GC Worker Other (ms): Min: 0.0, Avg: 0.0, Max: 0.0, Diff: 0.0, Sum: 0.1]
      [GC Worker Total (ms): Min: 0.9, Avg: 1.1, Max: 1.1, Diff: 0.2, Sum: 8.5]
      [GC Worker End (ms): Min: 733.1, Avg: 733.1, Max: 733.1, Diff: 0.0]
   [Code Root Fixup: 0.0 ms]
   [Code Root Purge: 0.0 ms]
   [Clear CT: 0.1 ms]
   [Other: 0.5 ms]
      [Choose CSet: 0.0 ms]
      [Ref Proc: 0.1 ms]
      [Ref Enq: 0.0 ms]
      [Redirty Cards: 0.1 ms]
      [Humongous Register: 0.1 ms]
      [Humongous Reclaim: 0.0 ms]
      [Free CSet: 0.0 ms]
   [Eden: 2048.0K(58.0M)->0.0B(57.0M) Survivors: 4096.0K->5120.0K Heap: 331.3M(512.0M)->329.5M(512.0M)]
 [Times: user=0.00 sys=0.00, real=0.00 secs] 
2021-01-20T22:02:15.104+0800: 0.734: [GC concurrent-root-region-scan-start]
2021-01-20T22:02:15.104+0800: 0.734: [GC concurrent-root-region-scan-end, 0.0002517 secs]
2021-01-20T22:02:15.104+0800: 0.734: [GC concurrent-mark-start]
2021-01-20T22:02:15.106+0800: 0.736: [GC concurrent-mark-end, 0.0021849 secs]
2021-01-20T22:02:15.106+0800: 0.736: [GC remark 2021-01-20T22:02:15.106+0800: 0.736: [Finalize Marking, 0.0001806 secs] 2021-01-20T22:02:15.107+0800: 0.737: [GC ref-proc, 0.0002712 secs] 2021-01-20T22:02:15.107+0800: 0.737: [Unloading, 0.0004993 secs], 0.0017257 secs]
 [Times: user=0.00 sys=0.00, real=0.00 secs] 
2021-01-20T22:02:15.108+0800: 0.738: [GC cleanup 343M->343M(512M), 0.0005217 secs]
 [Times: user=0.00 sys=0.00, real=0.00 secs] 
2021-01-20T22:02:15.124+0800: 0.754: [GC pause (G1 Evacuation Pause) (young), 0.0050879 secs]
   [Parallel Time: 4.4 ms, GC Workers: 8]
      [GC Worker Start (ms): Min: 754.3, Avg: 754.3, Max: 754.4, Diff: 0.1]
      [Ext Root Scanning (ms): Min: 0.1, Avg: 0.1, Max: 0.2, Diff: 0.1, Sum: 0.9]
      [Update RS (ms): Min: 0.4, Avg: 0.4, Max: 0.5, Diff: 0.1, Sum: 3.3]
         [Processed Buffers: Min: 2, Avg: 5.9, Max: 7, Diff: 5, Sum: 47]
      [Scan RS (ms): Min: 0.0, Avg: 0.0, Max: 0.0, Diff: 0.0, Sum: 0.0]
      [Code Root Scanning (ms): Min: 0.0, Avg: 0.0, Max: 0.0, Diff: 0.0, Sum: 0.0]
      [Object Copy (ms): Min: 3.6, Avg: 3.7, Max: 3.8, Diff: 0.2, Sum: 29.6]
      [Termination (ms): Min: 0.0, Avg: 0.1, Max: 0.1, Diff: 0.1, Sum: 0.6]
         [Termination Attempts: Min: 1, Avg: 1.8, Max: 3, Diff: 2, Sum: 14]
      [GC Worker Other (ms): Min: 0.0, Avg: 0.0, Max: 0.0, Diff: 0.0, Sum: 0.1]
      [GC Worker Total (ms): Min: 4.3, Avg: 4.3, Max: 4.4, Diff: 0.1, Sum: 34.5]
      [GC Worker End (ms): Min: 758.7, Avg: 758.7, Max: 758.7, Diff: 0.0]
   [Code Root Fixup: 0.0 ms]
   [Code Root Purge: 0.0 ms]
   [Clear CT: 0.1 ms]
   [Other: 0.5 ms]
      [Choose CSet: 0.0 ms]
      [Ref Proc: 0.1 ms]
      [Ref Enq: 0.0 ms]
      [Redirty Cards: 0.1 ms]
      [Humongous Register: 0.1 ms]
      [Humongous Reclaim: 0.1 ms]
      [Free CSet: 0.1 ms]
   [Eden: 57.0M(57.0M)->0.0B(17.0M) Survivors: 5120.0K->8192.0K Heap: 402.8M(512.0M)->349.5M(512.0M)]
 [Times: user=0.00 sys=0.00, real=0.00 secs] 
2021-01-20T22:02:15.134+0800: 0.764: [GC pause (G1 Evacuation Pause) (mixed), 0.0084687 secs]
   [Parallel Time: 7.8 ms, GC Workers: 8]
      [GC Worker Start (ms): Min: 763.9, Avg: 763.9, Max: 764.1, Diff: 0.2]
      [Ext Root Scanning (ms): Min: 0.0, Avg: 0.1, Max: 0.2, Diff: 0.2, Sum: 1.1]
      [Update RS (ms): Min: 0.6, Avg: 0.6, Max: 0.6, Diff: 0.1, Sum: 4.8]
         [Processed Buffers: Min: 0, Avg: 7.3, Max: 9, Diff: 9, Sum: 58]
      [Scan RS (ms): Min: 0.0, Avg: 0.0, Max: 0.1, Diff: 0.1, Sum: 0.2]
      [Code Root Scanning (ms): Min: 0.0, Avg: 0.0, Max: 0.0, Diff: 0.0, Sum: 0.0]
      [Object Copy (ms): Min: 6.7, Avg: 6.8, Max: 6.9, Diff: 0.2, Sum: 54.7]
      [Termination (ms): Min: 0.0, Avg: 0.1, Max: 0.2, Diff: 0.2, Sum: 0.6]
         [Termination Attempts: Min: 1, Avg: 1.1, Max: 2, Diff: 1, Sum: 9]
      [GC Worker Other (ms): Min: 0.0, Avg: 0.0, Max: 0.0, Diff: 0.0, Sum: 0.1]
      [GC Worker Total (ms): Min: 7.5, Avg: 7.7, Max: 7.7, Diff: 0.2, Sum: 61.5]
      [GC Worker End (ms): Min: 771.6, Avg: 771.6, Max: 771.6, Diff: 0.0]
   [Code Root Fixup: 0.0 ms]
   [Code Root Purge: 0.0 ms]
   [Clear CT: 0.1 ms]
   [Other: 0.5 ms]
      [Choose CSet: 0.0 ms]
      [Ref Proc: 0.1 ms]
      [Ref Enq: 0.0 ms]
      [Redirty Cards: 0.1 ms]
      [Humongous Register: 0.1 ms]
      [Humongous Reclaim: 0.0 ms]
      [Free CSet: 0.1 ms]
   [Eden: 17.0M(17.0M)->0.0B(50.0M) Survivors: 8192.0K->4096.0K Heap: 372.8M(512.0M)->336.6M(512.0M)]
 [Times: user=0.11 sys=0.00, real=0.01 secs] 
2021-01-20T22:02:15.144+0800: 0.773: [GC pause (G1 Humongous Allocation) (young) (initial-mark), 0.0017094 secs]
   [Parallel Time: 1.1 ms, GC Workers: 8]
      [GC Worker Start (ms): Min: 773.5, Avg: 773.5, Max: 773.6, Diff: 0.1]
      [Ext Root Scanning (ms): Min: 0.1, Avg: 0.1, Max: 0.2, Diff: 0.1, Sum: 1.0]
      [Update RS (ms): Min: 0.0, Avg: 0.2, Max: 0.9, Diff: 0.8, Sum: 1.6]
         [Processed Buffers: Min: 0, Avg: 1.1, Max: 2, Diff: 2, Sum: 9]
      [Scan RS (ms): Min: 0.0, Avg: 0.0, Max: 0.0, Diff: 0.0, Sum: 0.0]
      [Code Root Scanning (ms): Min: 0.0, Avg: 0.0, Max: 0.0, Diff: 0.0, Sum: 0.0]
      [Object Copy (ms): Min: 0.0, Avg: 0.6, Max: 0.8, Diff: 0.8, Sum: 5.1]
      [Termination (ms): Min: 0.0, Avg: 0.1, Max: 0.1, Diff: 0.1, Sum: 0.5]
         [Termination Attempts: Min: 1, Avg: 1.0, Max: 1, Diff: 0, Sum: 8]
      [GC Worker Other (ms): Min: 0.0, Avg: 0.0, Max: 0.0, Diff: 0.0, Sum: 0.1]
      [GC Worker Total (ms): Min: 1.0, Avg: 1.0, Max: 1.1, Diff: 0.1, Sum: 8.2]
      [GC Worker End (ms): Min: 774.6, Avg: 774.6, Max: 774.6, Diff: 0.0]
   [Code Root Fixup: 0.0 ms]
   [Code Root Purge: 0.0 ms]
   [Clear CT: 0.1 ms]
   [Other: 0.4 ms]
      [Choose CSet: 0.0 ms]
      [Ref Proc: 0.1 ms]
      [Ref Enq: 0.0 ms]
      [Redirty Cards: 0.1 ms]
      [Humongous Register: 0.1 ms]
      [Humongous Reclaim: 0.0 ms]
      [Free CSet: 0.0 ms]
   [Eden: 4096.0K(50.0M)->0.0B(49.0M) Survivors: 4096.0K->5120.0K Heap: 340.0M(512.0M)->337.4M(512.0M)]
 [Times: user=0.00 sys=0.00, real=0.00 secs] 
2021-01-20T22:02:15.145+0800: 0.775: [GC concurrent-root-region-scan-start]
2021-01-20T22:02:15.146+0800: 0.775: [GC concurrent-root-region-scan-end, 0.0001321 secs]
2021-01-20T22:02:15.146+0800: 0.775: [GC concurrent-mark-start]
2021-01-20T22:02:15.148+0800: 0.777: [GC concurrent-mark-end, 0.0020476 secs]
2021-01-20T22:02:15.148+0800: 0.778: [GC remark 2021-01-20T22:02:15.148+0800: 0.778: [Finalize Marking, 0.0001499 secs] 2021-01-20T22:02:15.148+0800: 0.778: [GC ref-proc, 0.0003485 secs] 2021-01-20T22:02:15.148+0800: 0.778: [Unloading, 0.0005416 secs], 0.0019187 secs]
 [Times: user=0.00 sys=0.00, real=0.00 secs] 
2021-01-20T22:02:15.150+0800: 0.780: [GC cleanup 348M->348M(512M), 0.0005866 secs]
 [Times: user=0.00 sys=0.00, real=0.00 secs] 
2021-01-20T22:02:15.159+0800: 0.789: [GC pause (G1 Evacuation Pause) (young), 0.0049616 secs]
   [Parallel Time: 4.2 ms, GC Workers: 8]
      [GC Worker Start (ms): Min: 789.0, Avg: 789.1, Max: 789.1, Diff: 0.1]
      [Ext Root Scanning (ms): Min: 0.1, Avg: 0.1, Max: 0.2, Diff: 0.1, Sum: 1.1]
      [Update RS (ms): Min: 0.4, Avg: 0.4, Max: 0.4, Diff: 0.1, Sum: 3.1]
         [Processed Buffers: Min: 2, Avg: 5.6, Max: 8, Diff: 6, Sum: 45]
      [Scan RS (ms): Min: 0.0, Avg: 0.0, Max: 0.0, Diff: 0.0, Sum: 0.0]
      [Code Root Scanning (ms): Min: 0.0, Avg: 0.0, Max: 0.0, Diff: 0.0, Sum: 0.0]
      [Object Copy (ms): Min: 3.4, Avg: 3.5, Max: 3.5, Diff: 0.2, Sum: 27.7]
      [Termination (ms): Min: 0.0, Avg: 0.1, Max: 0.2, Diff: 0.2, Sum: 0.6]
         [Termination Attempts: Min: 1, Avg: 1.0, Max: 1, Diff: 0, Sum: 8]
      [GC Worker Other (ms): Min: 0.0, Avg: 0.0, Max: 0.0, Diff: 0.0, Sum: 0.1]
      [GC Worker Total (ms): Min: 4.0, Avg: 4.1, Max: 4.1, Diff: 0.1, Sum: 32.6]
      [GC Worker End (ms): Min: 793.1, Avg: 793.1, Max: 793.1, Diff: 0.0]
   [Code Root Fixup: 0.0 ms]
   [Code Root Purge: 0.0 ms]
   [Clear CT: 0.1 ms]
   [Other: 0.7 ms]
      [Choose CSet: 0.0 ms]
      [Ref Proc: 0.3 ms]
      [Ref Enq: 0.0 ms]
      [Redirty Cards: 0.1 ms]
      [Humongous Register: 0.1 ms]
      [Humongous Reclaim: 0.1 ms]
      [Free CSet: 0.1 ms]
   [Eden: 49.0M(49.0M)->0.0B(18.0M) Survivors: 5120.0K->7168.0K Heap: 397.0M(512.0M)->351.0M(512.0M)]
 [Times: user=0.00 sys=0.00, real=0.01 secs] 
2021-01-20T22:02:15.170+0800: 0.800: [GC pause (G1 Evacuation Pause) (mixed), 0.0078537 secs]
   [Parallel Time: 7.1 ms, GC Workers: 8]
      [GC Worker Start (ms): Min: 800.0, Avg: 800.1, Max: 800.3, Diff: 0.2]
      [Ext Root Scanning (ms): Min: 0.0, Avg: 0.1, Max: 0.2, Diff: 0.2, Sum: 1.2]
      [Update RS (ms): Min: 0.3, Avg: 0.4, Max: 0.4, Diff: 0.1, Sum: 2.9]
         [Processed Buffers: Min: 1, Avg: 5.0, Max: 7, Diff: 6, Sum: 40]
      [Scan RS (ms): Min: 0.0, Avg: 0.0, Max: 0.0, Diff: 0.0, Sum: 0.2]
      [Code Root Scanning (ms): Min: 0.0, Avg: 0.0, Max: 0.0, Diff: 0.0, Sum: 0.0]
      [Object Copy (ms): Min: 6.2, Avg: 6.3, Max: 6.4, Diff: 0.1, Sum: 50.6]
      [Termination (ms): Min: 0.0, Avg: 0.1, Max: 0.1, Diff: 0.1, Sum: 0.4]
         [Termination Attempts: Min: 1, Avg: 1.0, Max: 1, Diff: 0, Sum: 8]
      [GC Worker Other (ms): Min: 0.0, Avg: 0.0, Max: 0.0, Diff: 0.0, Sum: 0.1]
      [GC Worker Total (ms): Min: 6.7, Avg: 6.9, Max: 7.0, Diff: 0.2, Sum: 55.3]
      [GC Worker End (ms): Min: 807.0, Avg: 807.0, Max: 807.0, Diff: 0.0]
   [Code Root Fixup: 0.0 ms]
   [Code Root Purge: 0.0 ms]
   [Clear CT: 0.1 ms]
   [Other: 0.6 ms]
      [Choose CSet: 0.0 ms]
      [Ref Proc: 0.2 ms]
      [Ref Enq: 0.0 ms]
      [Redirty Cards: 0.1 ms]
      [Humongous Register: 0.2 ms]
      [Humongous Reclaim: 0.0 ms]
      [Free CSet: 0.1 ms]
   [Eden: 18.0M(18.0M)->0.0B(47.0M) Survivors: 7168.0K->4096.0K Heap: 372.7M(512.0M)->340.3M(512.0M)]
 [Times: user=0.00 sys=0.00, real=0.01 secs] 
2021-01-20T22:02:15.178+0800: 0.808: [GC pause (G1 Humongous Allocation) (young) (initial-mark), 0.0015218 secs]
   [Parallel Time: 0.9 ms, GC Workers: 8]
      [GC Worker Start (ms): Min: 808.0, Avg: 808.0, Max: 808.0, Diff: 0.1]
      [Ext Root Scanning (ms): Min: 0.1, Avg: 0.1, Max: 0.1, Diff: 0.1, Sum: 1.0]
      [Update RS (ms): Min: 0.0, Avg: 0.1, Max: 0.2, Diff: 0.1, Sum: 0.7]
         [Processed Buffers: Min: 1, Avg: 1.1, Max: 2, Diff: 1, Sum: 9]
      [Scan RS (ms): Min: 0.0, Avg: 0.0, Max: 0.0, Diff: 0.0, Sum: 0.0]
      [Code Root Scanning (ms): Min: 0.0, Avg: 0.0, Max: 0.0, Diff: 0.0, Sum: 0.0]
      [Object Copy (ms): Min: 0.5, Avg: 0.6, Max: 0.7, Diff: 0.2, Sum: 4.4]
      [Termination (ms): Min: 0.0, Avg: 0.1, Max: 0.1, Diff: 0.1, Sum: 0.6]
         [Termination Attempts: Min: 1, Avg: 1.0, Max: 1, Diff: 0, Sum: 8]
      [GC Worker Other (ms): Min: 0.0, Avg: 0.0, Max: 0.0, Diff: 0.0, Sum: 0.1]
      [GC Worker Total (ms): Min: 0.8, Avg: 0.8, Max: 0.9, Diff: 0.0, Sum: 6.7]
      [GC Worker End (ms): Min: 808.8, Avg: 808.8, Max: 808.8, Diff: 0.0]
   [Code Root Fixup: 0.0 ms]
   [Code Root Purge: 0.0 ms]
   [Clear CT: 0.1 ms]
   [Other: 0.5 ms]
      [Choose CSet: 0.0 ms]
      [Ref Proc: 0.1 ms]
      [Ref Enq: 0.0 ms]
      [Redirty Cards: 0.1 ms]
      [Humongous Register: 0.1 ms]
      [Humongous Reclaim: 0.0 ms]
      [Free CSet: 0.0 ms]
   [Eden: 1024.0K(47.0M)->0.0B(48.0M) Survivors: 4096.0K->4096.0K Heap: 340.9M(512.0M)->340.1M(512.0M)]
 [Times: user=0.00 sys=0.00, real=0.00 secs] 
2021-01-20T22:02:15.180+0800: 0.810: [GC concurrent-root-region-scan-start]
2021-01-20T22:02:15.180+0800: 0.810: [GC concurrent-root-region-scan-end, 0.0001769 secs]
2021-01-20T22:02:15.180+0800: 0.810: [GC concurrent-mark-start]
2021-01-20T22:02:15.182+0800: 0.812: [GC concurrent-mark-end, 0.0021591 secs]
2021-01-20T22:02:15.182+0800: 0.812: [GC remark 2021-01-20T22:02:15.182+0800: 0.812: [Finalize Marking, 0.0001639 secs] 2021-01-20T22:02:15.183+0800: 0.812: [GC ref-proc, 0.0002750 secs] 2021-01-20T22:02:15.183+0800: 0.813: [Unloading, 0.0005216 secs], 0.0018089 secs]
 [Times: user=0.02 sys=0.00, real=0.00 secs] 
2021-01-20T22:02:15.184+0800: 0.814: [GC cleanup 351M->351M(512M), 0.0006227 secs]
 [Times: user=0.00 sys=0.00, real=0.00 secs] 
2021-01-20T22:02:15.193+0800: 0.823: [GC pause (G1 Evacuation Pause) (young), 0.0055926 secs]
   [Parallel Time: 4.7 ms, GC Workers: 8]
      [GC Worker Start (ms): Min: 823.4, Avg: 823.4, Max: 823.5, Diff: 0.1]
      [Ext Root Scanning (ms): Min: 0.1, Avg: 0.1, Max: 0.2, Diff: 0.1, Sum: 1.0]
      [Update RS (ms): Min: 0.7, Avg: 0.7, Max: 0.7, Diff: 0.0, Sum: 5.6]
         [Processed Buffers: Min: 6, Avg: 9.3, Max: 11, Diff: 5, Sum: 74]
      [Scan RS (ms): Min: 0.0, Avg: 0.0, Max: 0.0, Diff: 0.0, Sum: 0.0]
      [Code Root Scanning (ms): Min: 0.0, Avg: 0.0, Max: 0.0, Diff: 0.0, Sum: 0.0]
      [Object Copy (ms): Min: 3.5, Avg: 3.6, Max: 3.7, Diff: 0.2, Sum: 29.2]
      [Termination (ms): Min: 0.0, Avg: 0.1, Max: 0.2, Diff: 0.2, Sum: 0.7]
         [Termination Attempts: Min: 1, Avg: 1.0, Max: 1, Diff: 0, Sum: 8]
      [GC Worker Other (ms): Min: 0.0, Avg: 0.0, Max: 0.0, Diff: 0.0, Sum: 0.1]
      [GC Worker Total (ms): Min: 4.5, Avg: 4.6, Max: 4.6, Diff: 0.1, Sum: 36.7]
      [GC Worker End (ms): Min: 828.0, Avg: 828.0, Max: 828.0, Diff: 0.0]
   [Code Root Fixup: 0.0 ms]
   [Code Root Purge: 0.0 ms]
   [Clear CT: 0.1 ms]
   [Other: 0.8 ms]
      [Choose CSet: 0.0 ms]
      [Ref Proc: 0.1 ms]
      [Ref Enq: 0.0 ms]
      [Redirty Cards: 0.1 ms]
      [Humongous Register: 0.2 ms]
      [Humongous Reclaim: 0.1 ms]
      [Free CSet: 0.1 ms]
   [Eden: 48.0M(48.0M)->0.0B(18.0M) Survivors: 4096.0K->7168.0K Heap: 400.9M(512.0M)->352.7M(512.0M)]
 [Times: user=0.00 sys=0.00, real=0.01 secs] 
2021-01-20T22:02:15.203+0800: 0.833: [GC pause (G1 Evacuation Pause) (mixed), 0.0067979 secs]
   [Parallel Time: 6.1 ms, GC Workers: 8]
      [GC Worker Start (ms): Min: 833.2, Avg: 833.3, Max: 833.3, Diff: 0.1]
      [Ext Root Scanning (ms): Min: 0.1, Avg: 0.1, Max: 0.2, Diff: 0.1, Sum: 1.1]
      [Update RS (ms): Min: 0.3, Avg: 0.4, Max: 0.4, Diff: 0.1, Sum: 3.0]
         [Processed Buffers: Min: 5, Avg: 5.5, Max: 6, Diff: 1, Sum: 44]
      [Scan RS (ms): Min: 0.0, Avg: 0.1, Max: 0.2, Diff: 0.2, Sum: 0.4]
      [Code Root Scanning (ms): Min: 0.0, Avg: 0.0, Max: 0.0, Diff: 0.0, Sum: 0.0]
      [Object Copy (ms): Min: 5.3, Avg: 5.3, Max: 5.4, Diff: 0.1, Sum: 42.6]
      [Termination (ms): Min: 0.0, Avg: 0.1, Max: 0.1, Diff: 0.1, Sum: 0.5]
         [Termination Attempts: Min: 1, Avg: 1.0, Max: 1, Diff: 0, Sum: 8]
      [GC Worker Other (ms): Min: 0.0, Avg: 0.0, Max: 0.0, Diff: 0.0, Sum: 0.1]
      [GC Worker Total (ms): Min: 5.9, Avg: 6.0, Max: 6.0, Diff: 0.1, Sum: 47.8]
      [GC Worker End (ms): Min: 839.2, Avg: 839.2, Max: 839.2, Diff: 0.0]
   [Code Root Fixup: 0.0 ms]
   [Code Root Purge: 0.0 ms]
   [Clear CT: 0.1 ms]
   [Other: 0.6 ms]
      [Choose CSet: 0.0 ms]
      [Ref Proc: 0.1 ms]
      [Ref Enq: 0.0 ms]
      [Redirty Cards: 0.1 ms]
      [Humongous Register: 0.1 ms]
      [Humongous Reclaim: 0.1 ms]
      [Free CSet: 0.1 ms]
   [Eden: 18.0M(18.0M)->0.0B(46.0M) Survivors: 7168.0K->4096.0K Heap: 375.2M(512.0M)->342.3M(512.0M)]
 [Times: user=0.00 sys=0.00, real=0.01 secs] 
2021-01-20T22:02:15.211+0800: 0.841: [GC pause (G1 Humongous Allocation) (young) (initial-mark), 0.0019109 secs]
   [Parallel Time: 1.1 ms, GC Workers: 8]
      [GC Worker Start (ms): Min: 840.9, Avg: 840.9, Max: 841.0, Diff: 0.1]
      [Ext Root Scanning (ms): Min: 0.1, Avg: 0.1, Max: 0.2, Diff: 0.1, Sum: 1.1]
      [Update RS (ms): Min: 0.1, Avg: 0.1, Max: 0.4, Diff: 0.3, Sum: 1.1]
         [Processed Buffers: Min: 1, Avg: 1.1, Max: 2, Diff: 1, Sum: 9]
      [Scan RS (ms): Min: 0.0, Avg: 0.0, Max: 0.0, Diff: 0.0, Sum: 0.0]
      [Code Root Scanning (ms): Min: 0.0, Avg: 0.0, Max: 0.0, Diff: 0.0, Sum: 0.0]
      [Object Copy (ms): Min: 0.4, Avg: 0.7, Max: 0.8, Diff: 0.4, Sum: 5.2]
      [Termination (ms): Min: 0.0, Avg: 0.1, Max: 0.2, Diff: 0.2, Sum: 0.5]
         [Termination Attempts: Min: 1, Avg: 1.0, Max: 1, Diff: 0, Sum: 8]
      [GC Worker Other (ms): Min: 0.0, Avg: 0.0, Max: 0.0, Diff: 0.0, Sum: 0.1]
      [GC Worker Total (ms): Min: 1.0, Avg: 1.0, Max: 1.1, Diff: 0.1, Sum: 8.1]
      [GC Worker End (ms): Min: 842.0, Avg: 842.0, Max: 842.0, Diff: 0.0]
   [Code Root Fixup: 0.0 ms]
   [Code Root Purge: 0.0 ms]
   [Clear CT: 0.1 ms]
   [Other: 0.7 ms]
      [Choose CSet: 0.0 ms]
      [Ref Proc: 0.2 ms]
      [Ref Enq: 0.0 ms]
      [Redirty Cards: 0.1 ms]
      [Humongous Register: 0.2 ms]
      [Humongous Reclaim: 0.0 ms]
      [Free CSet: 0.1 ms]
   [Eden: 1024.0K(46.0M)->0.0B(47.0M) Survivors: 4096.0K->1024.0K Heap: 342.9M(512.0M)->342.6M(512.0M)]
 [Times: user=0.00 sys=0.00, real=0.00 secs] 
2021-01-20T22:02:15.213+0800: 0.843: [GC concurrent-root-region-scan-start]
2021-01-20T22:02:15.214+0800: 0.843: [GC concurrent-root-region-scan-end, 0.0003281 secs]
2021-01-20T22:02:15.214+0800: 0.843: [GC concurrent-mark-start]
2021-01-20T22:02:15.216+0800: 0.846: [GC concurrent-mark-end, 0.0032295 secs]
2021-01-20T22:02:15.216+0800: 0.846: [GC remark 2021-01-20T22:02:15.216+0800: 0.846: [Finalize Marking, 0.0001598 secs] 2021-01-20T22:02:15.217+0800: 0.847: [GC ref-proc, 0.0002723 secs] 2021-01-20T22:02:15.217+0800: 0.847: [Unloading, 0.0004511 secs], 0.0017982 secs]
 [Times: user=0.00 sys=0.00, real=0.00 secs] 
2021-01-20T22:02:15.218+0800: 0.848: [GC cleanup 354M->354M(512M), 0.0005961 secs]
 [Times: user=0.00 sys=0.00, real=0.00 secs] 
2021-01-20T22:02:15.228+0800: 0.858: [GC pause (G1 Evacuation Pause) (young), 0.0039343 secs]
   [Parallel Time: 3.5 ms, GC Workers: 8]
      [GC Worker Start (ms): Min: 857.9, Avg: 858.0, Max: 858.0, Diff: 0.1]
      [Ext Root Scanning (ms): Min: 0.1, Avg: 0.1, Max: 0.1, Diff: 0.1, Sum: 0.9]
      [Update RS (ms): Min: 0.7, Avg: 0.7, Max: 0.7, Diff: 0.0, Sum: 5.4]
         [Processed Buffers: Min: 8, Avg: 10.0, Max: 11, Diff: 3, Sum: 80]
      [Scan RS (ms): Min: 0.0, Avg: 0.0, Max: 0.0, Diff: 0.0, Sum: 0.0]
      [Code Root Scanning (ms): Min: 0.0, Avg: 0.0, Max: 0.0, Diff: 0.0, Sum: 0.0]
      [Object Copy (ms): Min: 2.5, Avg: 2.5, Max: 2.6, Diff: 0.1, Sum: 20.2]
      [Termination (ms): Min: 0.0, Avg: 0.0, Max: 0.1, Diff: 0.1, Sum: 0.3]
         [Termination Attempts: Min: 1, Avg: 1.0, Max: 1, Diff: 0, Sum: 8]
      [GC Worker Other (ms): Min: 0.0, Avg: 0.0, Max: 0.0, Diff: 0.0, Sum: 0.1]
      [GC Worker Total (ms): Min: 3.3, Avg: 3.4, Max: 3.4, Diff: 0.1, Sum: 26.9]
      [GC Worker End (ms): Min: 861.3, Avg: 861.3, Max: 861.3, Diff: 0.0]
   [Code Root Fixup: 0.0 ms]
   [Code Root Purge: 0.0 ms]
   [Clear CT: 0.1 ms]
   [Other: 0.4 ms]
      [Choose CSet: 0.0 ms]
      [Ref Proc: 0.1 ms]
      [Ref Enq: 0.0 ms]
      [Redirty Cards: 0.1 ms]
      [Humongous Register: 0.1 ms]
      [Humongous Reclaim: 0.0 ms]
      [Free CSet: 0.0 ms]
   [Eden: 47.0M(47.0M)->0.0B(19.0M) Survivors: 1024.0K->6144.0K Heap: 399.8M(512.0M)->356.9M(512.0M)]
 [Times: user=0.13 sys=0.00, real=0.00 secs] 
2021-01-20T22:02:15.236+0800: 0.866: [GC pause (G1 Evacuation Pause) (mixed), 0.0065094 secs]
   [Parallel Time: 5.9 ms, GC Workers: 8]
      [GC Worker Start (ms): Min: 866.3, Avg: 866.4, Max: 866.4, Diff: 0.1]
      [Ext Root Scanning (ms): Min: 0.1, Avg: 0.1, Max: 0.2, Diff: 0.1, Sum: 0.9]
      [Update RS (ms): Min: 0.4, Avg: 0.4, Max: 0.5, Diff: 0.1, Sum: 3.5]
         [Processed Buffers: Min: 6, Avg: 6.6, Max: 7, Diff: 1, Sum: 53]
      [Scan RS (ms): Min: 0.0, Avg: 0.0, Max: 0.0, Diff: 0.0, Sum: 0.2]
      [Code Root Scanning (ms): Min: 0.0, Avg: 0.0, Max: 0.0, Diff: 0.0, Sum: 0.0]
      [Object Copy (ms): Min: 5.1, Avg: 5.1, Max: 5.2, Diff: 0.1, Sum: 41.0]
      [Termination (ms): Min: 0.0, Avg: 0.1, Max: 0.2, Diff: 0.2, Sum: 0.8]
         [Termination Attempts: Min: 1, Avg: 1.0, Max: 1, Diff: 0, Sum: 8]
      [GC Worker Other (ms): Min: 0.0, Avg: 0.0, Max: 0.0, Diff: 0.0, Sum: 0.1]
      [GC Worker Total (ms): Min: 5.7, Avg: 5.8, Max: 5.9, Diff: 0.1, Sum: 46.5]
      [GC Worker End (ms): Min: 872.2, Avg: 872.2, Max: 872.2, Diff: 0.0]
   [Code Root Fixup: 0.0 ms]
   [Code Root Purge: 0.0 ms]
   [Clear CT: 0.1 ms]
   [Other: 0.5 ms]
      [Choose CSet: 0.0 ms]
      [Ref Proc: 0.1 ms]
      [Ref Enq: 0.0 ms]
      [Redirty Cards: 0.1 ms]
      [Humongous Register: 0.1 ms]
      [Humongous Reclaim: 0.0 ms]
      [Free CSet: 0.1 ms]
   [Eden: 19.0M(19.0M)->0.0B(42.0M) Survivors: 6144.0K->4096.0K Heap: 381.5M(512.0M)->348.0M(512.0M)]
 [Times: user=0.00 sys=0.00, real=0.01 secs] 
2021-01-20T22:02:15.244+0800: 0.874: [GC pause (G1 Humongous Allocation) (young) (initial-mark), 0.0018366 secs]
   [Parallel Time: 1.2 ms, GC Workers: 8]
      [GC Worker Start (ms): Min: 874.0, Avg: 874.0, Max: 874.2, Diff: 0.2]
      [Ext Root Scanning (ms): Min: 0.0, Avg: 0.2, Max: 0.3, Diff: 0.3, Sum: 1.5]
      [Update RS (ms): Min: 0.0, Avg: 0.2, Max: 0.8, Diff: 0.7, Sum: 1.5]
         [Processed Buffers: Min: 1, Avg: 1.1, Max: 2, Diff: 1, Sum: 9]
      [Scan RS (ms): Min: 0.0, Avg: 0.0, Max: 0.0, Diff: 0.0, Sum: 0.0]
      [Code Root Scanning (ms): Min: 0.0, Avg: 0.0, Max: 0.0, Diff: 0.0, Sum: 0.0]
      [Object Copy (ms): Min: 0.1, Avg: 0.7, Max: 0.9, Diff: 0.8, Sum: 5.4]
      [Termination (ms): Min: 0.0, Avg: 0.1, Max: 0.1, Diff: 0.1, Sum: 0.5]
         [Termination Attempts: Min: 1, Avg: 1.0, Max: 1, Diff: 0, Sum: 8]
      [GC Worker Other (ms): Min: 0.0, Avg: 0.0, Max: 0.0, Diff: 0.0, Sum: 0.1]
      [GC Worker Total (ms): Min: 1.0, Avg: 1.1, Max: 1.2, Diff: 0.2, Sum: 9.0]
      [GC Worker End (ms): Min: 875.1, Avg: 875.1, Max: 875.1, Diff: 0.0]
   [Code Root Fixup: 0.0 ms]
   [Code Root Purge: 0.0 ms]
   [Clear CT: 0.1 ms]
   [Other: 0.5 ms]
      [Choose CSet: 0.0 ms]
      [Ref Proc: 0.1 ms]
      [Ref Enq: 0.0 ms]
      [Redirty Cards: 0.1 ms]
      [Humongous Register: 0.1 ms]
      [Humongous Reclaim: 0.0 ms]
      [Free CSet: 0.0 ms]
   [Eden: 3072.0K(42.0M)->0.0B(40.0M) Survivors: 4096.0K->2048.0K Heap: 350.2M(512.0M)->347.3M(512.0M)]
 [Times: user=0.00 sys=0.00, real=0.00 secs] 
2021-01-20T22:02:15.246+0800: 0.876: [GC concurrent-root-region-scan-start]
2021-01-20T22:02:15.246+0800: 0.876: [GC concurrent-root-region-scan-end, 0.0002879 secs]
2021-01-20T22:02:15.246+0800: 0.876: [GC concurrent-mark-start]
2021-01-20T22:02:15.249+0800: 0.878: [GC concurrent-mark-end, 0.0024412 secs]
2021-01-20T22:02:15.249+0800: 0.879: [GC remark 2021-01-20T22:02:15.249+0800: 0.879: [Finalize Marking, 0.0001544 secs] 2021-01-20T22:02:15.249+0800: 0.879: [GC ref-proc, 0.0002779 secs] 2021-01-20T22:02:15.250+0800: 0.879: [Unloading, 0.0004950 secs], 0.0017774 secs]
 [Times: user=0.00 sys=0.00, real=0.00 secs] 
2021-01-20T22:02:15.251+0800: 0.881: [GC cleanup 361M->361M(512M), 0.0005749 secs]
 [Times: user=0.00 sys=0.00, real=0.00 secs] 
2021-01-20T22:02:15.258+0800: 0.888: [GC pause (G1 Evacuation Pause) (young), 0.0039449 secs]
   [Parallel Time: 3.3 ms, GC Workers: 8]
      [GC Worker Start (ms): Min: 887.8, Avg: 887.8, Max: 887.9, Diff: 0.1]
      [Ext Root Scanning (ms): Min: 0.1, Avg: 0.1, Max: 0.2, Diff: 0.1, Sum: 1.0]
      [Update RS (ms): Min: 0.6, Avg: 0.6, Max: 0.7, Diff: 0.0, Sum: 5.1]
         [Processed Buffers: Min: 8, Avg: 9.0, Max: 10, Diff: 2, Sum: 72]
      [Scan RS (ms): Min: 0.0, Avg: 0.0, Max: 0.0, Diff: 0.0, Sum: 0.0]
      [Code Root Scanning (ms): Min: 0.0, Avg: 0.0, Max: 0.0, Diff: 0.0, Sum: 0.0]
      [Object Copy (ms): Min: 2.3, Avg: 2.4, Max: 2.5, Diff: 0.1, Sum: 19.0]
      [Termination (ms): Min: 0.0, Avg: 0.1, Max: 0.1, Diff: 0.1, Sum: 0.5]
         [Termination Attempts: Min: 1, Avg: 1.0, Max: 1, Diff: 0, Sum: 8]
      [GC Worker Other (ms): Min: 0.0, Avg: 0.0, Max: 0.0, Diff: 0.0, Sum: 0.1]
      [GC Worker Total (ms): Min: 3.2, Avg: 3.2, Max: 3.3, Diff: 0.1, Sum: 25.8]
      [GC Worker End (ms): Min: 891.0, Avg: 891.0, Max: 891.0, Diff: 0.0]
   [Code Root Fixup: 0.0 ms]
   [Code Root Purge: 0.0 ms]
   [Clear CT: 0.1 ms]
   [Other: 0.5 ms]
      [Choose CSet: 0.0 ms]
      [Ref Proc: 0.1 ms]
      [Ref Enq: 0.0 ms]
      [Redirty Cards: 0.1 ms]
      [Humongous Register: 0.1 ms]
      [Humongous Reclaim: 0.1 ms]
      [Free CSet: 0.0 ms]
   [Eden: 40.0M(40.0M)->0.0B(19.0M) Survivors: 2048.0K->6144.0K Heap: 395.2M(512.0M)->360.8M(512.0M)]
 [Times: user=0.00 sys=0.00, real=0.00 secs] 
2021-01-20T22:02:15.268+0800: 0.898: [GC pause (G1 Evacuation Pause) (mixed), 0.0086080 secs]
   [Parallel Time: 7.9 ms, GC Workers: 8]
      [GC Worker Start (ms): Min: 898.4, Avg: 898.5, Max: 898.6, Diff: 0.2]
      [Ext Root Scanning (ms): Min: 0.0, Avg: 0.1, Max: 0.2, Diff: 0.2, Sum: 0.9]
      [Update RS (ms): Min: 0.7, Avg: 0.7, Max: 0.8, Diff: 0.1, Sum: 5.7]
         [Processed Buffers: Min: 1, Avg: 9.6, Max: 11, Diff: 10, Sum: 77]
      [Scan RS (ms): Min: 0.0, Avg: 0.0, Max: 0.0, Diff: 0.0, Sum: 0.2]
      [Code Root Scanning (ms): Min: 0.0, Avg: 0.0, Max: 0.0, Diff: 0.0, Sum: 0.0]
      [Object Copy (ms): Min: 6.8, Avg: 6.8, Max: 6.9, Diff: 0.1, Sum: 54.8]
      [Termination (ms): Min: 0.0, Avg: 0.1, Max: 0.1, Diff: 0.1, Sum: 0.5]
         [Termination Attempts: Min: 1, Avg: 1.0, Max: 1, Diff: 0, Sum: 8]
      [GC Worker Other (ms): Min: 0.0, Avg: 0.0, Max: 0.0, Diff: 0.0, Sum: 0.1]
      [GC Worker Total (ms): Min: 7.7, Avg: 7.8, Max: 7.8, Diff: 0.2, Sum: 62.2]
      [GC Worker End (ms): Min: 906.2, Avg: 906.2, Max: 906.2, Diff: 0.0]
   [Code Root Fixup: 0.0 ms]
   [Code Root Purge: 0.0 ms]
   [Clear CT: 0.1 ms]
   [Other: 0.6 ms]
      [Choose CSet: 0.0 ms]
      [Ref Proc: 0.1 ms]
      [Ref Enq: 0.0 ms]
      [Redirty Cards: 0.1 ms]
      [Humongous Register: 0.1 ms]
      [Humongous Reclaim: 0.0 ms]
      [Free CSet: 0.1 ms]
   [Eden: 19.0M(19.0M)->0.0B(39.0M) Survivors: 6144.0K->4096.0K Heap: 388.2M(512.0M)->348.7M(512.0M)]
 [Times: user=0.00 sys=0.00, real=0.01 secs] 
2021-01-20T22:02:15.278+0800: 0.908: [GC pause (G1 Humongous Allocation) (young) (initial-mark), 0.0017447 secs]
   [Parallel Time: 1.2 ms, GC Workers: 8]
      [GC Worker Start (ms): Min: 907.8, Avg: 907.8, Max: 907.9, Diff: 0.1]
      [Ext Root Scanning (ms): Min: 0.1, Avg: 0.1, Max: 0.2, Diff: 0.1, Sum: 1.1]
      [Update RS (ms): Min: 0.0, Avg: 0.1, Max: 0.3, Diff: 0.2, Sum: 0.9]
         [Processed Buffers: Min: 1, Avg: 1.1, Max: 2, Diff: 1, Sum: 9]
      [Scan RS (ms): Min: 0.0, Avg: 0.0, Max: 0.0, Diff: 0.0, Sum: 0.0]
      [Code Root Scanning (ms): Min: 0.0, Avg: 0.0, Max: 0.0, Diff: 0.0, Sum: 0.0]
      [Object Copy (ms): Min: 0.7, Avg: 0.8, Max: 0.9, Diff: 0.2, Sum: 6.7]
      [Termination (ms): Min: 0.0, Avg: 0.0, Max: 0.1, Diff: 0.1, Sum: 0.3]
         [Termination Attempts: Min: 1, Avg: 1.0, Max: 1, Diff: 0, Sum: 8]
      [GC Worker Other (ms): Min: 0.0, Avg: 0.0, Max: 0.0, Diff: 0.0, Sum: 0.1]
      [GC Worker Total (ms): Min: 1.1, Avg: 1.1, Max: 1.2, Diff: 0.1, Sum: 9.0]
      [GC Worker End (ms): Min: 909.0, Avg: 909.0, Max: 909.0, Diff: 0.0]
   [Code Root Fixup: 0.0 ms]
   [Code Root Purge: 0.0 ms]
   [Clear CT: 0.1 ms]
   [Other: 0.4 ms]
      [Choose CSet: 0.0 ms]
      [Ref Proc: 0.1 ms]
      [Ref Enq: 0.0 ms]
      [Redirty Cards: 0.1 ms]
      [Humongous Register: 0.1 ms]
      [Humongous Reclaim: 0.0 ms]
      [Free CSet: 0.0 ms]
   [Eden: 4096.0K(39.0M)->0.0B(36.0M) Survivors: 4096.0K->2048.0K Heap: 351.9M(512.0M)->349.7M(512.0M)]
 [Times: user=0.00 sys=0.00, real=0.00 secs] 
2021-01-20T22:02:15.280+0800: 0.910: [GC concurrent-root-region-scan-start]
2021-01-20T22:02:15.280+0800: 0.910: [GC concurrent-root-region-scan-end, 0.0001432 secs]
2021-01-20T22:02:15.280+0800: 0.910: [GC concurrent-mark-start]
2021-01-20T22:02:15.283+0800: 0.913: [GC concurrent-mark-end, 0.0029316 secs]
2021-01-20T22:02:15.283+0800: 0.913: [GC remark 2021-01-20T22:02:15.283+0800: 0.913: [Finalize Marking, 0.0001596 secs] 2021-01-20T22:02:15.283+0800: 0.913: [GC ref-proc, 0.0002869 secs] 2021-01-20T22:02:15.284+0800: 0.914: [Unloading, 0.0004527 secs], 0.0018110 secs]
 [Times: user=0.00 sys=0.00, real=0.00 secs] 
2021-01-20T22:02:15.285+0800: 0.915: [GC cleanup 364M->364M(512M), 0.0005975 secs]
 [Times: user=0.00 sys=0.00, real=0.00 secs] 
2021-01-20T22:02:15.291+0800: 0.921: [GC pause (G1 Evacuation Pause) (young), 0.0041812 secs]
   [Parallel Time: 3.4 ms, GC Workers: 8]
      [GC Worker Start (ms): Min: 921.4, Avg: 921.4, Max: 921.5, Diff: 0.1]
      [Ext Root Scanning (ms): Min: 0.1, Avg: 0.1, Max: 0.1, Diff: 0.1, Sum: 0.9]
      [Update RS (ms): Min: 0.6, Avg: 0.6, Max: 0.6, Diff: 0.0, Sum: 4.6]
         [Processed Buffers: Min: 8, Avg: 9.0, Max: 10, Diff: 2, Sum: 72]
      [Scan RS (ms): Min: 0.0, Avg: 0.0, Max: 0.0, Diff: 0.0, Sum: 0.0]
      [Code Root Scanning (ms): Min: 0.0, Avg: 0.0, Max: 0.0, Diff: 0.0, Sum: 0.0]
      [Object Copy (ms): Min: 2.4, Avg: 2.5, Max: 2.6, Diff: 0.2, Sum: 20.2]
      [Termination (ms): Min: 0.0, Avg: 0.1, Max: 0.1, Diff: 0.1, Sum: 0.5]
         [Termination Attempts: Min: 1, Avg: 1.0, Max: 1, Diff: 0, Sum: 8]
      [GC Worker Other (ms): Min: 0.0, Avg: 0.0, Max: 0.0, Diff: 0.0, Sum: 0.1]
      [GC Worker Total (ms): Min: 3.3, Avg: 3.3, Max: 3.3, Diff: 0.1, Sum: 26.4]
      [GC Worker End (ms): Min: 924.7, Avg: 924.7, Max: 924.7, Diff: 0.0]
   [Code Root Fixup: 0.0 ms]
   [Code Root Purge: 0.0 ms]
   [Clear CT: 0.1 ms]
   [Other: 0.6 ms]
      [Choose CSet: 0.0 ms]
      [Ref Proc: 0.2 ms]
      [Ref Enq: 0.0 ms]
      [Redirty Cards: 0.1 ms]
      [Humongous Register: 0.1 ms]
      [Humongous Reclaim: 0.1 ms]
      [Free CSet: 0.1 ms]
   [Eden: 36.0M(36.0M)->0.0B(20.0M) Survivors: 2048.0K->5120.0K Heap: 393.5M(512.0M)->358.7M(512.0M)]
 [Times: user=0.13 sys=0.00, real=0.01 secs] 
2021-01-20T22:02:15.301+0800: 0.930: [GC pause (G1 Evacuation Pause) (mixed), 0.0074390 secs]
   [Parallel Time: 6.8 ms, GC Workers: 8]
      [GC Worker Start (ms): Min: 930.3, Avg: 930.3, Max: 930.4, Diff: 0.1]
      [Ext Root Scanning (ms): Min: 0.1, Avg: 0.1, Max: 0.2, Diff: 0.1, Sum: 0.9]
      [Update RS (ms): Min: 0.4, Avg: 0.5, Max: 0.5, Diff: 0.1, Sum: 3.7]
         [Processed Buffers: Min: 7, Avg: 7.1, Max: 8, Diff: 1, Sum: 57]
      [Scan RS (ms): Min: 0.0, Avg: 0.0, Max: 0.0, Diff: 0.0, Sum: 0.2]
      [Code Root Scanning (ms): Min: 0.0, Avg: 0.0, Max: 0.0, Diff: 0.0, Sum: 0.0]
      [Object Copy (ms): Min: 5.9, Avg: 6.1, Max: 6.1, Diff: 0.2, Sum: 48.4]
      [Termination (ms): Min: 0.0, Avg: 0.1, Max: 0.2, Diff: 0.2, Sum: 0.7]
         [Termination Attempts: Min: 1, Avg: 1.0, Max: 1, Diff: 0, Sum: 8]
      [GC Worker Other (ms): Min: 0.0, Avg: 0.0, Max: 0.0, Diff: 0.0, Sum: 0.1]
      [GC Worker Total (ms): Min: 6.7, Avg: 6.8, Max: 6.8, Diff: 0.1, Sum: 54.0]
      [GC Worker End (ms): Min: 937.1, Avg: 937.1, Max: 937.1, Diff: 0.0]
   [Code Root Fixup: 0.0 ms]
   [Code Root Purge: 0.0 ms]
   [Clear CT: 0.1 ms]
   [Other: 0.5 ms]
      [Choose CSet: 0.0 ms]
      [Ref Proc: 0.2 ms]
      [Ref Enq: 0.0 ms]
      [Redirty Cards: 0.1 ms]
      [Humongous Register: 0.1 ms]
      [Humongous Reclaim: 0.0 ms]
      [Free CSet: 0.1 ms]
   [Eden: 20.0M(20.0M)->0.0B(36.0M) Survivors: 5120.0K->4096.0K Heap: 384.6M(512.0M)->353.0M(512.0M)]
 [Times: user=0.00 sys=0.00, real=0.01 secs] 
2021-01-20T22:02:15.309+0800: 0.938: [GC pause (G1 Humongous Allocation) (young) (initial-mark), 0.0015633 secs]
   [Parallel Time: 1.0 ms, GC Workers: 8]
      [GC Worker Start (ms): Min: 938.1, Avg: 938.1, Max: 938.1, Diff: 0.1]
      [Ext Root Scanning (ms): Min: 0.1, Avg: 0.1, Max: 0.1, Diff: 0.1, Sum: 0.9]
      [Update RS (ms): Min: 0.0, Avg: 0.1, Max: 0.2, Diff: 0.1, Sum: 0.6]
         [Processed Buffers: Min: 1, Avg: 1.1, Max: 2, Diff: 1, Sum: 9]
      [Scan RS (ms): Min: 0.0, Avg: 0.0, Max: 0.0, Diff: 0.0, Sum: 0.0]
      [Code Root Scanning (ms): Min: 0.0, Avg: 0.0, Max: 0.0, Diff: 0.0, Sum: 0.0]
      [Object Copy (ms): Min: 0.6, Avg: 0.6, Max: 0.7, Diff: 0.1, Sum: 4.9]
      [Termination (ms): Min: 0.0, Avg: 0.1, Max: 0.1, Diff: 0.1, Sum: 0.5]
         [Termination Attempts: Min: 1, Avg: 1.0, Max: 1, Diff: 0, Sum: 8]
      [GC Worker Other (ms): Min: 0.0, Avg: 0.0, Max: 0.0, Diff: 0.0, Sum: 0.1]
      [GC Worker Total (ms): Min: 0.8, Avg: 0.9, Max: 0.9, Diff: 0.1, Sum: 7.0]
      [GC Worker End (ms): Min: 939.0, Avg: 939.0, Max: 939.0, Diff: 0.0]
   [Code Root Fixup: 0.0 ms]
   [Code Root Purge: 0.0 ms]
   [Clear CT: 0.2 ms]
   [Other: 0.4 ms]
      [Choose CSet: 0.0 ms]
      [Ref Proc: 0.1 ms]
      [Ref Enq: 0.0 ms]
      [Redirty Cards: 0.1 ms]
      [Humongous Register: 0.1 ms]
      [Humongous Reclaim: 0.0 ms]
      [Free CSet: 0.0 ms]
   [Eden: 2048.0K(36.0M)->0.0B(37.0M) Survivors: 4096.0K->1024.0K Heap: 354.3M(512.0M)->353.1M(512.0M)]
 [Times: user=0.13 sys=0.00, real=0.00 secs] 
2021-01-20T22:02:15.310+0800: 0.940: [GC concurrent-root-region-scan-start]
2021-01-20T22:02:15.310+0800: 0.940: [GC concurrent-root-region-scan-end, 0.0000592 secs]
2021-01-20T22:02:15.310+0800: 0.940: [GC concurrent-mark-start]
2021-01-20T22:02:15.314+0800: 0.943: [GC concurrent-mark-end, 0.0034852 secs]
2021-01-20T22:02:15.314+0800: 0.944: [GC remark 2021-01-20T22:02:15.314+0800: 0.944: [Finalize Marking, 0.0001577 secs] 2021-01-20T22:02:15.314+0800: 0.944: [GC ref-proc, 0.0002707 secs] 2021-01-20T22:02:15.315+0800: 0.944: [Unloading, 0.0006678 secs], 0.0019972 secs]
 [Times: user=0.00 sys=0.00, real=0.00 secs] 
2021-01-20T22:02:15.316+0800: 0.946: [GC cleanup 366M->366M(512M), 0.0005772 secs]
 [Times: user=0.00 sys=0.00, real=0.00 secs] 
2021-01-20T22:02:15.325+0800: 0.954: [GC pause (G1 Evacuation Pause) (young), 0.0031952 secs]
   [Parallel Time: 2.6 ms, GC Workers: 8]
      [GC Worker Start (ms): Min: 954.3, Avg: 954.4, Max: 954.4, Diff: 0.1]
      [Ext Root Scanning (ms): Min: 0.1, Avg: 0.1, Max: 0.1, Diff: 0.1, Sum: 0.9]
      [Update RS (ms): Min: 0.8, Avg: 0.8, Max: 0.9, Diff: 0.0, Sum: 6.7]
         [Processed Buffers: Min: 12, Avg: 12.5, Max: 13, Diff: 1, Sum: 100]
      [Scan RS (ms): Min: 0.0, Avg: 0.0, Max: 0.0, Diff: 0.0, Sum: 0.0]
      [Code Root Scanning (ms): Min: 0.0, Avg: 0.0, Max: 0.0, Diff: 0.0, Sum: 0.0]
      [Object Copy (ms): Min: 1.4, Avg: 1.4, Max: 1.5, Diff: 0.1, Sum: 11.5]
      [Termination (ms): Min: 0.0, Avg: 0.1, Max: 0.1, Diff: 0.1, Sum: 0.6]
         [Termination Attempts: Min: 1, Avg: 1.0, Max: 1, Diff: 0, Sum: 8]
      [GC Worker Other (ms): Min: 0.0, Avg: 0.0, Max: 0.0, Diff: 0.0, Sum: 0.1]
      [GC Worker Total (ms): Min: 2.4, Avg: 2.5, Max: 2.5, Diff: 0.1, Sum: 19.8]
      [GC Worker End (ms): Min: 956.8, Avg: 956.9, Max: 956.9, Diff: 0.0]
   [Code Root Fixup: 0.0 ms]
   [Code Root Purge: 0.0 ms]
   [Clear CT: 0.1 ms]
   [Other: 0.5 ms]
      [Choose CSet: 0.0 ms]
      [Ref Proc: 0.1 ms]
      [Ref Enq: 0.0 ms]
      [Redirty Cards: 0.1 ms]
      [Humongous Register: 0.1 ms]
      [Humongous Reclaim: 0.1 ms]
      [Free CSet: 0.0 ms]
   [Eden: 37.0M(37.0M)->0.0B(20.0M) Survivors: 1024.0K->5120.0K Heap: 401.3M(512.0M)->364.9M(512.0M)]
 [Times: user=0.00 sys=0.00, real=0.00 secs] 
2021-01-20T22:02:15.333+0800: 0.962: [GC pause (G1 Evacuation Pause) (mixed), 0.0088209 secs]
   [Parallel Time: 8.0 ms, GC Workers: 8]
      [GC Worker Start (ms): Min: 962.6, Avg: 962.7, Max: 962.7, Diff: 0.1]
      [Ext Root Scanning (ms): Min: 0.2, Avg: 0.3, Max: 0.6, Diff: 0.4, Sum: 2.7]
      [Update RS (ms): Min: 0.4, Avg: 0.6, Max: 0.6, Diff: 0.3, Sum: 4.5]
         [Processed Buffers: Min: 6, Avg: 9.4, Max: 11, Diff: 5, Sum: 75]
      [Scan RS (ms): Min: 0.0, Avg: 0.1, Max: 0.2, Diff: 0.2, Sum: 0.5]
      [Code Root Scanning (ms): Min: 0.0, Avg: 0.0, Max: 0.1, Diff: 0.1, Sum: 0.1]
      [Object Copy (ms): Min: 6.7, Avg: 6.8, Max: 7.0, Diff: 0.3, Sum: 54.7]
      [Termination (ms): Min: 0.0, Avg: 0.1, Max: 0.2, Diff: 0.2, Sum: 0.8]
         [Termination Attempts: Min: 1, Avg: 1.0, Max: 1, Diff: 0, Sum: 8]
      [GC Worker Other (ms): Min: 0.0, Avg: 0.0, Max: 0.0, Diff: 0.0, Sum: 0.1]
      [GC Worker Total (ms): Min: 7.8, Avg: 7.9, Max: 8.0, Diff: 0.2, Sum: 63.4]
      [GC Worker End (ms): Min: 970.6, Avg: 970.6, Max: 970.6, Diff: 0.0]
   [Code Root Fixup: 0.0 ms]
   [Code Root Purge: 0.0 ms]
   [Clear CT: 0.1 ms]
   [Other: 0.7 ms]
      [Choose CSet: 0.0 ms]
      [Ref Proc: 0.1 ms]
      [Ref Enq: 0.0 ms]
      [Redirty Cards: 0.1 ms]
      [Humongous Register: 0.1 ms]
      [Humongous Reclaim: 0.0 ms]
      [Free CSet: 0.1 ms]
   [Eden: 20.0M(20.0M)->0.0B(32.0M) Survivors: 5120.0K->4096.0K Heap: 392.9M(512.0M)->356.1M(512.0M)]
 [Times: user=0.13 sys=0.00, real=0.01 secs] 
2021-01-20T22:02:15.343+0800: 0.972: [GC pause (G1 Humongous Allocation) (young) (initial-mark), 0.0018192 secs]
   [Parallel Time: 1.2 ms, GC Workers: 8]
      [GC Worker Start (ms): Min: 972.0, Avg: 972.1, Max: 972.1, Diff: 0.1]
      [Ext Root Scanning (ms): Min: 0.1, Avg: 0.1, Max: 0.1, Diff: 0.1, Sum: 1.0]
      [Update RS (ms): Min: 0.1, Avg: 0.3, Max: 0.5, Diff: 0.4, Sum: 2.1]
         [Processed Buffers: Min: 1, Avg: 1.1, Max: 2, Diff: 1, Sum: 9]
      [Scan RS (ms): Min: 0.0, Avg: 0.0, Max: 0.0, Diff: 0.0, Sum: 0.0]
      [Code Root Scanning (ms): Min: 0.0, Avg: 0.0, Max: 0.0, Diff: 0.0, Sum: 0.0]
      [Object Copy (ms): Min: 0.3, Avg: 0.6, Max: 0.8, Diff: 0.5, Sum: 4.9]
      [Termination (ms): Min: 0.0, Avg: 0.1, Max: 0.2, Diff: 0.2, Sum: 0.7]
         [Termination Attempts: Min: 1, Avg: 1.0, Max: 1, Diff: 0, Sum: 8]
      [GC Worker Other (ms): Min: 0.0, Avg: 0.0, Max: 0.0, Diff: 0.0, Sum: 0.1]
      [GC Worker Total (ms): Min: 1.1, Avg: 1.1, Max: 1.1, Diff: 0.1, Sum: 8.7]
      [GC Worker End (ms): Min: 973.1, Avg: 973.1, Max: 973.2, Diff: 0.0]
   [Code Root Fixup: 0.0 ms]
   [Code Root Purge: 0.0 ms]
   [Clear CT: 0.1 ms]
   [Other: 0.5 ms]
      [Choose CSet: 0.0 ms]
      [Ref Proc: 0.2 ms]
      [Ref Enq: 0.0 ms]
      [Redirty Cards: 0.2 ms]
      [Humongous Register: 0.0 ms]
      [Humongous Reclaim: 0.0 ms]
      [Free CSet: 0.0 ms]
   [Eden: 3072.0K(32.0M)->0.0B(31.0M) Survivors: 4096.0K->1024.0K Heap: 358.9M(512.0M)->356.9M(512.0M)]
 [Times: user=0.00 sys=0.00, real=0.00 secs] 
2021-01-20T22:02:15.345+0800: 0.974: [GC concurrent-root-region-scan-start]
2021-01-20T22:02:15.345+0800: 0.974: [GC concurrent-root-region-scan-end, 0.0002490 secs]
2021-01-20T22:02:15.345+0800: 0.974: [GC concurrent-mark-start]
2021-01-20T22:02:15.349+0800: 0.978: [GC concurrent-mark-end, 0.0035240 secs]
2021-01-20T22:02:15.349+0800: 0.978: [GC remark 2021-01-20T22:02:15.349+0800: 0.978: [Finalize Marking, 0.0001551 secs] 2021-01-20T22:02:15.349+0800: 0.978: [GC ref-proc, 0.0002657 secs] 2021-01-20T22:02:15.349+0800: 0.978: [Unloading, 0.0006740 secs], 0.0020087 secs]
 [Times: user=0.00 sys=0.00, real=0.00 secs] 
2021-01-20T22:02:15.350+0800: 0.980: [GC cleanup 369M->369M(512M), 0.0005872 secs]
 [Times: user=0.00 sys=0.00, real=0.00 secs] 
2021-01-20T22:02:15.356+0800: 0.986: [GC pause (G1 Evacuation Pause) (young), 0.0032906 secs]
   [Parallel Time: 2.8 ms, GC Workers: 8]
      [GC Worker Start (ms): Min: 986.0, Avg: 986.1, Max: 986.1, Diff: 0.1]
      [Ext Root Scanning (ms): Min: 0.1, Avg: 0.1, Max: 0.2, Diff: 0.1, Sum: 0.9]
      [Update RS (ms): Min: 0.5, Avg: 0.5, Max: 0.5, Diff: 0.0, Sum: 4.1]
         [Processed Buffers: Min: 7, Avg: 7.6, Max: 9, Diff: 2, Sum: 61]
      [Scan RS (ms): Min: 0.0, Avg: 0.0, Max: 0.0, Diff: 0.0, Sum: 0.0]
      [Code Root Scanning (ms): Min: 0.0, Avg: 0.0, Max: 0.0, Diff: 0.0, Sum: 0.0]
      [Object Copy (ms): Min: 1.8, Avg: 1.9, Max: 2.0, Diff: 0.2, Sum: 15.4]
      [Termination (ms): Min: 0.0, Avg: 0.1, Max: 0.2, Diff: 0.2, Sum: 0.7]
         [Termination Attempts: Min: 1, Avg: 1.0, Max: 1, Diff: 0, Sum: 8]
      [GC Worker Other (ms): Min: 0.0, Avg: 0.0, Max: 0.0, Diff: 0.0, Sum: 0.1]
      [GC Worker Total (ms): Min: 2.6, Avg: 2.6, Max: 2.7, Diff: 0.1, Sum: 21.1]
      [GC Worker End (ms): Min: 988.7, Avg: 988.7, Max: 988.7, Diff: 0.0]
   [Code Root Fixup: 0.0 ms]
   [Code Root Purge: 0.0 ms]
   [Clear CT: 0.1 ms]
   [Other: 0.4 ms]
      [Choose CSet: 0.0 ms]
      [Ref Proc: 0.1 ms]
      [Ref Enq: 0.0 ms]
      [Redirty Cards: 0.1 ms]
      [Humongous Register: 0.1 ms]
      [Humongous Reclaim: 0.0 ms]
      [Free CSet: 0.0 ms]
   [Eden: 31.0M(31.0M)->0.0B(21.0M) Survivors: 1024.0K->4096.0K Heap: 394.6M(512.0M)->366.3M(512.0M)]
 [Times: user=0.00 sys=0.00, real=0.00 secs] 
2021-01-20T22:02:15.366+0800: 0.996: [GC pause (G1 Evacuation Pause) (mixed), 0.0083058 secs]
   [Parallel Time: 7.3 ms, GC Workers: 8]
      [GC Worker Start (ms): Min: 996.2, Avg: 996.4, Max: 996.6, Diff: 0.4]
      [Ext Root Scanning (ms): Min: 0.0, Avg: 0.2, Max: 0.4, Diff: 0.4, Sum: 1.2]
      [Update RS (ms): Min: 0.5, Avg: 0.6, Max: 0.7, Diff: 0.2, Sum: 4.6]
         [Processed Buffers: Min: 6, Avg: 7.8, Max: 10, Diff: 4, Sum: 62]
      [Scan RS (ms): Min: 0.0, Avg: 0.0, Max: 0.1, Diff: 0.1, Sum: 0.3]
      [Code Root Scanning (ms): Min: 0.0, Avg: 0.0, Max: 0.0, Diff: 0.0, Sum: 0.0]
      [Object Copy (ms): Min: 6.2, Avg: 6.3, Max: 6.4, Diff: 0.2, Sum: 50.6]
      [Termination (ms): Min: 0.0, Avg: 0.1, Max: 0.1, Diff: 0.1, Sum: 0.6]
         [Termination Attempts: Min: 1, Avg: 1.0, Max: 1, Diff: 0, Sum: 8]
      [GC Worker Other (ms): Min: 0.0, Avg: 0.0, Max: 0.0, Diff: 0.0, Sum: 0.1]
      [GC Worker Total (ms): Min: 6.9, Avg: 7.2, Max: 7.3, Diff: 0.4, Sum: 57.3]
      [GC Worker End (ms): Min: 1003.5, Avg: 1003.5, Max: 1003.5, Diff: 0.0]
   [Code Root Fixup: 0.0 ms]
   [Code Root Purge: 0.0 ms]
   [Clear CT: 0.1 ms]
   [Other: 0.8 ms]
      [Choose CSet: 0.1 ms]
      [Ref Proc: 0.1 ms]
      [Ref Enq: 0.0 ms]
      [Redirty Cards: 0.1 ms]
      [Humongous Register: 0.3 ms]
      [Humongous Reclaim: 0.0 ms]
      [Free CSet: 0.1 ms]
   [Eden: 21.0M(21.0M)->0.0B(28.0M) Survivors: 4096.0K->4096.0K Heap: 393.9M(512.0M)->362.3M(512.0M)]
 [Times: user=0.13 sys=0.00, real=0.01 secs] 
2021-01-20T22:02:15.375+0800: 1.005: [GC pause (G1 Humongous Allocation) (young) (initial-mark), 0.0016746 secs]
   [Parallel Time: 1.1 ms, GC Workers: 8]
      [GC Worker Start (ms): Min: 1004.6, Avg: 1004.7, Max: 1004.8, Diff: 0.2]
      [Ext Root Scanning (ms): Min: 0.0, Avg: 0.1, Max: 0.2, Diff: 0.2, Sum: 1.2]
      [Update RS (ms): Min: 0.0, Avg: 0.1, Max: 0.4, Diff: 0.4, Sum: 1.0]
         [Processed Buffers: Min: 1, Avg: 1.1, Max: 2, Diff: 1, Sum: 9]
      [Scan RS (ms): Min: 0.0, Avg: 0.0, Max: 0.0, Diff: 0.0, Sum: 0.0]
      [Code Root Scanning (ms): Min: 0.0, Avg: 0.0, Max: 0.0, Diff: 0.0, Sum: 0.0]
      [Object Copy (ms): Min: 0.4, Avg: 0.7, Max: 0.8, Diff: 0.4, Sum: 5.4]
      [Termination (ms): Min: 0.0, Avg: 0.1, Max: 0.1, Diff: 0.1, Sum: 0.5]
         [Termination Attempts: Min: 1, Avg: 1.0, Max: 1, Diff: 0, Sum: 8]
      [GC Worker Other (ms): Min: 0.0, Avg: 0.0, Max: 0.0, Diff: 0.0, Sum: 0.1]
      [GC Worker Total (ms): Min: 0.9, Avg: 1.0, Max: 1.1, Diff: 0.2, Sum: 8.1]
      [GC Worker End (ms): Min: 1005.7, Avg: 1005.7, Max: 1005.7, Diff: 0.0]
   [Code Root Fixup: 0.0 ms]
   [Code Root Purge: 0.0 ms]
   [Clear CT: 0.1 ms]
   [Other: 0.4 ms]
      [Choose CSet: 0.0 ms]
      [Ref Proc: 0.2 ms]
      [Ref Enq: 0.0 ms]
      [Redirty Cards: 0.1 ms]
      [Humongous Register: 0.1 ms]
      [Humongous Reclaim: 0.0 ms]
      [Free CSet: 0.0 ms]
   [Eden: 1024.0K(28.0M)->0.0B(26.0M) Survivors: 4096.0K->1024.0K Heap: 363.2M(512.0M)->363.3M(512.0M)]
 [Times: user=0.00 sys=0.00, real=0.00 secs] 
2021-01-20T22:02:15.377+0800: 1.006: [GC concurrent-root-region-scan-start]
2021-01-20T22:02:15.377+0800: 1.006: [GC concurrent-root-region-scan-end, 0.0001528 secs]
2021-01-20T22:02:15.377+0800: 1.006: [GC concurrent-mark-start]
2021-01-20T22:02:15.380+0800: 1.009: [GC concurrent-mark-end, 0.0025652 secs]
2021-01-20T22:02:15.380+0800: 1.009: [GC remark 2021-01-20T22:02:15.380+0800: 1.009: [Finalize Marking, 0.0001702 secs] 2021-01-20T22:02:15.380+0800: 1.009: [GC ref-proc, 0.0002650 secs] 2021-01-20T22:02:15.380+0800: 1.010: [Unloading, 0.0005977 secs], 0.0018995 secs]
 [Times: user=0.00 sys=0.00, real=0.00 secs] 
2021-01-20T22:02:15.382+0800: 1.011: [GC cleanup 377M->377M(512M), 0.0006436 secs]
 [Times: user=0.00 sys=0.00, real=0.00 secs] 
2021-01-20T22:02:15.387+0800: 1.017: [GC pause (G1 Evacuation Pause) (young), 0.0028421 secs]
   [Parallel Time: 2.3 ms, GC Workers: 8]
      [GC Worker Start (ms): Min: 1017.0, Avg: 1017.1, Max: 1017.1, Diff: 0.1]
      [Ext Root Scanning (ms): Min: 0.1, Avg: 0.1, Max: 0.2, Diff: 0.1, Sum: 1.0]
      [Update RS (ms): Min: 0.5, Avg: 0.5, Max: 0.5, Diff: 0.1, Sum: 3.9]
         [Processed Buffers: Min: 6, Avg: 7.4, Max: 8, Diff: 2, Sum: 59]
      [Scan RS (ms): Min: 0.0, Avg: 0.0, Max: 0.0, Diff: 0.0, Sum: 0.0]
      [Code Root Scanning (ms): Min: 0.0, Avg: 0.0, Max: 0.0, Diff: 0.0, Sum: 0.0]
      [Object Copy (ms): Min: 1.4, Avg: 1.5, Max: 1.5, Diff: 0.1, Sum: 11.7]
      [Termination (ms): Min: 0.0, Avg: 0.1, Max: 0.2, Diff: 0.2, Sum: 0.5]
         [Termination Attempts: Min: 1, Avg: 1.1, Max: 2, Diff: 1, Sum: 9]
      [GC Worker Other (ms): Min: 0.0, Avg: 0.0, Max: 0.0, Diff: 0.0, Sum: 0.1]
      [GC Worker Total (ms): Min: 2.1, Avg: 2.1, Max: 2.2, Diff: 0.1, Sum: 17.1]
      [GC Worker End (ms): Min: 1019.2, Avg: 1019.2, Max: 1019.2, Diff: 0.0]
   [Code Root Fixup: 0.0 ms]
   [Code Root Purge: 0.0 ms]
   [Clear CT: 0.1 ms]
   [Other: 0.4 ms]
      [Choose CSet: 0.0 ms]
      [Ref Proc: 0.1 ms]
      [Ref Enq: 0.0 ms]
      [Redirty Cards: 0.1 ms]
      [Humongous Register: 0.1 ms]
      [Humongous Reclaim: 0.0 ms]
      [Free CSet: 0.0 ms]
   [Eden: 26.0M(26.0M)->0.0B(21.0M) Survivors: 1024.0K->4096.0K Heap: 395.6M(512.0M)->372.5M(512.0M)]
 [Times: user=0.02 sys=0.00, real=0.00 secs] 
2021-01-20T22:02:15.396+0800: 1.026: [GC pause (G1 Evacuation Pause) (mixed), 0.0096399 secs]
   [Parallel Time: 8.9 ms, GC Workers: 8]
      [GC Worker Start (ms): Min: 1026.0, Avg: 1026.3, Max: 1026.9, Diff: 1.0]
      [Ext Root Scanning (ms): Min: 0.0, Avg: 0.1, Max: 0.2, Diff: 0.2, Sum: 0.8]
      [Update RS (ms): Min: 0.0, Avg: 0.4, Max: 0.7, Diff: 0.7, Sum: 3.4]
         [Processed Buffers: Min: 0, Avg: 7.0, Max: 12, Diff: 12, Sum: 56]
      [Scan RS (ms): Min: 0.0, Avg: 0.0, Max: 0.1, Diff: 0.1, Sum: 0.2]
      [Code Root Scanning (ms): Min: 0.0, Avg: 0.0, Max: 0.0, Diff: 0.0, Sum: 0.0]
      [Object Copy (ms): Min: 7.7, Avg: 7.8, Max: 7.8, Diff: 0.1, Sum: 62.1]
      [Termination (ms): Min: 0.0, Avg: 0.0, Max: 0.1, Diff: 0.1, Sum: 0.3]
         [Termination Attempts: Min: 1, Avg: 1.0, Max: 1, Diff: 0, Sum: 8]
      [GC Worker Other (ms): Min: 0.0, Avg: 0.0, Max: 0.0, Diff: 0.0, Sum: 0.1]
      [GC Worker Total (ms): Min: 7.8, Avg: 8.4, Max: 8.8, Diff: 1.0, Sum: 67.0]
      [GC Worker End (ms): Min: 1034.7, Avg: 1034.7, Max: 1034.7, Diff: 0.0]
   [Code Root Fixup: 0.0 ms]
   [Code Root Purge: 0.0 ms]
   [Clear CT: 0.1 ms]
   [Other: 0.7 ms]
      [Choose CSet: 0.0 ms]
      [Ref Proc: 0.1 ms]
      [Ref Enq: 0.0 ms]
      [Redirty Cards: 0.1 ms]
      [Humongous Register: 0.2 ms]
      [Humongous Reclaim: 0.0 ms]
      [Free CSet: 0.1 ms]
   [Eden: 21.0M(21.0M)->0.0B(26.0M) Survivors: 4096.0K->4096.0K Heap: 399.1M(512.0M)->363.3M(512.0M)]
 [Times: user=0.08 sys=0.00, real=0.01 secs] 
2021-01-20T22:02:15.406+0800: 1.036: [GC pause (G1 Humongous Allocation) (young) (initial-mark), 0.0015932 secs]
   [Parallel Time: 1.0 ms, GC Workers: 8]
      [GC Worker Start (ms): Min: 1035.9, Avg: 1036.0, Max: 1036.1, Diff: 0.2]
      [Ext Root Scanning (ms): Min: 0.0, Avg: 0.2, Max: 0.2, Diff: 0.2, Sum: 1.4]
      [Update RS (ms): Min: 0.0, Avg: 0.1, Max: 0.3, Diff: 0.3, Sum: 1.0]
         [Processed Buffers: Min: 0, Avg: 1.0, Max: 2, Diff: 2, Sum: 8]
      [Scan RS (ms): Min: 0.0, Avg: 0.0, Max: 0.0, Diff: 0.0, Sum: 0.0]
      [Code Root Scanning (ms): Min: 0.0, Avg: 0.0, Max: 0.0, Diff: 0.0, Sum: 0.0]
      [Object Copy (ms): Min: 0.2, Avg: 0.5, Max: 0.6, Diff: 0.4, Sum: 3.9]
      [Termination (ms): Min: 0.0, Avg: 0.1, Max: 0.2, Diff: 0.2, Sum: 0.8]
         [Termination Attempts: Min: 1, Avg: 1.1, Max: 2, Diff: 1, Sum: 9]
      [GC Worker Other (ms): Min: 0.0, Avg: 0.0, Max: 0.0, Diff: 0.0, Sum: 0.1]
      [GC Worker Total (ms): Min: 0.7, Avg: 0.9, Max: 0.9, Diff: 0.2, Sum: 7.1]
      [GC Worker End (ms): Min: 1036.8, Avg: 1036.9, Max: 1036.9, Diff: 0.0]
   [Code Root Fixup: 0.0 ms]
   [Code Root Purge: 0.0 ms]
   [Clear CT: 0.1 ms]
   [Other: 0.5 ms]
      [Choose CSet: 0.0 ms]
      [Ref Proc: 0.2 ms]
      [Ref Enq: 0.0 ms]
      [Redirty Cards: 0.1 ms]
      [Humongous Register: 0.1 ms]
      [Humongous Reclaim: 0.0 ms]
      [Free CSet: 0.0 ms]
   [Eden: 1024.0K(26.0M)->0.0B(27.0M) Survivors: 4096.0K->1024.0K Heap: 364.0M(512.0M)->363.0M(512.0M)]
 [Times: user=0.00 sys=0.00, real=0.00 secs] 
2021-01-20T22:02:15.408+0800: 1.037: [GC concurrent-root-region-scan-start]
2021-01-20T22:02:15.408+0800: 1.038: [GC concurrent-root-region-scan-end, 0.0001270 secs]
2021-01-20T22:02:15.408+0800: 1.038: [GC concurrent-mark-start]
2021-01-20T22:02:15.411+0800: 1.041: [GC concurrent-mark-end, 0.0031097 secs]
2021-01-20T22:02:15.411+0800: 1.041: [GC remark 2021-01-20T22:02:15.412+0800: 1.041: [Finalize Marking, 0.0001641 secs] 2021-01-20T22:02:15.412+0800: 1.041: [GC ref-proc, 0.0002797 secs] 2021-01-20T22:02:15.412+0800: 1.042: [Unloading, 0.0006542 secs], 0.0021443 secs]
 [Times: user=0.00 sys=0.00, real=0.00 secs] 
2021-01-20T22:02:15.414+0800: 1.043: [GC cleanup 376M->376M(512M), 0.0006632 secs]
 [Times: user=0.00 sys=0.00, real=0.00 secs] 
2021-01-20T22:02:15.420+0800: 1.049: [GC pause (G1 Evacuation Pause) (young), 0.0029848 secs]
   [Parallel Time: 2.5 ms, GC Workers: 8]
      [GC Worker Start (ms): Min: 1049.6, Avg: 1049.7, Max: 1049.8, Diff: 0.2]
      [Ext Root Scanning (ms): Min: 0.0, Avg: 0.1, Max: 0.2, Diff: 0.2, Sum: 0.9]
      [Update RS (ms): Min: 0.6, Avg: 0.7, Max: 0.7, Diff: 0.0, Sum: 5.2]
         [Processed Buffers: Min: 9, Avg: 10.0, Max: 11, Diff: 2, Sum: 80]
      [Scan RS (ms): Min: 0.0, Avg: 0.0, Max: 0.0, Diff: 0.0, Sum: 0.0]
      [Code Root Scanning (ms): Min: 0.0, Avg: 0.0, Max: 0.0, Diff: 0.0, Sum: 0.0]
      [Object Copy (ms): Min: 1.5, Avg: 1.6, Max: 1.6, Diff: 0.1, Sum: 12.5]
      [Termination (ms): Min: 0.0, Avg: 0.1, Max: 0.1, Diff: 0.1, Sum: 0.5]
         [Termination Attempts: Min: 1, Avg: 1.0, Max: 1, Diff: 0, Sum: 8]
      [GC Worker Other (ms): Min: 0.0, Avg: 0.0, Max: 0.0, Diff: 0.0, Sum: 0.1]
      [GC Worker Total (ms): Min: 2.3, Avg: 2.4, Max: 2.4, Diff: 0.2, Sum: 19.2]
      [GC Worker End (ms): Min: 1052.1, Avg: 1052.1, Max: 1052.1, Diff: 0.0]
   [Code Root Fixup: 0.0 ms]
   [Code Root Purge: 0.0 ms]
   [Clear CT: 0.1 ms]
   [Other: 0.4 ms]
      [Choose CSet: 0.0 ms]
      [Ref Proc: 0.1 ms]
      [Ref Enq: 0.0 ms]
      [Redirty Cards: 0.1 ms]
      [Humongous Register: 0.1 ms]
      [Humongous Reclaim: 0.0 ms]
      [Free CSet: 0.0 ms]
   [Eden: 27.0M(27.0M)->0.0B(21.0M) Survivors: 1024.0K->4096.0K Heap: 398.9M(512.0M)->371.8M(512.0M)]
 [Times: user=0.00 sys=0.00, real=0.00 secs] 
2021-01-20T22:02:15.428+0800: 1.057: [GC pause (G1 Evacuation Pause) (mixed), 0.0053340 secs]
   [Parallel Time: 4.8 ms, GC Workers: 8]
      [GC Worker Start (ms): Min: 1057.4, Avg: 1057.5, Max: 1057.5, Diff: 0.1]
      [Ext Root Scanning (ms): Min: 0.1, Avg: 0.1, Max: 0.2, Diff: 0.1, Sum: 0.9]
      [Update RS (ms): Min: 0.6, Avg: 0.7, Max: 0.7, Diff: 0.1, Sum: 5.4]
         [Processed Buffers: Min: 6, Avg: 9.3, Max: 10, Diff: 4, Sum: 74]
      [Scan RS (ms): Min: 0.0, Avg: 0.0, Max: 0.0, Diff: 0.0, Sum: 0.1]
      [Code Root Scanning (ms): Min: 0.0, Avg: 0.0, Max: 0.0, Diff: 0.0, Sum: 0.0]
      [Object Copy (ms): Min: 3.6, Avg: 3.7, Max: 3.8, Diff: 0.2, Sum: 29.8]
      [Termination (ms): Min: 0.0, Avg: 0.1, Max: 0.2, Diff: 0.2, Sum: 1.0]
         [Termination Attempts: Min: 1, Avg: 1.0, Max: 1, Diff: 0, Sum: 8]
      [GC Worker Other (ms): Min: 0.0, Avg: 0.0, Max: 0.0, Diff: 0.0, Sum: 0.1]
      [GC Worker Total (ms): Min: 4.6, Avg: 4.7, Max: 4.7, Diff: 0.1, Sum: 37.3]
      [GC Worker End (ms): Min: 1062.1, Avg: 1062.1, Max: 1062.2, Diff: 0.0]
   [Code Root Fixup: 0.0 ms]
   [Code Root Purge: 0.0 ms]
   [Clear CT: 0.1 ms]
   [Other: 0.5 ms]
      [Choose CSet: 0.0 ms]
      [Ref Proc: 0.1 ms]
      [Ref Enq: 0.0 ms]
      [Redirty Cards: 0.1 ms]
      [Humongous Register: 0.1 ms]
      [Humongous Reclaim: 0.0 ms]
      [Free CSet: 0.0 ms]
   [Eden: 21.0M(21.0M)->0.0B(21.0M) Survivors: 4096.0K->4096.0K Heap: 400.7M(512.0M)->372.3M(512.0M)]
 [Times: user=0.00 sys=0.00, real=0.01 secs] 
2021-01-20T22:02:15.438+0800: 1.067: [GC pause (G1 Evacuation Pause) (mixed), 0.0056086 secs]
   [Parallel Time: 5.0 ms, GC Workers: 8]
      [GC Worker Start (ms): Min: 1067.4, Avg: 1067.5, Max: 1067.5, Diff: 0.1]
      [Ext Root Scanning (ms): Min: 0.1, Avg: 0.1, Max: 0.2, Diff: 0.1, Sum: 0.9]
      [Update RS (ms): Min: 0.7, Avg: 0.7, Max: 0.7, Diff: 0.0, Sum: 5.4]
         [Processed Buffers: Min: 9, Avg: 9.5, Max: 10, Diff: 1, Sum: 76]
      [Scan RS (ms): Min: 0.0, Avg: 0.0, Max: 0.1, Diff: 0.0, Sum: 0.1]
      [Code Root Scanning (ms): Min: 0.0, Avg: 0.0, Max: 0.0, Diff: 0.0, Sum: 0.0]
      [Object Copy (ms): Min: 3.8, Avg: 3.9, Max: 4.0, Diff: 0.2, Sum: 31.5]
      [Termination (ms): Min: 0.0, Avg: 0.1, Max: 0.2, Diff: 0.2, Sum: 0.7]
         [Termination Attempts: Min: 1, Avg: 1.0, Max: 1, Diff: 0, Sum: 8]
      [GC Worker Other (ms): Min: 0.0, Avg: 0.0, Max: 0.0, Diff: 0.0, Sum: 0.1]
      [GC Worker Total (ms): Min: 4.8, Avg: 4.8, Max: 4.9, Diff: 0.1, Sum: 38.8]
      [GC Worker End (ms): Min: 1072.3, Avg: 1072.3, Max: 1072.3, Diff: 0.0]
   [Code Root Fixup: 0.0 ms]
   [Code Root Purge: 0.0 ms]
   [Clear CT: 0.1 ms]
   [Other: 0.5 ms]
      [Choose CSet: 0.0 ms]
      [Ref Proc: 0.1 ms]
      [Ref Enq: 0.0 ms]
      [Redirty Cards: 0.1 ms]
      [Humongous Register: 0.1 ms]
      [Humongous Reclaim: 0.0 ms]
      [Free CSet: 0.1 ms]
   [Eden: 21.0M(21.0M)->0.0B(21.0M) Survivors: 4096.0K->4096.0K Heap: 401.6M(512.0M)->375.0M(512.0M)]
 [Times: user=0.00 sys=0.00, real=0.01 secs] 
2021-01-20T22:02:15.444+0800: 1.074: [GC pause (G1 Humongous Allocation) (young) (initial-mark), 0.0019979 secs]
   [Parallel Time: 1.2 ms, GC Workers: 8]
      [GC Worker Start (ms): Min: 1074.0, Avg: 1074.1, Max: 1074.2, Diff: 0.2]
      [Ext Root Scanning (ms): Min: 0.0, Avg: 0.2, Max: 0.4, Diff: 0.4, Sum: 1.5]
      [Update RS (ms): Min: 0.0, Avg: 0.1, Max: 0.3, Diff: 0.3, Sum: 0.9]
         [Processed Buffers: Min: 0, Avg: 1.1, Max: 2, Diff: 2, Sum: 9]
      [Scan RS (ms): Min: 0.0, Avg: 0.0, Max: 0.0, Diff: 0.0, Sum: 0.0]
      [Code Root Scanning (ms): Min: 0.0, Avg: 0.0, Max: 0.0, Diff: 0.0, Sum: 0.0]
      [Object Copy (ms): Min: 0.4, Avg: 0.6, Max: 0.7, Diff: 0.3, Sum: 4.8]
      [Termination (ms): Min: 0.0, Avg: 0.2, Max: 0.3, Diff: 0.3, Sum: 1.5]
         [Termination Attempts: Min: 1, Avg: 1.0, Max: 1, Diff: 0, Sum: 8]
      [GC Worker Other (ms): Min: 0.0, Avg: 0.0, Max: 0.0, Diff: 0.0, Sum: 0.1]
      [GC Worker Total (ms): Min: 1.0, Avg: 1.1, Max: 1.1, Diff: 0.2, Sum: 8.8]
      [GC Worker End (ms): Min: 1075.2, Avg: 1075.2, Max: 1075.2, Diff: 0.0]
   [Code Root Fixup: 0.0 ms]
   [Code Root Purge: 0.0 ms]
   [Clear CT: 0.1 ms]
   [Other: 0.6 ms]
      [Choose CSet: 0.0 ms]
      [Ref Proc: 0.1 ms]
      [Ref Enq: 0.0 ms]
      [Redirty Cards: 0.1 ms]
      [Humongous Register: 0.2 ms]
      [Humongous Reclaim: 0.0 ms]
      [Free CSet: 0.0 ms]
   [Eden: 4096.0K(21.0M)->0.0B(24.0M) Survivors: 4096.0K->1024.0K Heap: 378.3M(512.0M)->374.8M(512.0M)]
 [Times: user=0.00 sys=0.00, real=0.00 secs] 
2021-01-20T22:02:15.447+0800: 1.076: [GC concurrent-root-region-scan-start]
2021-01-20T22:02:15.447+0800: 1.076: [GC concurrent-root-region-scan-end, 0.0002119 secs]
2021-01-20T22:02:15.447+0800: 1.076: [GC concurrent-mark-start]
2021-01-20T22:02:15.450+0800: 1.079: [GC concurrent-mark-end, 0.0027184 secs]
2021-01-20T22:02:15.450+0800: 1.079: [GC remark 2021-01-20T22:02:15.450+0800: 1.079: [Finalize Marking, 0.0001628 secs] 2021-01-20T22:02:15.450+0800: 1.079: [GC ref-proc, 0.0002401 secs] 2021-01-20T22:02:15.450+0800: 1.080: [Unloading, 0.0004753 secs], 0.0016662 secs]
 [Times: user=0.00 sys=0.00, real=0.00 secs] 
2021-01-20T22:02:15.452+0800: 1.081: [GC cleanup 388M->388M(512M), 0.0005263 secs]
 [Times: user=0.00 sys=0.00, real=0.00 secs] 
2021-01-20T22:02:15.455+0800: 1.085: [GC pause (G1 Evacuation Pause) (young), 0.0025980 secs]
   [Parallel Time: 2.1 ms, GC Workers: 8]
      [GC Worker Start (ms): Min: 1084.9, Avg: 1084.9, Max: 1085.0, Diff: 0.1]
      [Ext Root Scanning (ms): Min: 0.1, Avg: 0.1, Max: 0.1, Diff: 0.1, Sum: 0.9]
      [Update RS (ms): Min: 0.3, Avg: 0.3, Max: 0.3, Diff: 0.1, Sum: 2.6]
         [Processed Buffers: Min: 4, Avg: 5.0, Max: 6, Diff: 2, Sum: 40]
      [Scan RS (ms): Min: 0.0, Avg: 0.0, Max: 0.0, Diff: 0.0, Sum: 0.0]
      [Code Root Scanning (ms): Min: 0.0, Avg: 0.0, Max: 0.0, Diff: 0.0, Sum: 0.0]
      [Object Copy (ms): Min: 1.3, Avg: 1.5, Max: 1.6, Diff: 0.3, Sum: 11.7]
      [Termination (ms): Min: 0.0, Avg: 0.1, Max: 0.2, Diff: 0.2, Sum: 1.1]
         [Termination Attempts: Min: 1, Avg: 1.0, Max: 1, Diff: 0, Sum: 8]
      [GC Worker Other (ms): Min: 0.0, Avg: 0.0, Max: 0.0, Diff: 0.0, Sum: 0.1]
      [GC Worker Total (ms): Min: 2.0, Avg: 2.0, Max: 2.1, Diff: 0.1, Sum: 16.3]
      [GC Worker End (ms): Min: 1087.0, Avg: 1087.0, Max: 1087.0, Diff: 0.0]
   [Code Root Fixup: 0.0 ms]
   [Code Root Purge: 0.0 ms]
   [Clear CT: 0.1 ms]
   [Other: 0.4 ms]
      [Choose CSet: 0.0 ms]
      [Ref Proc: 0.1 ms]
      [Ref Enq: 0.0 ms]
      [Redirty Cards: 0.1 ms]
      [Humongous Register: 0.1 ms]
      [Humongous Reclaim: 0.0 ms]
      [Free CSet: 0.0 ms]
   [Eden: 24.0M(24.0M)->0.0B(21.0M) Survivors: 1024.0K->4096.0K Heap: 402.7M(512.0M)->381.5M(512.0M)]
 [Times: user=0.00 sys=0.00, real=0.00 secs] 
2021-01-20T22:02:15.463+0800: 1.093: [GC pause (G1 Evacuation Pause) (mixed), 0.0058050 secs]
   [Parallel Time: 5.0 ms, GC Workers: 8]
      [GC Worker Start (ms): Min: 1093.3, Avg: 1093.4, Max: 1093.6, Diff: 0.3]
      [Ext Root Scanning (ms): Min: 0.0, Avg: 0.2, Max: 0.3, Diff: 0.3, Sum: 1.5]
      [Update RS (ms): Min: 0.5, Avg: 0.5, Max: 0.5, Diff: 0.0, Sum: 4.0]
         [Processed Buffers: Min: 4, Avg: 6.6, Max: 9, Diff: 5, Sum: 53]
      [Scan RS (ms): Min: 0.0, Avg: 0.0, Max: 0.0, Diff: 0.0, Sum: 0.2]
      [Code Root Scanning (ms): Min: 0.0, Avg: 0.0, Max: 0.0, Diff: 0.0, Sum: 0.0]
      [Object Copy (ms): Min: 4.0, Avg: 4.1, Max: 4.1, Diff: 0.1, Sum: 32.6]
      [Termination (ms): Min: 0.0, Avg: 0.1, Max: 0.1, Diff: 0.1, Sum: 0.6]
         [Termination Attempts: Min: 1, Avg: 1.0, Max: 1, Diff: 0, Sum: 8]
      [GC Worker Other (ms): Min: 0.0, Avg: 0.0, Max: 0.0, Diff: 0.0, Sum: 0.1]
      [GC Worker Total (ms): Min: 4.6, Avg: 4.9, Max: 4.9, Diff: 0.3, Sum: 38.9]
      [GC Worker End (ms): Min: 1098.2, Avg: 1098.2, Max: 1098.3, Diff: 0.0]
   [Code Root Fixup: 0.0 ms]
   [Code Root Purge: 0.0 ms]
   [Clear CT: 0.1 ms]
   [Other: 0.7 ms]
      [Choose CSet: 0.0 ms]
      [Ref Proc: 0.1 ms]
      [Ref Enq: 0.0 ms]
      [Redirty Cards: 0.1 ms]
      [Humongous Register: 0.2 ms]
      [Humongous Reclaim: 0.0 ms]
      [Free CSet: 0.1 ms]
   [Eden: 21.0M(21.0M)->0.0B(21.0M) Survivors: 4096.0K->4096.0K Heap: 408.0M(512.0M)->379.8M(512.0M)]
 [Times: user=0.11 sys=0.00, real=0.01 secs] 
Heap
 garbage-first heap   total 524288K, used 390974K [0x00000000e0000000, 0x00000000e0101000, 0x0000000100000000)
  region size 1024K, 7 young (7168K), 4 survivors (4096K)
 Metaspace       used 2627K, capacity 4486K, committed 4864K, reserved 1056768K
  class space    used 290K, capacity 386K, committed 512K, reserved 1048576K
