Java HotSpot(TM) 64-Bit Server VM (25.191-b12) for windows-amd64 JRE (1.8.0_191-b12), built on Oct  6 2018 09:29:03 by "java_re" with MS VC++ 10.0 (VS2010)
Memory: 4k page, physical 8295652k(2948124k free), swap 11884216k(6051524k free)
CommandLine flags: -XX:InitialHeapSize=4294967296 -XX:MaxHeapSize=4294967296 -XX:+PrintGC -XX:+PrintGCDateStamps -XX:+PrintGCDetails -XX:+PrintGCTimeStamps -XX:+UseCompressedClassPointers -XX:+UseCompressedOops -XX:-UseLargePagesIndividualAllocation -XX:+UseParallelGC 
2021-01-20T22:00:59.298+0800: 0.678: [GC (Allocation Failure) [PSYoungGen: 1048576K->174587K(1223168K)] 1048576K->243637K(4019712K), 0.0609472 secs] [Times: user=0.11 sys=0.27, real=0.06 secs] 
2021-01-20T22:00:59.551+0800: 0.930: [GC (Allocation Failure) [PSYoungGen: 1223163K->174583K(1223168K)] 1292213K->373563K(4019712K), 0.1173079 secs] [Times: user=0.28 sys=0.24, real=0.12 secs] 
Heap
 PSYoungGen      total 1223168K, used 491781K [0x000000076ab00000, 0x00000007c0000000, 0x00000007c0000000)
  eden space 1048576K, 30% used [0x000000076ab00000,0x000000077e0c3678,0x00000007aab00000)
  from space 174592K, 99% used [0x00000007b5580000,0x00000007bfffddf0,0x00000007c0000000)
  to   space 174592K, 0% used [0x00000007aab00000,0x00000007aab00000,0x00000007b5580000)
 ParOldGen       total 2796544K, used 198979K [0x00000006c0000000, 0x000000076ab00000, 0x000000076ab00000)
  object space 2796544K, 7% used [0x00000006c0000000,0x00000006cc250eb0,0x000000076ab00000)
 Metaspace       used 2627K, capacity 4486K, committed 4864K, reserved 1056768K
  class space    used 290K, capacity 386K, committed 512K, reserved 1048576K
