Java HotSpot(TM) 64-Bit Server VM (25.191-b12) for windows-amd64 JRE (1.8.0_191-b12), built on Oct  6 2018 09:29:03 by "java_re" with MS VC++ 10.0 (VS2010)
Memory: 4k page, physical 8295652k(2951536k free), swap 9606372k(3907932k free)
CommandLine flags: -XX:InitialHeapSize=536870912 -XX:MaxHeapSize=536870912 -XX:+PrintGC -XX:+PrintGCDateStamps -XX:+PrintGCDetails -XX:+PrintGCTimeStamps -XX:+UseCompressedClassPointers -XX:+UseCompressedOops -XX:-UseLargePagesIndividualAllocation -XX:+UseSerialGC 
2021-01-20T21:51:13.033+0800: 0.200: [GC (Allocation Failure) 2021-01-20T21:51:13.034+0800: 0.201: [DefNew: 139776K->17472K(157248K), 0.0262762 secs] 139776K->41184K(506816K), 0.0273606 secs] [Times: user=0.00 sys=0.03, real=0.03 secs] 
2021-01-20T21:51:13.091+0800: 0.259: [GC (Allocation Failure) 2021-01-20T21:51:13.091+0800: 0.259: [DefNew: 157200K->17471K(157248K), 0.0445015 secs] 180913K->92799K(506816K), 0.0445581 secs] [Times: user=0.02 sys=0.02, real=0.04 secs] 
2021-01-20T21:51:13.161+0800: 0.328: [GC (Allocation Failure) 2021-01-20T21:51:13.161+0800: 0.328: [DefNew: 157197K->17468K(157248K), 0.0394914 secs] 232525K->138933K(506816K), 0.0395772 secs] [Times: user=0.03 sys=0.02, real=0.04 secs] 
2021-01-20T21:51:13.229+0800: 0.397: [GC (Allocation Failure) 2021-01-20T21:51:13.229+0800: 0.397: [DefNew: 157244K->17471K(157248K), 0.0288549 secs] 278709K->179253K(506816K), 0.0289127 secs] [Times: user=0.03 sys=0.00, real=0.03 secs] 
2021-01-20T21:51:13.285+0800: 0.451: [GC (Allocation Failure) 2021-01-20T21:51:13.285+0800: 0.451: [DefNew: 157247K->17471K(157248K), 0.0359782 secs] 319029K->231876K(506816K), 0.0360685 secs] [Times: user=0.02 sys=0.02, real=0.03 secs] 
2021-01-20T21:51:13.347+0800: 0.514: [GC (Allocation Failure) 2021-01-20T21:51:13.347+0800: 0.514: [DefNew: 157247K->17470K(157248K), 0.0328306 secs] 371652K->277688K(506816K), 0.0328859 secs] [Times: user=0.03 sys=0.00, real=0.03 secs] 
2021-01-20T21:51:13.404+0800: 0.571: [GC (Allocation Failure) 2021-01-20T21:51:13.404+0800: 0.571: [DefNew: 157246K->17471K(157248K), 0.0335586 secs] 417464K->322506K(506816K), 0.0336267 secs] [Times: user=0.02 sys=0.02, real=0.03 secs] 
2021-01-20T21:51:13.460+0800: 0.627: [GC (Allocation Failure) 2021-01-20T21:51:13.460+0800: 0.627: [DefNew: 157247K->157247K(157248K), 0.0000285 secs]2021-01-20T21:51:13.460+0800: 0.627: [Tenured: 305034K->259388K(349568K), 0.0552063 secs] 462282K->259388K(506816K), [Metaspace: 2621K->2621K(1056768K)], 0.0553409 secs] [Times: user=0.06 sys=0.00, real=0.06 secs] 
2021-01-20T21:51:13.543+0800: 0.710: [GC (Allocation Failure) 2021-01-20T21:51:13.543+0800: 0.710: [DefNew: 139776K->17471K(157248K), 0.0083316 secs] 399164K->301811K(506816K), 0.0083853 secs] [Times: user=0.01 sys=0.00, real=0.01 secs] 
2021-01-20T21:51:13.575+0800: 0.742: [GC (Allocation Failure) 2021-01-20T21:51:13.575+0800: 0.742: [DefNew: 157247K->17468K(157248K), 0.0279351 secs] 441587K->353962K(506816K), 0.0280054 secs] [Times: user=0.02 sys=0.00, real=0.03 secs] 
2021-01-20T21:51:13.630+0800: 0.797: [GC (Allocation Failure) 2021-01-20T21:51:13.630+0800: 0.797: [DefNew: 157244K->157244K(157248K), 0.0000176 secs]2021-01-20T21:51:13.630+0800: 0.797: [Tenured: 336493K->300881K(349568K), 0.0633526 secs] 493738K->300881K(506816K), [Metaspace: 2621K->2621K(1056768K)], 0.0634508 secs] [Times: user=0.06 sys=0.00, real=0.06 secs] 
2021-01-20T21:51:13.716+0800: 0.883: [GC (Allocation Failure) 2021-01-20T21:51:13.716+0800: 0.883: [DefNew: 139776K->139776K(157248K), 0.0000165 secs]2021-01-20T21:51:13.716+0800: 0.883: [Tenured: 300881K->315494K(349568K), 0.0713085 secs] 440657K->315494K(506816K), [Metaspace: 2621K->2621K(1056768K)], 0.0713931 secs] [Times: user=0.06 sys=0.00, real=0.07 secs] 
2021-01-20T21:51:13.810+0800: 0.978: [GC (Allocation Failure) 2021-01-20T21:51:13.810+0800: 0.978: [DefNew: 139613K->139613K(157248K), 0.0000165 secs]2021-01-20T21:51:13.810+0800: 0.978: [Tenured: 315494K->313189K(349568K), 0.0867617 secs] 455108K->313189K(506816K), [Metaspace: 2621K->2621K(1056768K)], 0.0868480 secs] [Times: user=0.08 sys=0.00, real=0.09 secs] 
Heap
 def new generation   total 157248K, used 133880K [0x00000000e0000000, 0x00000000eaaa0000, 0x00000000eaaa0000)
  eden space 139776K,  95% used [0x00000000e0000000, 0x00000000e82be3d0, 0x00000000e8880000)
  from space 17472K,   0% used [0x00000000e9990000, 0x00000000e9990000, 0x00000000eaaa0000)
  to   space 17472K,   0% used [0x00000000e8880000, 0x00000000e8880000, 0x00000000e9990000)
 tenured generation   total 349568K, used 313189K [0x00000000eaaa0000, 0x0000000100000000, 0x0000000100000000)
   the space 349568K,  89% used [0x00000000eaaa0000, 0x00000000fdc79438, 0x00000000fdc79600, 0x0000000100000000)
 Metaspace       used 2627K, capacity 4486K, committed 4864K, reserved 1056768K
  class space    used 290K, capacity 386K, committed 512K, reserved 1048576K
